#F1	0.8642242176781503
#Accuracy	0.871
i,time,loss,Accuracy,F1
100,1.2684767246246338,2.90456937789917,,
200,1.7590200901031494,2.8290704798698427,,
300,2.2360494136810303,2.807846529483795,,
400,2.688415288925171,2.8542302536964415,,
500,3.140012741088867,2.8447837793827055,,
600,3.5867273807525635,2.7990993452072144,,
700,4.028322219848633,2.812863013744354,,
800,4.462666749954224,2.780807695388794,,
900,4.90165901184082,2.8204687094688414,,
1000,5.352032899856567,2.841978874206543,0.1,0.009569377990430622
1100,6.556820631027222,2.8350269532203676,,
1200,7.012598037719727,2.7932980060577393,,
1300,7.495206594467163,2.7814448833465577,,
1400,7.988276481628418,2.7084416913986207,,
1500,8.487679719924927,2.769931442737579,,
1600,8.97196102142334,2.725345878601074,,
1700,9.443562269210815,2.7602469396591185,,
1800,9.917612314224243,2.763630449771881,,
1900,10.390578031539917,2.6949921083450317,,
2000,10.872729301452637,2.6881403279304505,0.068,0.01933828969187539
2100,12.089629888534546,2.6645136404037477,,
2200,12.551875114440918,2.5817525279521942,,
2300,13.016134262084961,2.5136451506614685,,
2400,13.477751016616821,2.4693079936504363,,
2500,13.93231201171875,2.504732129573822,,
2600,14.369636535644531,2.493879940509796,,
2700,14.803956270217896,2.4793990540504454,,
2800,15.247058629989624,2.390205626487732,,
2900,15.694928646087646,2.3942909348011017,,
3000,16.14426064491272,2.3316101205348967,0.198,0.1116228209345682
3100,17.315319776535034,2.2797607147693633,,
3200,17.755294799804688,2.315444700717926,,
3300,18.194019079208374,2.3198805117607115,,
3400,18.62090802192688,2.1547551596164705,,
3500,19.043280363082886,2.2424653071165084,,
3600,19.4781391620636,2.1635799801349638,,
3700,19.935596704483032,2.1609829366207123,,
3800,20.375917196273804,2.1416513466835023,,
3900,20.81787133216858,2.226598335504532,,
4000,21.267407417297363,2.071668791770935,0.202,0.12375741175946939
4100,22.35911512374878,2.133815120458603,,
4200,22.778117895126343,2.077031750679016,,
4300,23.19294548034668,2.151641390323639,,
4400,23.616092443466187,2.0152958166599273,,
4500,24.048810720443726,1.9477037435770035,,
4600,24.483346462249756,2.0025091934204102,,
4700,24.91831684112549,2.0077083241939544,,
4800,25.373099088668823,2.057477269768715,,
4900,25.834311485290527,2.0109971845149994,,
5000,26.32413911819458,2.0289623248577118,0.258,0.20560154928863866
5100,27.568800926208496,1.8839003306627273,,
5200,28.03699803352356,2.028560163974762,,
5300,28.52085280418396,2.098770921230316,,
5400,29.002697706222534,1.9997135746479033,,
5500,29.48628044128418,1.9265879583358765,,
5600,29.96673345565796,1.8873201251029967,,
5700,30.44258451461792,1.9036010533571244,,
5800,30.92168688774109,1.8380594778060912,,
5900,31.403196811676025,1.8957949763536452,,
6000,31.889438152313232,1.819298723936081,0.266,0.2117081852609084
6100,33.11202526092529,1.9732994437217712,,
6200,33.569400787353516,1.9754337000846862,,
6300,34.02957057952881,1.8287429928779602,,
6400,34.49044919013977,1.8673986780643463,,
6500,34.94780230522156,1.805488382577896,,
6600,35.401954889297485,1.8764031493663789,,
6700,35.87031674385071,1.8758685499429704,,
6800,36.32761740684509,1.8552683132886887,,
6900,36.775211334228516,1.8726490277051926,,
7000,37.21277570724487,1.7420611134171486,0.346,0.33131439870228635
7100,38.36610460281372,1.8763720327615738,,
7200,38.80585598945618,1.8531685423851014,,
7300,39.2501106262207,1.7236077201366424,,
7400,39.68080806732178,1.7528111124038697,,
7500,40.106379985809326,1.7360640156269074,,
7600,40.534626722335815,1.7231884855031967,,
7700,40.95755934715271,1.7635404005646707,,
7800,41.3930926322937,1.7163525116443634,,
7900,41.82626724243164,1.7852839402854443,,
8000,42.26851010322571,1.8447063440084457,0.316,0.27908476992571374
8100,43.50267815589905,1.606155760884285,,
8200,43.958420515060425,1.6999640572071075,,
8300,44.41113543510437,1.5884260123968124,,
8400,44.84330129623413,1.5877172869443894,,
8500,45.293763637542725,1.6159216517210007,,
8600,45.72568154335022,1.5889464035630225,,
8700,46.165873527526855,1.5482433965802194,,
8800,46.61817121505737,1.5083623203635215,,
8900,47.07545566558838,1.4942927342653274,,
9000,47.53402900695801,1.555737305879593,0.416,0.3661590912359818
9100,48.78091621398926,1.6287441056966783,,
9200,49.25173878669739,1.4887192004919052,,
9300,49.72095775604248,1.5333349812030792,,
9400,50.21373200416565,1.4758130156993865,,
9500,50.68180704116821,1.6114291542768477,,
9600,51.140806913375854,1.5604288801550865,,
9700,51.584211349487305,1.4926617014408112,,
9800,52.020776987075806,1.3560551448166371,,
9900,52.45554256439209,1.4909454220533371,,
10000,52.8934440612793,1.5717010590434075,0.534,0.5612998369518988
10100,54.06874418258667,1.4399522314965725,,
10200,54.513126373291016,1.3678211969137193,,
10300,54.96249461174011,1.3199781426787376,,
10400,55.39584755897522,1.4588173258304595,,
10500,55.83585715293884,1.4941594222187995,,
10600,56.27770781517029,1.3376920947432518,,
10700,56.71261954307556,1.2825683349370955,,
10800,57.15151238441467,1.2812643203139304,,
10900,57.579607248306274,1.2222700116038323,,
11000,58.026033878326416,1.2318415647745133,0.518,0.4977605012653182
11100,59.185711145401,1.318342975974083,,
11200,59.607216596603394,1.2856919119507075,,
11300,60.03064155578613,1.1633636936545373,,
11400,60.47504544258118,1.1937822256982327,,
11500,60.93940210342407,1.1658817426860333,,
11600,61.39518332481384,1.2606158469617368,,
11700,61.84334897994995,1.2479255877435207,,
11800,62.307586431503296,1.1982270747423172,,
11900,62.776472091674805,1.134099097698927,,
12000,63.23967671394348,1.2170715794712306,0.634,0.6447245892039035
12100,64.45386481285095,1.2120021784305572,,
12200,64.9110221862793,1.2425866448879241,,
12300,65.38082098960876,1.1606656189262867,,
12400,65.87172603607178,1.1716414359211922,,
12500,66.34459018707275,0.9995190881192684,,
12600,66.81597661972046,1.1575620389729737,,
12700,67.30127024650574,1.0277603422105313,,
12800,67.78028082847595,1.0583532168343663,,
12900,68.25280833244324,1.0666759645566344,,
13000,68.7374496459961,1.1563824981451034,0.698,0.691375956864762
13100,69.98450326919556,1.1298788218852132,,
13200,70.4537935256958,1.016403439193964,,
13300,70.89835238456726,0.9757920112088323,,
13400,71.33941006660461,0.9101246525347233,,
13500,71.79416608810425,0.966927347779274,,
13600,72.25745177268982,1.027907702885568,,
13700,72.70887327194214,1.0457178793847561,,
13800,73.1560583114624,0.9911379285901785,,
13900,73.62237405776978,1.1288831235840917,,
14000,74.05948424339294,0.8688090943358838,0.718,0.7116025105291934
14100,75.183180809021,0.9646284511312843,,
14200,75.63411927223206,0.8106307174637913,,
14300,76.08111095428467,0.9191293559037149,,
14400,76.53285574913025,0.9681329177692533,,
14500,76.9649248123169,1.0386810037493706,,
14600,77.39974522590637,1.1264856293797494,,
14700,77.86117577552795,0.8549296708405018,,
14800,78.30324983596802,1.1294504611939191,,
14900,78.74295997619629,0.8073875274881721,,
15000,79.18264389038086,0.9206356067955493,0.714,0.710389608429503
15100,80.38448095321655,0.8221142348088324,,
15200,80.84620904922485,0.8715796199254692,,
15300,81.31608366966248,0.9638455234933645,,
15400,81.871267080307,0.7763695791456848,,
15500,82.40191340446472,1.0519851686619222,,
15600,82.88467955589294,0.8979759728908538,,
15700,83.35198426246643,0.8010488523356617,,
15800,83.8191590309143,0.9006111128255725,,
15900,84.31038641929626,0.7730171636492014,,
16000,84.80508995056152,0.9245549766533077,0.754,0.7499705787531595
16100,86.06983852386475,0.941329597979784,,
16200,86.54037165641785,0.842404435351491,,
16300,87.01026678085327,0.6934967597783543,,
16400,87.49406552314758,0.7763950776681304,,
16500,87.97012615203857,0.9916658076830208,,
16600,88.4395477771759,0.924197720810771,,
16700,88.90084385871887,0.7436343345232308,,
16800,89.36849427223206,0.8344113561697304,,
16900,89.81128144264221,0.8678371498174965,,
17000,90.25340175628662,0.8481815230473876,0.752,0.7332975301116011
17100,91.43149018287659,0.7812416623719036,,
17200,91.88305521011353,0.7474116549314931,,
17300,92.30534529685974,0.9070015918277204,,
17400,92.73916792869568,0.767056771889329,,
17500,93.1521065235138,0.7180401977710426,,
17600,93.56294775009155,0.5708835067600012,,
17700,93.9904375076294,0.7402779719419778,,
17800,94.42506551742554,0.7373006058856845,,
17900,94.86234974861145,0.7707272973656655,,
18000,95.28365135192871,0.6535558480396867,0.772,0.7709603496326408
18100,96.45263814926147,0.7594229724258185,,
18200,96.89286422729492,0.5711548982188106,,
18300,97.31574034690857,0.6993869884591549,,
18400,97.76295781135559,0.7433750178664923,,
18500,98.21436858177185,0.7633179608359932,,
18600,98.66306734085083,0.7582044618576765,,
18700,99.10962581634521,0.7572042276524007,,
18800,99.5483193397522,0.6375642512924969,,
18900,100.01367259025574,0.8652024844661355,,
19000,100.47355246543884,0.7312264212965965,0.802,0.8049162119352186
19100,101.70658946037292,0.5614010285865515,,
19200,102.17317700386047,0.8508390686754137,,
19300,102.65020847320557,0.7872136736102402,,
19400,103.12232422828674,0.6707562087848783,,
19500,103.60273122787476,0.5546885940665379,,
19600,104.08579564094543,0.5931497959047556,,
19700,104.56250596046448,0.6694383119791746,,
19800,105.0475537776947,0.8182180391252041,,
19900,105.52398490905762,0.7412786062806844,,
20000,105.99057269096375,0.6874424443207681,0.84,0.8143024871039192
20100,107.26072478294373,0.4793556360621005,,
20200,107.77727770805359,0.6533449170086533,,
20300,108.30418705940247,0.5425918786972761,,
20400,108.8247754573822,0.6801650746539235,,
20500,109.3548276424408,0.7290436353720725,,
20600,109.84687304496765,0.7277329620858655,,
20700,110.35211706161499,0.6213556009717286,,
20800,110.8909215927124,0.6409505108091981,,
20900,111.44131803512573,0.728589590638876,,
21000,111.95031118392944,0.7708911680430174,0.828,0.8062578726515991
21100,113.28251481056213,0.680456024426967,,
21200,113.77128529548645,0.5999382182536647,,
21300,114.26375555992126,0.564654144719243,,
21400,114.77391362190247,0.7592715134471655,,
21500,115.22118377685547,0.4846330589428544,,
21600,115.65364933013916,0.6827474419120699,,
21700,116.07941389083862,0.798390765991062,,
21800,116.51312589645386,0.5262619496462867,,
21900,116.97486400604248,0.5757370781060308,,
22000,117.424733877182,0.6028028070554137,0.8,0.7996022832553173
22100,118.68179249763489,0.7511019465047866,,
22200,119.15107536315918,0.5722622106876224,,
22300,119.61379361152649,0.5826821616198867,,
22400,120.09393787384033,0.5903278598608449,,
22500,120.5574266910553,0.5138927234755829,,
22600,121.04539322853088,0.7077449761517346,,
22700,121.51152658462524,0.6661799627449363,,
22800,121.9806809425354,0.5643668080377392,,
22900,122.4980103969574,0.581688114432618,,
23000,123.03709363937378,0.5899130966514349,0.814,0.7877766031386255
23100,124.32784962654114,0.5461376042477787,,
23200,124.80450010299683,0.5904047101922333,,
23300,125.28711199760437,0.7195930641144515,,
23400,125.77751183509827,0.5648034625127911,,
23500,126.26170706748962,0.5680170881003141,,
23600,126.8299970626831,0.4993767804000527,,
23700,127.3849287033081,0.6036293917987495,,
23800,127.86223578453064,0.5114461835287512,,
23900,128.30625414848328,0.583181330054067,,
24000,128.75196719169617,0.518779065425042,0.84,0.8309718475387982
24100,129.9158627986908,0.4798872927436605,,
24200,130.36277651786804,0.6130859437957406,,
24300,130.82115173339844,0.5684730732813478,,
24400,131.34052777290344,0.7094267475511878,,
24500,131.86098265647888,0.5357624085992575,,
24600,132.3713264465332,0.6380336537165567,,
24700,132.90225291252136,0.6539271719846874,,
24800,133.35875868797302,0.48222460528835653,,
24900,133.80664157867432,0.6201889253500849,,
25000,134.23751139640808,0.4302845593448728,0.832,0.8283025844555134
25100,135.47582507133484,0.4654989253217354,,
25200,136.07276344299316,0.635101331952028,,
25300,136.6414864063263,0.5660538395494222,,
25400,137.15627431869507,0.4739319302793592,,
25500,137.61477875709534,0.5651275241188705,,
25600,138.15458703041077,0.45164571406319737,,
25700,138.6894018650055,0.5271073898114264,,
25800,139.16251635551453,0.47762736374977977,,
25900,139.64064407348633,0.6535948712565005,,
26000,140.1176426410675,0.562195235081017,0.85,0.8537009280486634
26100,141.36148118972778,0.6235221364442259,,
26200,141.82724714279175,0.5901854208484292,,
26300,142.30829691886902,0.5374595907144248,,
26400,142.78238344192505,0.35033396612852813,,
26500,143.25836777687073,0.6557785934209823,,
26600,143.72803616523743,0.43534258014609806,,
26700,144.21574473381042,0.5963723303563893,,
26800,144.68182349205017,0.6875440633296966,,
26900,145.1420407295227,0.6098732693307102,,
27000,145.59340929985046,0.46036501177586614,0.85,0.8468623768413426
27100,146.79185438156128,0.43524268351960926,,
27200,147.2221143245697,0.67745247120969,,
27300,147.65244841575623,0.5692775853839703,,
27400,148.16333198547363,0.642147449767217,,
27500,148.7068154811859,0.5604316280735656,,
27600,149.25827145576477,0.5680465285480022,,
27700,149.76649951934814,0.5794282076181844,,
27800,150.2310619354248,0.6230140641797334,,
27900,150.67967295646667,0.511008087983355,,
28000,151.18451380729675,0.4754488995007705,0.818,0.8151157271710527
28100,152.51282572746277,0.49386710875667633,,
28200,153.01710176467896,0.4885725109744817,,
28300,153.53198409080505,0.6280173198413104,,
28400,154.01614451408386,0.5860342776402832,,
28500,154.46647953987122,0.5601434135902673,,
28600,154.91752672195435,0.511814298024401,,
28700,155.3652629852295,0.5074183876439929,,
28800,155.8108036518097,0.4891947881458327,,
28900,156.25538396835327,0.49609545721439646,,
29000,156.71482849121094,0.6351708440296352,0.83,0.8350735118196366
29100,157.9744188785553,0.5156440531089902,,
29200,158.44082355499268,0.5299279516190291,,
29300,158.9064335823059,0.47660350271267815,,
29400,159.37357139587402,0.4399383072066121,,
29500,159.83667063713074,0.5168728260823992,,
29600,160.31636142730713,0.5327477812115103,,
29700,160.8707549571991,0.43169455240480603,,
29800,161.4311215877533,0.6115528033860028,,
29900,161.94672656059265,0.5754445910826326,,
30000,162.42675805091858,0.5245280934683979,0.848,0.8200359762218077