#F1	0.8541438685386273
#Accuracy	0.8592
i,time,loss,Accuracy,F1
100,0.7212109565734863,2.918712122440338,,
200,1.2193398475646973,2.874969780445099,,
300,1.647540807723999,2.815378360748291,,
400,2.114919662475586,2.8852066087722776,,
500,2.6329092979431152,2.8427526497840883,,
600,3.1320438385009766,2.800023491382599,,
700,3.735474109649658,2.817399125099182,,
800,4.237747669219971,2.8733169078826903,,
900,4.700567245483398,2.8233426237106323,,
1000,5.326957702636719,2.881872477531433,0.1,0.009604302727621975
1100,6.507110118865967,2.8369739508628844,,
1200,7.158500909805298,2.801561417579651,,
1300,7.719153881072998,2.8440443229675294,,
1400,8.262158393859863,2.8123503851890566,,
1500,8.843576192855835,2.7799178528785706,,
1600,9.507169485092163,2.8221410369873046,,
1700,9.953675508499146,2.752220058441162,,
1800,10.53916597366333,2.7467496895790102,,
1900,11.20789647102356,2.788732271194458,,
2000,11.78871202468872,2.760224039554596,0.078,0.01684979623611287
2100,13.20641803741455,2.7513535976409913,,
2200,13.911768913269043,2.7165465354919434,,
2300,14.571430206298828,2.79788232088089,,
2400,15.234879970550537,2.7686814212799074,,
2500,15.896391868591309,2.7644948983192443,,
2600,16.493762969970703,2.719457223415375,,
2700,17.18644952774048,2.731460292339325,,
2800,17.918419361114502,2.702484474182129,,
2900,18.396690130233765,2.6634733045101164,,
3000,19.02185082435608,2.6404185914993286,0.142,0.05799036272256826
3100,20.866486310958862,2.597242661714554,,
3200,21.55109715461731,2.6132385087013246,,
3300,22.171730518341064,2.5531103372573853,,
3400,22.73758339881897,2.5166570270061492,,
3500,23.359118223190308,2.5116941487789153,,
3600,23.948403358459473,2.465297725200653,,
3700,24.557467699050903,2.4477379870414735,,
3800,25.386841773986816,2.4274741876125336,,
3900,25.885706424713135,2.319437502622604,,
4000,26.345991373062134,2.3099866557121276,0.146,0.08984012178479324
4100,27.855820655822754,2.3411083006858826,,
4200,28.348289012908936,2.286533033847809,,
4300,28.91212296485901,2.394582829475403,,
4400,29.478824377059937,2.228629618883133,,
4500,30.080346822738647,2.229114958047867,,
4600,30.649799585342407,2.2522555208206176,,
4700,31.36006450653076,2.121666259765625,,
4800,31.949034929275513,2.258229694366455,,
4900,32.5175998210907,2.2387542080879212,,
5000,33.07463979721069,2.146061673164368,0.244,0.17307355267990002
5100,34.47017812728882,2.1414144706726073,,
5200,34.90596580505371,2.111466361284256,,
5300,35.41612696647644,2.0492387509346006,,
5400,35.9190673828125,2.1491139662265777,,
5500,36.5422146320343,2.09586984038353,,
5600,37.1048367023468,2.0410212874412537,,
5700,37.63640809059143,1.9967675465345383,,
5800,38.122756481170654,2.0173047125339507,,
5900,38.79962134361267,2.0455214881896975,,
6000,39.43447661399841,2.093335744142532,0.266,0.21343832196433357
6100,40.84070944786072,2.063351881504059,,
6200,41.38618731498718,2.0788302767276763,,
6300,42.00502038002014,1.963241344690323,,
6400,42.558297634124756,2.0081950509548188,,
6500,43.05459642410278,1.9608250176906585,,
6600,43.64951992034912,1.9030338549613952,,
6700,44.17938017845154,1.8309572160243988,,
6800,44.74958300590515,1.9944719851016999,,
6900,45.311978578567505,2.0116016733646394,,
7000,45.76755332946777,1.8997372251749038,0.292,0.3057914452468434
7100,47.019503355026245,1.8940298837423324,,
7200,47.6008825302124,1.9151568692922591,,
7300,48.089913845062256,1.978446140885353,,
7400,48.57940149307251,1.759914610683918,,
7500,49.02020835876465,1.919052582383156,,
7600,49.46526002883911,1.983796670436859,,
7700,50.08428645133972,1.9059502804279327,,
7800,50.64958834648132,1.848532981276512,,
7900,51.20655560493469,1.7571320724487305,,
8000,51.75361514091492,1.7691676306724549,0.324,0.27196631223032436
8100,52.975908279418945,1.8607637083530426,,
8200,53.53427839279175,1.861353240609169,,
8300,53.97771453857422,1.7898003524541855,,
8400,54.589107036590576,1.8249996799230574,,
8500,55.387309551239014,1.805633514523506,,
8600,56.083340644836426,1.8692325013875961,,
8700,56.90009665489197,1.8685075432062148,,
8800,57.5251579284668,1.8105749905109405,,
8900,58.1377387046814,1.7360980531573296,,
9000,58.79156517982483,1.7925314652919768,0.354,0.35845050724750815
9100,60.431509494781494,1.6950295376777649,,
9200,61.01142454147339,1.7147768557071685,,
9300,61.60536289215088,1.6036655649542808,,
9400,62.20217442512512,1.7854236799478531,,
9500,62.68894648551941,1.8720675015449524,,
9600,63.31090259552002,1.7122859400510788,,
9700,63.966938495635986,1.6333756217360496,,
9800,64.57309937477112,1.6943182522058486,,
9900,65.14431071281433,1.672961174249649,,
10000,65.70151042938232,1.6728628394007683,0.408,0.4013353477768174
10100,67.21501183509827,1.5699410593509675,,
10200,67.91407465934753,1.6824542927742003,,
10300,68.69394636154175,1.6343478602170944,,
10400,69.24553680419922,1.671357686519623,,
10500,69.75601124763489,1.645216937959194,,
10600,70.32149195671082,1.582141511440277,,
10700,70.79415035247803,1.6248267775774001,,
10800,71.31573009490967,1.5966843205690384,,
10900,71.74198317527771,1.6390446251630784,,
11000,72.17720103263855,1.5654251208901406,0.452,0.4470534985937686
11100,73.30219030380249,1.5300891309976579,,
11200,73.82513046264648,1.5461818039417268,,
11300,74.34254193305969,1.590905946046114,,
11400,74.9145040512085,1.5220213255286217,,
11500,75.52902936935425,1.539277763068676,,
11600,75.99705123901367,1.485523457825184,,
11700,76.55643820762634,1.6437971577048303,,
11800,77.00131678581238,1.5814948055148124,,
11900,77.63372993469238,1.5410927659273148,,
12000,78.1542284488678,1.6240017277002334,0.43,0.45188683922173073
12100,79.504314661026,1.5739276441931724,,
12200,80.16316676139832,1.4775436499714851,,
12300,80.86262941360474,1.4141017878055573,,
12400,81.54591846466064,1.4365530359745025,,
12500,82.30293822288513,1.5215974462032318,,
12600,82.85850286483765,1.3328714600205422,,
12700,83.47838616371155,1.3502849540114403,,
12800,84.04099345207214,1.3772333842515945,,
12900,84.65618753433228,1.2640529197454453,,
13000,85.22907280921936,1.3932667437195778,0.554,0.5601259108065427
13100,87.00111865997314,1.377224235534668,,
13200,87.55618453025818,1.291948166191578,,
13300,88.21892523765564,1.4241687542200088,,
13400,88.70759558677673,1.3283624422550202,,
13500,89.3736891746521,1.4608166283369064,,
13600,89.84738898277283,1.2103064182400702,,
13700,90.26556205749512,1.4061989741027354,,
13800,90.68582653999329,1.2020091077685355,,
13900,91.12294340133667,1.3103007928282022,,
14000,91.61441493034363,1.518302716165781,0.572,0.5429769715081555
14100,93.00987267494202,1.3581726908683778,,
14200,93.5737817287445,1.1919949619472028,,
14300,94.12049555778503,1.2409885938465595,,
14400,94.57645606994629,1.1783497706800699,,
14500,95.03788757324219,1.3345335778594016,,
14600,95.67809581756592,1.127352844774723,,
14700,96.31930875778198,1.1660490596666933,,
14800,96.89303302764893,1.2463878156244754,,
14900,97.34994316101074,1.0645784252509474,,
15000,97.88842988014221,1.166118700094521,0.596,0.5871829748040468
15100,99.54497456550598,1.2016269478201866,,
15200,99.99135708808899,1.2475572187080979,,
15300,100.41885566711426,1.0079675067961216,,
15400,100.85021805763245,1.0844843000546098,,
15500,101.28215098381042,1.1439247097820044,,
15600,101.79303216934204,1.143382674753666,,
15700,102.33280873298645,1.1102765607088805,,
15800,102.82846856117249,1.2490703689306974,,
15900,103.33526372909546,1.1906877663731574,,
16000,103.79391837120056,0.9080486115440727,0.626,0.624400862340666
16100,105.15812587738037,1.076396297737956,,
16200,105.8514199256897,1.0700302942097186,,
16300,106.40487051010132,1.0309130089730025,,
16400,106.97948908805847,1.116024647951126,,
16500,107.43651342391968,1.055284716077149,,
16600,107.99602675437927,1.2260831409692765,,
16700,108.4924168586731,1.0800896472856403,,
16800,109.07276892662048,1.0628419414162635,,
16900,109.58900117874146,0.9399277610704303,,
17000,110.1256947517395,1.06295669965446,0.664,0.6249086980477158
17100,111.57537579536438,1.0927462050318717,,
17200,112.14741778373718,0.906686469502747,,
17300,112.71594953536987,1.0422825489193202,,
17400,113.4350414276123,1.1041657446324826,,
17500,114.02202153205872,0.9197130608558655,,
17600,114.62588810920715,0.9801591247133911,,
17700,115.28338408470154,0.8670063082501293,,
17800,115.87856221199036,1.1517174746096135,,
17900,116.65040969848633,0.9498283140361309,,
18000,117.25588345527649,0.9816430834680796,0.616,0.6410917177652528
18100,118.75683093070984,1.1730508568137885,,
18200,119.22906160354614,0.9397900944575668,,
18300,119.77299094200134,1.1694838187098504,,
18400,120.33909034729004,0.9929737891256809,,
18500,121.01191639900208,0.9363152502477169,,
18600,121.69073748588562,0.9680037192441523,,
18700,122.31663990020752,0.9163947204127908,,
18800,122.93635582923889,1.102883519232273,,
18900,123.50881361961365,0.89270243935287,,
19000,124.01188945770264,0.7950065538659692,0.676,0.6739688132442364
19100,125.66677856445312,1.1057945748791098,,
19200,126.47069025039673,0.822975674495101,,
19300,127.08958339691162,0.8790265289880336,,
19400,127.79279041290283,0.9021532270032913,,
19500,128.28956079483032,1.030768539328128,,
19600,128.91717910766602,0.9894681496173143,,
19700,129.50336170196533,0.9712139290571212,,
19800,129.9526011943817,0.934721360206604,,
19900,130.56184577941895,0.9247281026095152,,
20000,131.14753007888794,0.9889168091863394,0.7,0.675971025108562
20100,132.4515826702118,0.9442896593362093,,
20200,133.02963948249817,0.8520639503002166,,
20300,133.4646201133728,0.9775165380910039,,
20400,133.93158149719238,0.9771367643401027,,
20500,134.38626980781555,0.7481464208662509,,
20600,135.01565599441528,0.7723504899069666,,
20700,135.7922990322113,1.0430324729904532,,
20800,136.54066681861877,0.9018780224025249,,
20900,137.166273355484,0.8790709327533841,,
21000,137.88279938697815,0.836755125708878,0.758,0.7796840308973492
21100,139.30445623397827,1.0677005822211505,,
21200,139.87599802017212,0.9352811741828918,,
21300,140.5436351299286,0.7971892373263836,,
21400,141.2158706188202,1.1604519812390208,,
21500,141.78802108764648,0.8951618523150683,,
21600,142.462082862854,0.8764039457403123,,
21700,143.08519077301025,0.8875948127359152,,
21800,143.65142846107483,0.938324963003397,,
21900,144.1637282371521,0.796268832758069,,
22000,144.71374130249023,0.8809937148168683,0.702,0.7128400658896012
22100,146.31275343894958,0.9274116857908666,,
22200,146.81646275520325,0.8084126371145248,,
22300,147.30483031272888,0.920365479150787,,
22400,147.77209615707397,0.7075351663865149,,
22500,148.22672772407532,0.8116188511438668,,
22600,148.7576127052307,0.9206462657824158,,
22700,149.32378244400024,0.8317956165224314,,
22800,149.83343195915222,0.7376163169369101,,
22900,150.4223289489746,0.8598710661008954,,
23000,150.98037266731262,0.7871471500396728,0.738,0.7263252130832129
23100,152.36259698867798,0.8521538108959794,,
23200,152.8959927558899,0.8333591305091977,,
23300,153.37593960762024,0.7953089626133442,,
23400,154.0148491859436,0.8714122482296079,,
23500,154.70331740379333,0.8324977535381913,,
23600,155.37067079544067,0.852727475091815,,
23700,155.87054204940796,0.837859704028815,,
23800,156.45791149139404,0.8352908948808908,,
23900,156.9257516860962,0.8053259077295661,,
24000,157.38144540786743,0.9510512763634325,0.732,0.738819135244644
24100,158.7107903957367,0.7847540310770273,,
24200,159.1458866596222,0.7226253415178507,,
24300,159.77910828590393,0.7192126886453479,,
24400,160.46420669555664,0.6456805761158466,,
24500,161.11405849456787,0.6764589229412377,,
24600,161.73273730278015,0.8712796099483967,,
24700,162.38250279426575,0.8965904576517641,,
24800,163.03573322296143,0.7171326172724366,,
24900,163.6281225681305,0.6471093524247408,,
25000,164.18751311302185,0.7602848886046558,0.77,0.7905887240146359
25100,166.03537034988403,0.7458498777635395,,
25200,166.436705827713,0.8250682795513421,,
25300,166.95266437530518,0.7202808620687574,,
25400,167.50866770744324,0.7271513974666596,,
25500,168.09623336791992,0.7713869868405163,,
25600,168.74852633476257,0.7468151670508086,,
25700,169.28260159492493,0.7783115182444453,,
25800,169.7798867225647,0.665815124027431,,
25900,170.28344631195068,0.730505602681078,,
26000,170.8335943222046,0.818581718672067,0.738,0.7346819619788896
26100,172.18831706047058,0.7828828862123192,,
26200,172.7349214553833,0.7250170342251658,,
26300,173.2937729358673,0.7774012091010809,,
26400,173.86081886291504,0.7869476724229753,,
26500,174.34362483024597,0.7017034743353725,,
26600,175.0125117301941,0.8397631745040417,,
26700,175.72721433639526,0.8573326257243753,,
26800,176.46072483062744,0.7274196626059711,,
26900,177.1346573829651,0.7587147705536336,,
27000,177.79559111595154,0.7805096278525889,0.728,0.709476775259624
27100,179.21273231506348,0.7514932771027089,,
27200,179.69167399406433,0.696482416652143,,
27300,180.1763870716095,0.7109287428623066,,
27400,180.6461317539215,0.6738905717432498,,
27500,181.23226237297058,0.806274281674996,,
27600,181.80903720855713,0.7651819984335453,,
27700,182.47289514541626,0.7218535516411066,,
27800,183.0673394203186,0.6154323354549706,,
27900,183.56590127944946,0.6929433673992753,,
28000,184.14978218078613,0.8159857643768191,0.774,0.7341605384940812
28100,185.60847449302673,0.7573106428794563,,
28200,186.1734528541565,0.6519720715470612,,
28300,186.7004373073578,0.6529601590335369,,
28400,187.13608860969543,0.7178549829224358,,
28500,187.6235156059265,0.7842687063664198,,
28600,188.1593029499054,0.6929633019678295,,
28700,188.76241445541382,0.7222599226888269,,
28800,189.31557035446167,0.6162632427015342,,
28900,189.80943632125854,0.6568962863832712,,
29000,190.32650876045227,0.704487887416035,0.768,0.7914270084232409
29100,191.87863063812256,0.8203589773364365,,
29200,192.43645572662354,0.7136870945617556,,
29300,193.21747708320618,0.6166963474173098,,
29400,194.0518867969513,0.6752083306387067,,
29500,194.70785307884216,0.6342138589080423,,
29600,195.3297724723816,0.6964721732586622,,
29700,195.8979413509369,0.660516107128933,,
29800,196.55287909507751,0.7454696482606232,,
29900,197.36588764190674,0.7524560127593577,,
30000,198.1307487487793,0.7754886489454657,0.776,0.7605172962480243
30100,199.36273002624512,0.6645166719146073,,
30200,199.92114281654358,0.6165362149151042,,
30300,200.57427597045898,0.7448192566819489,,
30400,201.18181824684143,0.5058548885770142,,
30500,201.7139549255371,0.6486193570494652,,
30600,202.32680106163025,0.5992463826667518,,
30700,202.9336347579956,0.6802773674670607,,
30800,203.37779331207275,0.6585427201911807,,
30900,203.98193216323853,0.7294420280400664,,
31000,204.68119287490845,0.6584824973624199,0.76,0.7709684807496183
31100,206.2077932357788,0.7815343212522566,,
31200,206.784170627594,0.7945943234069273,,
31300,207.3628330230713,0.7141427703760564,,
31400,207.96417498588562,0.6263247536448762,,
31500,208.56244206428528,0.671245847470127,,
31600,209.18421339988708,0.5720915708597749,,
31700,209.72289633750916,0.7081107693351805,,
31800,210.15118050575256,0.5678604608401656,,
31900,210.62109375,0.6561234140209854,,
32000,211.32089471817017,0.5907415562914684,0.758,0.749534375578446
32100,212.60271072387695,0.707521998360753,,
32200,213.1132254600525,0.5585340479668229,,
32300,213.65665698051453,0.5639282481279224,,
32400,214.16472864151,0.6768584176991135,,
32500,214.67989039421082,0.6924921388830989,,
32600,215.16561245918274,0.7198778978548944,,
32700,215.70085096359253,0.5489581195055507,,
32800,216.30851411819458,0.7404668766725808,,
32900,216.8863434791565,0.6760279975086451,,
33000,217.42617464065552,0.6391773464949801,0.81,0.8041487951637951
33100,218.94690585136414,0.6022345830313861,,
33200,219.57501316070557,0.6537842881307006,,
33300,220.14735579490662,0.4971789821330458,,
33400,220.74555325508118,0.6262770923133939,,
33500,221.42964959144592,0.6430772086046637,,
33600,222.02689051628113,0.6252199488924817,,
33700,222.7520878314972,0.6814398343581707,,
33800,223.38363218307495,0.7521176145039499,,
33900,223.95817708969116,0.6547726531326771,,
34000,224.37683081626892,0.4965772562008351,0.822,0.7959260920173289
34100,225.94815492630005,0.7624571632035076,,
34200,226.52440404891968,0.5375043451599777,,
34300,227.18178963661194,0.6427926462236792,,
34400,227.68822288513184,0.5617783989617601,,
34500,228.2277307510376,0.7676274771150201,,
34600,229.0897171497345,0.6016595778940246,,
34700,229.8435776233673,0.5889653071761132,,
34800,230.39453101158142,0.570198749722913,,
34900,230.90223598480225,0.6721996614756063,,
35000,231.5650520324707,0.5604999217856675,0.786,0.7421987054374661
35100,233.0141544342041,0.781590490154922,,
35200,233.47054648399353,0.6651869026012719,,
35300,234.02415823936462,0.6272091502277181,,
35400,234.52467679977417,0.39583117203321305,,
35500,235.09983229637146,0.5306537223700434,,
35600,235.68223023414612,0.6259221845678985,,
35700,236.1746106147766,0.7728647616598755,,
35800,236.75505018234253,0.6838813185738399,,
35900,237.31287670135498,0.5589685994666069,,
36000,237.76036548614502,0.6220580330071971,0.806,0.7795817837841346
36100,239.07205176353455,0.6420812529698015,,
36200,239.57325887680054,0.695206148615107,,
36300,240.10422563552856,0.6655430245399475,,
36400,240.7026674747467,0.6664797519613057,,
36500,241.31928896903992,0.4506869194563478,,
36600,241.95206880569458,0.6033614652510733,,
36700,242.53784441947937,0.5757023009005934,,
36800,243.065438747406,0.7947140566911548,,
36900,243.60310125350952,0.5594368026405573,,
37000,244.10411739349365,0.49303055873140694,0.808,0.8091973063710264
37100,245.63539361953735,0.5688544503878802,,
37200,246.21271014213562,0.47877547427313405,,
37300,246.8179829120636,0.6844914008211345,,
37400,247.3628318309784,0.5983448243426391,,
37500,247.932270526886,0.7194188045989722,,
37600,248.6304590702057,0.6181549259647727,,
37700,249.37163424491882,0.45834723925916476,,
37800,249.99428129196167,0.6301462792791426,,
37900,250.59687113761902,0.6091210946068167,,
38000,251.19687247276306,0.5478234939835965,0.83,0.8321512731417168
38100,252.55603194236755,0.7085434964857995,,
38200,253.21716785430908,0.5901641079923138,,
38300,253.9680938720703,0.615032230950892,,
38400,254.7477355003357,0.4491971429809928,,
38500,255.4664306640625,0.646830434827134,,
38600,256.2388813495636,0.6495923399552703,,
38700,257.0082211494446,0.6293328765314072,,
38800,257.6431088447571,0.6630867778789252,,
38900,258.41478180885315,0.5616593959450256,,
39000,258.8682351112366,0.5710229738987982,0.81,0.799634816798181
39100,260.24248790740967,0.5027616005204618,,
39200,260.8245499134064,0.5309128599148244,,
39300,261.388512134552,0.6597608238505199,,
39400,262.12519216537476,0.5908853498892859,,
39500,262.83385968208313,0.719420331697911,,
39600,263.5127468109131,0.7417294130893424,,
39700,264.2174141407013,0.5753664707019925,,
39800,264.81891417503357,0.5218879885692149,,
39900,265.41244554519653,0.5850343127269297,,
40000,265.9432384967804,0.5088875609776005,0.762,0.7631177640856743
40100,267.2883245944977,0.7515567005611956,,
40200,267.86623978614807,0.5722143320506439,,
40300,268.48390889167786,0.5597227504849434,,
40400,269.0744044780731,0.6727196609042585,,
40500,269.6631531715393,0.6080287082586437,,
40600,270.2771360874176,0.508527867095545,,
40700,270.8424303531647,0.628213361944072,,
40800,271.3364052772522,0.5747215858707204,,
40900,271.7784149646759,0.5820188655331731,,
41000,272.2913727760315,0.5975373180047608,0.806,0.8096386691480446
41100,273.67335200309753,0.4949727212509606,,
41200,274.1570556163788,0.7476914837351069,,
41300,274.63260436058044,0.5829087250644807,,
41400,275.18366408348083,0.49702069846913216,,
41500,275.6938259601593,0.6939685050130356,,
41600,276.28022599220276,0.58554892254062,,
41700,276.8999752998352,0.5849987563490867,,
41800,277.35455775260925,0.6059784338064492,,
41900,277.94559144973755,0.6407189328130335,,
42000,278.4803853034973,0.5032867021858692,0.814,0.8111753499909394
42100,279.78259444236755,0.4334049116075039,,
42200,280.3367793560028,0.5349474474205635,,
42300,281.10368728637695,0.7490030594496057,,
42400,281.7513744831085,0.5324793750513345,,
42500,282.3405587673187,0.4973476531193592,,
42600,282.8503260612488,0.6224760518036783,,
42700,283.4271810054779,0.7010822791839019,,
42800,284.0310308933258,0.523989367976319,,
42900,284.6012144088745,0.519560626600869,,
43000,285.1082000732422,0.49913991790730505,0.788,0.8020300287847261
43100,286.5101900100708,0.5836609245277942,,
43200,287.21613097190857,0.5146639891760424,,
43300,287.90917134284973,0.5146735049993731,,
43400,288.5773642063141,0.6782052362523973,,
43500,289.1752841472626,0.6537522828252986,,
43600,289.85262632369995,0.63347227438353,,
43700,290.293936252594,0.5196068867109715,,
43800,290.7419309616089,0.6999733987823129,,
43900,291.4061014652252,0.5543501904793083,,
44000,292.0486891269684,0.6363448402332142,0.808,0.7900498749069365
44100,293.4093418121338,0.796206671865657,,
44200,294.02545261383057,0.5174145267438144,,
44300,294.6023015975952,0.5910453847423196,,
44400,295.18660831451416,0.674687440902926,,
44500,295.6855776309967,0.6257241705758497,,
44600,296.2329611778259,0.7606064714491367,,
44700,296.8188707828522,0.5440506009943783,,
44800,297.404513835907,0.5069120572973043,,
44900,297.92891454696655,0.4655187040194869,,
45000,298.478168964386,0.5070001079095527,0.816,0.7948952869275544
45100,299.953186750412,0.6511392087675631,,
45200,300.5885441303253,0.734346575839445,,
45300,301.2471036911011,0.4422149483580142,,
45400,301.898145198822,0.4913792651309632,,
45500,302.63347816467285,0.41289525498170404,,
45600,303.2213821411133,0.5209442770876922,,
45700,303.79801321029663,0.5405335338308942,,
45800,304.53490567207336,0.6292063212278299,,
45900,305.4346809387207,0.5029786164930556,,
46000,306.0122244358063,0.5855164324492216,0.794,0.7920848199940651
46100,307.5036940574646,0.4398360764607787,,
46200,308.2488338947296,0.6822057494986802,,
46300,308.9755527973175,0.5076379194762558,,
46400,309.6433455944061,0.6512555850483477,,
46500,310.27718901634216,0.4887075997935608,,
46600,310.77260875701904,0.5928224912984297,,
46700,311.2627604007721,0.5376882635429502,,
46800,311.7524926662445,0.5290741937560961,,
46900,312.20036792755127,0.581579519296065,,
47000,312.700989484787,0.5609226454840973,0.814,0.7913752535277726
47100,314.29918670654297,0.5792573254019954,,
47200,314.770468711853,0.7541338275931776,,
47300,315.1830189228058,0.6255106491968035,,
47400,315.69311356544495,0.5982823378872126,,
47500,316.28476762771606,0.5030350680998527,,
47600,316.81830501556396,0.6071386551228352,,
47700,317.41887068748474,0.5580021341703832,,
47800,317.98892521858215,0.5609637515677605,,
47900,318.7411673069,0.5512123889755458,,
48000,319.608350276947,0.5935438924469054,0.794,0.7887873209065086
48100,321.3911147117615,0.5736197907710447,,
48200,322.11419105529785,0.5558370613935404,,
48300,322.7963488101959,0.5198526014876552,,
48400,323.42685103416443,0.5283747448865325,,
48500,323.9626064300537,0.635675159888342,,
48600,324.47614192962646,0.6632697090692818,,
48700,325.10989117622375,0.722233214918524,,
48800,325.59462571144104,0.42821407082956287,,
48900,326.1643784046173,0.7196627399045974,,
49000,326.7396595478058,0.582381330318749,0.736,0.7142968540345741
49100,327.87716269493103,0.5473199643287807,,
49200,328.3043112754822,0.535163415723946,,
49300,328.7327837944031,0.6026043918612413,,
49400,329.16205072402954,0.741910839965567,,
49500,329.6755039691925,0.6214362420607358,,
49600,330.1205093860626,0.4861048616329208,,
49700,330.59117555618286,0.660599529761821,,
49800,331.1958875656128,0.5371052195690572,,
49900,331.78348445892334,0.5820715834992006,,
50000,332.3478467464447,0.5458467285428196,0.84,0.83569869226727
50100,333.71384048461914,0.5060728283785284,,
50200,334.3792061805725,0.6763231645897031,,
50300,335.00181126594543,0.4697015325259417,,
50400,335.6930890083313,0.6503516009263695,,
50500,336.45256066322327,0.39122645993717015,,
50600,337.24373483657837,0.6061335179884918,,
50700,337.88677287101746,0.5629160684638191,,
50800,338.45952558517456,0.629490617364645,,
50900,339.2008786201477,0.4382038218551315,,
51000,339.8487968444824,0.47570739389862865,0.804,0.778600335939334
51100,341.26101088523865,0.5220653462829068,,
51200,341.81661581993103,0.5198275176109746,,
51300,342.46621966362,0.37791873060632497,,
51400,343.06928610801697,0.5876557790930383,,
51500,343.70303654670715,0.46501559528522196,,
51600,344.22135877609253,0.5454795747017488,,
51700,344.68016839027405,0.5184030939359218,,
51800,345.13421177864075,0.5798230644292198,,
51900,345.81364703178406,0.6776318529434502,,
52000,346.5967516899109,0.5769350088201464,0.816,0.8178084978472927
52100,348.2124104499817,0.42449327716603874,,
52200,348.9240698814392,0.5103275472251698,,
52300,349.5989875793457,0.5258377061691135,,
52400,350.20530819892883,0.49005095330881887,,
52500,350.8349766731262,0.5476147023041267,,
52600,351.40946555137634,0.5381799049209803,,
52700,351.95300483703613,0.4812324930858449,,
52800,352.6764612197876,0.38741908884607257,,
52900,353.32506251335144,0.6614035085774959,,
53000,353.9256954193115,0.5384039235021919,0.818,0.8078957636129458
53100,355.3281202316284,0.5521648401464335,,
53200,355.8708686828613,0.6097409720625728,,
53300,356.43909430503845,0.5459205001452938,,
53400,357.0445306301117,0.6156047672871501,,
53500,357.6468963623047,0.6682616256223991,,
53600,358.2447259426117,0.4347928566695191,,
53700,358.8584179878235,0.552034311844036,,
53800,359.4982285499573,0.4012073251325637,,
53900,360.1964089870453,0.47319905007723717,,
54000,360.71503829956055,0.4942036146344617,0.812,0.8063209431088146
54100,362.0396490097046,0.5052380334353075,,
54200,362.62341356277466,0.5412069197173696,,
54300,363.24236512184143,0.5788031178433448,,
54400,363.8504407405853,0.6841356658097356,,
54500,364.3913645744324,0.5128646243270487,,
54600,364.82250571250916,0.6399507089168764,,
54700,365.4730098247528,0.6809939149091951,,
54800,365.9326117038727,0.6237006626650691,,
54900,366.4635980129242,0.5774656593147666,,
55000,366.9719479084015,0.5460583581309766,0.848,0.833428277546234
55100,368.600732088089,0.4827443252829835,,
55200,369.1810760498047,0.5687323256465606,,
55300,369.68841338157654,0.4419607557170093,,
55400,370.2984414100647,0.42228639289038256,,
55500,370.72650146484375,0.4787047454528511,,
55600,371.37922263145447,0.463587036319077,,
55700,371.95905351638794,0.48149687048833584,,
55800,372.5413727760315,0.5144879716658033,,
55900,373.1514391899109,0.6572138388920575,,
56000,373.6826241016388,0.5907110566599294,0.816,0.8163157611934293
56100,375.26695919036865,0.5352501895406749,,
56200,375.9073724746704,0.5421074371458963,,
56300,376.6003601551056,0.5535520455753431,,
56400,377.21775555610657,0.43274356494657695,,
56500,377.79431343078613,0.5877106483699754,,
56600,378.3406913280487,0.6091851264890283,,
56700,378.94169878959656,0.4708605622546747,,
56800,379.60066533088684,0.4282943022437394,,
56900,380.28985047340393,0.5582317877467722,,
57000,381.00976037979126,0.5203309596516192,0.786,0.7899439478958957
57100,382.71028780937195,0.42760652870405463,,
57200,383.33064222335815,0.4150099434982985,,
57300,383.8090512752533,0.4347162399208173,,
57400,384.275274515152,0.6423325775563717,,
57500,384.8026456832886,0.47685267313383517,,
57600,385.27848744392395,0.42492195665836335,,
57700,385.75863432884216,0.37464676848612727,,
57800,386.31283736228943,0.5649242790229618,,
57900,386.75752305984497,0.35905428320053034,,
58000,387.17994475364685,0.3500954383262433,0.832,0.8120032784106354
58100,388.5128755569458,0.5624736693763407,,
58200,389.12410736083984,0.4179438159870915,,
58300,389.70455861091614,0.5306929557496914,,
58400,390.352707862854,0.4201315530971624,,
58500,390.94915103912354,0.48071090603712946,,
58600,391.3788957595825,0.4256548554112669,,
58700,391.93723940849304,0.5151466767909005,,
58800,392.5557813644409,0.46308662051334976,,
58900,393.13468313217163,0.4603197356965393,,
59000,393.72133803367615,0.4199269394436851,0.812,0.7959903151752045
59100,395.20216274261475,0.5200844618363771,,
59200,395.8499915599823,0.576094797111582,,
59300,396.55642008781433,0.5511806116066873,,
59400,397.1424255371094,0.492423983826302,,
59500,397.7717535495758,0.5015236913086847,,
59600,398.3875823020935,0.43389439561171456,,
59700,399.0056960582733,0.4861788447666913,,
59800,399.6018044948578,0.4891484104003757,,
59900,400.2275240421295,0.5984477713517845,,
60000,400.74888610839844,0.49012572545208966,0.832,0.8231554617277022