#F1	0.7569118898890274
#Accuracy	0.7538
i,time,loss,Accuracy,F1
100,0.6446990966796875,2.8981584215164187,,
200,1.0234301090240479,2.85989057302475,,
300,1.5244240760803223,2.782023539543152,,
400,2.243184804916382,2.8784233045578005,,
500,3.1620419025421143,2.8263428092002867,,
600,3.9494845867156982,2.8625450801849364,,
700,4.854444265365601,2.7947690296173096,,
800,5.7459306716918945,2.871966288089752,,
900,6.443303346633911,2.827341103553772,,
1000,7.2396228313446045,2.783376033306122,0.1,0.009569377990430622
1100,8.95659589767456,2.8331727051734923,,
1200,9.9551682472229,2.7844663071632385,,
1300,10.655364513397217,2.8216252851486208,,
1400,11.194235563278198,2.814214577674866,,
1500,11.821968793869019,2.8171305322647093,,
1600,12.62165904045105,2.778047170639038,,
1700,13.54499101638794,2.734064495563507,,
1800,14.441956281661987,2.763680326938629,,
1900,15.062707424163818,2.7576108837127684,,
2000,15.813360214233398,2.757282750606537,0.084,0.019605100414788624
2100,17.739543199539185,2.760167672634125,,
2200,18.550074100494385,2.6697684395313264,,
2300,19.467535734176636,2.7019160950183867,,
2400,20.096539735794067,2.605016458034515,,
2500,20.577220678329468,2.641256332397461,,
2600,20.95280647277832,2.6088770973682402,,
2700,21.344095945358276,2.612611224651337,,
2800,21.920464515686035,2.5453337383270265,,
2900,22.60967230796814,2.5231083607673646,,
3000,23.323482990264893,2.5981943476200104,0.126,0.05180123287039792
3100,24.857093334197998,2.537148509025574,,
3200,25.342735767364502,2.5806862235069277,,
3300,26.115816593170166,2.4897568941116335,,
3400,26.809560775756836,2.463450206518173,,
3500,27.68595838546753,2.5065842735767365,,
3600,28.415987253189087,2.440871653556824,,
3700,29.068657875061035,2.5003393030166627,,
3800,29.75131607055664,2.5091392278671263,,
3900,30.18404221534729,2.406189284324646,,
4000,30.66563630104065,2.404388217926025,0.154,0.08837930317650548
4100,32.2982075214386,2.3634443521499633,,
4200,33.044833183288574,2.394470487833023,,
4300,33.800692558288574,2.3830227243900297,,
4400,34.42441415786743,2.3721298706531524,,
4500,34.94207787513733,2.3104840302467347,,
4600,35.445173501968384,2.4949355363845824,,
4700,36.35690975189209,2.3672310376167296,,
4800,37.22339487075806,2.3980048942565917,,
4900,37.847095012664795,2.3040978157520295,,
5000,38.67931890487671,2.3470149648189547,0.144,0.08696360344849127
5100,40.71988248825073,2.291943770647049,,
5200,41.61809968948364,2.388645294904709,,
5300,42.6434121131897,2.276791319847107,,
5400,43.49511957168579,2.2444316160678865,,
5500,44.08552527427673,2.282420997619629,,
5600,44.83420252799988,2.2369365918636324,,
5700,45.711273193359375,2.291192158460617,,
5800,46.513507604599,2.2823334240913393,,
5900,47.14970064163208,2.2411419427394867,,
6000,47.95359826087952,2.2624888372421266,0.19,0.16764989869120353
6100,49.98104906082153,2.258345123529434,,
6200,50.73469138145447,2.217679376602173,,
6300,51.735074043273926,2.2234991884231565,,
6400,52.431336879730225,2.2121071791648865,,
6500,53.000550985336304,2.1749791061878203,,
6600,53.73695659637451,2.21110068321228,,
6700,54.511037826538086,2.200351791381836,,
6800,55.54600214958191,2.0796498644351957,,
6900,56.418349742889404,2.110364022254944,,
7000,57.23276686668396,2.2105729115009307,0.21,0.15253656448940253
7100,58.94537615776062,2.137599091529846,,
7200,59.780821561813354,2.1613355898857116,,
7300,60.592583417892456,2.0913080203533174,,
7400,61.29048991203308,2.1004312419891358,,
7500,61.864423751831055,2.1395895648002625,,
7600,62.60829448699951,2.0968072402477262,,
7700,63.47368907928467,2.14105556845665,,
7800,64.15028715133667,2.1046101415157317,,
7900,64.70968890190125,1.998532121181488,,
8000,65.33593726158142,2.2112380027770997,0.202,0.1482594350370644
8100,66.75343084335327,2.0463084161281584,,
8200,67.46903467178345,2.2140399062633516,,
8300,68.20470905303955,2.0638248229026797,,
8400,68.9471800327301,2.044125462770462,,
8500,69.73939061164856,2.159142405986786,,
8600,70.76684761047363,1.9735209298133851,,
8700,71.62359929084778,2.024282383918762,,
8800,72.33989405632019,2.0925832295417788,,
8900,72.96275210380554,2.0026231384277344,,
9000,73.57963061332703,1.9719934606552123,0.242,0.213222411843069
9100,75.59820675849915,2.092288862466812,,
9200,76.62320756912231,1.9871323525905609,,
9300,77.69459819793701,1.9890104234218597,,
9400,78.71678352355957,2.025799916982651,,
9500,79.8720474243164,2.050346574783325,,
9600,81.04187822341919,2.067851574420929,,
9700,81.83278512954712,2.0086712896823884,,
9800,82.48732089996338,1.93705881357193,,
9900,83.12944889068604,1.937318754196167,,
10000,84.0363621711731,1.980730663537979,0.214,0.1645789928152162
10100,85.64130544662476,1.9367444145679473,,
10200,86.53880643844604,1.9664544361829757,,
10300,87.48357844352722,1.9654541194438935,,
10400,88.69419860839844,1.9775347483158112,,
10500,89.73072004318237,1.943400183916092,,
10600,90.54057955741882,1.918408026099205,,
10700,91.59464430809021,1.8431095325946807,,
10800,92.96183705329895,1.994416652917862,,
10900,93.85912990570068,1.9629629617929458,,
11000,94.6139497756958,1.8532979077100753,0.298,0.29926209556569694
11100,96.31517672538757,1.856376821398735,,
11200,97.12485766410828,1.9498196971416473,,
11300,98.02188849449158,1.8382224559783935,,
11400,98.76437377929688,1.8925027906894685,,
11500,99.29241561889648,1.9151517915725709,,
11600,100.11844515800476,1.8253274232149124,,
11700,100.89959597587585,1.9571167504787446,,
11800,101.83073449134827,1.805559490919113,,
11900,102.66895198822021,1.9134019112586975,,
12000,103.61573934555054,1.8753776615858078,0.344,0.3522236357003893
12100,105.08512020111084,1.7530219742655755,,
12200,105.54644846916199,1.7390388578176499,,
12300,106.0119903087616,1.873976746201515,,
12400,106.56310105323792,1.827350323498249,,
12500,107.50640225410461,1.7991913557052612,,
12600,108.41979932785034,1.9003571546077729,,
12700,109.3250367641449,1.8076680326461791,,
12800,109.99374127388,1.686196197271347,,
12900,110.76892280578613,1.900986077785492,,
13000,111.61148643493652,1.8830165678262711,0.352,0.3760412292734834
13100,114.32545185089111,1.6755675753951074,,
13200,115.17115759849548,1.7846344542503356,,
13300,116.14363884925842,1.6598094661533833,,
13400,117.14565777778625,1.5376072773337364,,
13500,117.78953289985657,1.7016433793306351,,
13600,118.69757604598999,1.8094204670190812,,
13700,119.31233954429626,1.8264153933525085,,
13800,119.99802851676941,1.7003258687257767,,
13900,120.70781445503235,1.638278727531433,,
14000,121.3760154247284,1.65217616468668,0.368,0.35735899368749613
14100,123.0029411315918,1.6369613990187646,,
14200,123.91665744781494,1.6050970539450646,,
14300,124.75955629348755,1.6720637804269791,,
14400,125.8309395313263,1.598202256858349,,
14500,126.72678422927856,1.7354326713085175,,
14600,127.63562178611755,1.6183298140764237,,
14700,128.4351487159729,1.716674827337265,,
14800,129.11687660217285,1.715771727859974,,
14900,129.91001272201538,1.5797786229848862,,
15000,130.72424626350403,1.7616572558879853,0.4,0.40290786036483694
15100,132.48747158050537,1.4979425764083862,,
15200,133.0961287021637,1.5895146864652634,,
15300,133.61088228225708,1.5410274916887283,,
15400,134.32468819618225,1.4307017001509665,,
15500,135.091078042984,1.6211059848964213,,
15600,136.17292881011963,1.6346383494138719,,
15700,137.17067503929138,1.6101156881451606,,
15800,137.70395278930664,1.5101152454316615,,
15900,138.43861627578735,1.4646179527044296,,
16000,139.51970386505127,1.4934596729278564,0.468,0.4952165136042705
16100,141.24345588684082,1.5120203480124474,,
16200,141.99978685379028,1.519618138819933,,
16300,142.88497924804688,1.5135446980595588,,
16400,143.6132209300995,1.4584579212963582,,
16500,144.31766033172607,1.532093644440174,,
16600,144.76814723014832,1.5957739940285682,,
16700,145.21630263328552,1.3898144571483135,,
16800,145.61096835136414,1.4363962656259537,,
16900,145.97038674354553,1.346237801760435,,
17000,146.3208248615265,1.4012301756441594,0.478,0.4849460602156299
17100,148.14894938468933,1.5995207665860653,,
17200,148.86100935935974,1.431708068996668,,
17300,149.81638765335083,1.4817550839483737,,
17400,150.89208436012268,1.4621455565094947,,
17500,151.6082284450531,1.443845335394144,,
17600,152.47039127349854,1.3283793266117572,,
17700,152.85311198234558,1.3175010386109351,,
17800,153.30918884277344,1.342809764072299,,
17900,153.91744446754456,1.549349731206894,,
18000,154.310293674469,1.4239315384626388,0.512,0.5154192613235308
18100,155.6742730140686,1.3793158473074436,,
18200,156.47608494758606,1.2745130734145642,,
18300,157.04353713989258,1.335028727054596,,
18400,157.62633299827576,1.4378124409914017,,
18500,158.32377338409424,1.3980828745663165,,
18600,158.7609179019928,1.2315959503501654,,
18700,159.16740369796753,1.3648268831521273,,
18800,159.5654594898224,1.2254332272708417,,
18900,160.14893460273743,1.4148371179401875,,
19000,160.85318613052368,1.3311133731901645,0.48,0.5151497563900339
19100,162.1865804195404,1.2217582546919585,,
19200,162.54638266563416,1.2397215288877488,,
19300,162.90720391273499,1.4325902163237334,,
19400,163.28684997558594,1.293791950047016,,
19500,163.65523266792297,1.205680644661188,,
19600,164.06071829795837,1.180716851055622,,
19700,164.88273286819458,1.4294957076758146,,
19800,165.41834998130798,1.3522042030096053,,
19900,165.914324760437,1.3412867326289415,,
20000,166.480566740036,1.3376422703266144,0.52,0.5385928921441383
20100,168.02906847000122,1.2758339589834213,,
20200,168.49455165863037,1.28693990573287,,
20300,169.0873565673828,1.232249463647604,,
20400,169.5980725288391,1.3275846695899964,,
20500,170.10751390457153,1.2795029185712337,,
20600,170.67812156677246,1.2496699008345604,,
20700,171.24914360046387,1.2879139628261327,,
20800,171.73485016822815,1.3909086479246617,,
20900,172.1712782382965,1.1807852478325367,,
21000,172.537921667099,1.2596929071098566,0.524,0.5556557505618971
21100,173.8371880054474,1.3884362997114659,,
21200,174.7487382888794,1.410156493484974,,
21300,175.53761172294617,1.1070423623919488,,
21400,176.3931827545166,1.3222534977644682,,
21500,177.12939739227295,1.226421452909708,,
21600,177.77813053131104,1.3126978996396064,,
21700,178.27247381210327,1.3157548058032988,,
21800,178.65083599090576,1.3702652236819268,,
21900,179.01832699775696,1.2593085833638906,,
22000,179.49084091186523,1.2007742603123188,0.596,0.6051692158593023
22100,181.69949650764465,1.0786005268990992,,
22200,182.30591797828674,1.2533309124410152,,
22300,183.069002866745,1.2082499246671796,,
22400,183.90899515151978,1.1355433474481105,,
22500,184.96502089500427,1.3373992425203323,,
22600,185.68945264816284,1.097805648446083,,
22700,186.22993922233582,1.241863158121705,,
22800,186.86975526809692,1.2242113329097628,,
22900,187.86040949821472,1.1840508980304003,,
23000,188.77897357940674,1.3127222026139498,0.566,0.5697009257168643
23100,190.47832584381104,1.2853747344017028,,
23200,191.32961583137512,1.2711933761462568,,
23300,192.15087604522705,1.1187479755654932,,
23400,193.05723762512207,1.1321457356214524,,
23500,193.99471402168274,1.2049872544407845,,
23600,194.99620604515076,1.1700887454301119,,
23700,195.7558627128601,1.1392431625723838,,
23800,196.5525665283203,1.1365131153911352,,
23900,197.17249608039856,1.1822390476614237,,
24000,197.84040212631226,1.0850191824138165,0.56,0.5231142827500759
24100,199.49598836898804,1.0980744543857872,,
24200,200.14516592025757,1.144904416948557,,
24300,200.71385955810547,1.1543267415836453,,
24400,201.2616457939148,1.1123774699121713,,
24500,201.96176409721375,1.1273285190761089,,
24600,202.46626591682434,1.0825523951277136,,
24700,202.93720126152039,1.2757293070480227,,
24800,203.52111768722534,1.1515681882947684,,
24900,204.34680485725403,1.1356301202625037,,
25000,205.1584916114807,1.0572536706924438,0.608,0.6157984210745687
25100,206.67414546012878,1.1119933222234248,,
25200,207.04975414276123,1.137054722905159,,
25300,207.6243441104889,1.126861984282732,,
25400,208.21398639678955,0.9966024411469698,,
25500,208.90426635742188,1.157162130177021,,
25600,209.77281165122986,1.1294552700594067,,
25700,210.7579665184021,1.163903177380562,,
25800,211.70557022094727,1.242169972360134,,
25900,212.65797638893127,1.1217214743047952,,
26000,213.5285449028015,1.1131321138888597,0.59,0.5850929154377662
26100,215.59798979759216,1.0393865042645485,,
26200,216.3219919204712,1.181410663574934,,
26300,217.08236074447632,1.2900407841801644,,
26400,217.90935063362122,0.8823106373846531,,
26500,218.76862573623657,1.079806256070733,,
26600,219.75874137878418,0.8286178554897197,,
26700,220.19095659255981,1.1451180516183377,,
26800,220.65982580184937,1.1311668907105923,,
26900,221.62171387672424,1.0950539781153201,,
27000,222.36827063560486,1.0141692870110273,0.624,0.6700456252317358
27100,223.81908798217773,1.2134160853922367,,
27200,224.43959522247314,1.053894371856004,,
27300,225.1798222064972,1.1642316576093434,,
27400,226.142098903656,0.9065222493931651,,
27500,227.1018843650818,1.0281223045289516,,
27600,228.0354447364807,1.0482013271003963,,
27700,229.04461240768433,1.0108770053088665,,
27800,230.1455249786377,1.0586725943163038,,
27900,230.84317922592163,1.0068131274636836,,
28000,231.7236611843109,1.0204139860719443,0.592,0.6110340297846768
28100,234.4159858226776,0.8933756995201111,,
28200,235.3911874294281,0.9061116847209633,,
28300,236.3269078731537,0.9417567078210414,,
28400,236.99838137626648,0.9969751077145338,,
28500,238.01076197624207,1.1215575583279134,,
28600,238.93062353134155,1.1318643862195312,,
28700,239.84404158592224,0.9029574831668288,,
28800,240.6363308429718,1.0437785709649325,,
28900,241.43381214141846,0.980382502824068,,
29000,242.53562259674072,0.8842935382574797,0.682,0.6786927670946401
29100,245.64889335632324,0.9924614744633437,,
29200,246.63416290283203,0.8575889201834798,,
29300,247.3257191181183,0.9133343407418579,,
29400,248.11762380599976,0.9746188650280238,,
29500,249.03453731536865,1.007421346134506,,
29600,250.05030965805054,1.0279565386474132,,
29700,251.24178409576416,1.042660048827529,,
29800,252.12340092658997,1.1149818354193122,,
29900,252.83095335960388,0.8752903154306114,,
30000,253.87707829475403,1.0085853931680322,0.686,0.6880840356373262
30100,256.1378126144409,0.8597606673277914,,
30200,256.8689332008362,0.8710574021749199,,
30300,257.5896186828613,0.8558922287076711,,
30400,258.2550120353699,0.9209267721138894,,
30500,258.9879252910614,0.9885609747096896,,
30600,259.8516056537628,0.8784411058574915,,
30700,260.81285524368286,0.8371002342365682,,
30800,261.5353858470917,0.9494334554858506,,
30900,262.24531960487366,0.8280955171398818,,
31000,262.9031255245209,1.0834690980426966,0.634,0.6190186252063605
31100,264.2791199684143,0.7825682679563761,,
31200,265.03152990341187,0.8516369829792529,,
31300,265.6640646457672,0.9870823376253247,,
31400,266.2517762184143,0.8323975782841444,,
31500,266.820360660553,0.7790798667445779,,
31600,267.3842360973358,0.8605537236854434,,
31700,267.93118953704834,0.9765746996086091,,
31800,268.67650628089905,1.120795576646924,,
31900,269.3330912590027,0.8130874736234546,,
32000,269.9820456504822,0.8837863068468869,0.588,0.5802108553093606
32100,271.4855170249939,0.9480732955038548,,
32200,272.09509563446045,0.9502784027159215,,
32300,272.7486855983734,1.095939850434661,,
32400,273.79924273490906,0.9765691823139787,,
32500,275.0024378299713,0.8740084389783442,,
32600,275.6931917667389,0.9631980033963918,,
32700,276.38081979751587,0.8424625647999346,,
32800,277.0967230796814,0.7287415286246687,,
32900,277.7571642398834,0.9673985669296234,,
33000,278.82511925697327,1.083795483931899,0.682,0.6830134438299617
33100,281.1022448539734,0.8423487374186516,,
33200,282.0500211715698,0.7576327388361096,,
33300,283.0406711101532,0.8447819831781089,,
33400,284.040976524353,0.8471008748747408,,
33500,284.98231983184814,0.849376651449129,,
33600,286.08069682121277,0.9872997570037841,,
33700,286.98555850982666,1.09654408111237,,
33800,287.67024087905884,0.7524576693773269,,
33900,288.53200483322144,0.8991806310135871,,
34000,289.3099744319916,0.9547093010693789,0.676,0.6983312531983219
34100,290.9097492694855,0.9521696678921581,,
34200,291.2872886657715,0.970694483332336,,
34300,291.6630244255066,0.8046534074889496,,
34400,292.0554177761078,0.9313695666007697,,
34500,292.49113059043884,0.925658104866743,,
34600,292.9706914424896,0.8676777764037251,,
34700,293.4718952178955,0.9782126998156309,,
34800,293.9843156337738,0.8980444605648518,,
34900,294.44035387039185,0.7484317567199469,,
35000,294.8654453754425,0.9746378878876567,0.67,0.674095947886746
35100,295.84682536125183,0.8289216821826995,,
35200,296.240647315979,0.8816031897254288,,
35300,296.69095754623413,0.860035358145833,,
35400,297.2306344509125,0.8797410599887371,,
35500,297.7586531639099,0.9346993693523109,,
35600,298.3155708312988,0.8326063410565258,,
35700,298.8881242275238,0.9539852367900312,,
35800,299.40535140037537,0.8694413224235177,,
35900,299.90043091773987,0.9039296244829893,,
36000,300.4551863670349,0.9119560966826975,0.674,0.6646417249927037
36100,301.80587553977966,0.8708961320761591,,
36200,302.41336846351624,0.7171315918117762,,
36300,302.93784737586975,0.8947975629847497,,
36400,303.36903262138367,0.9020796703826636,,
36500,303.77185130119324,0.8024960732273757,,
36600,304.2448179721832,0.8666405899822712,,
36700,304.68382263183594,0.9465615099854767,,
36800,305.0286009311676,0.7728344738110899,,
36900,305.53101325035095,1.0221921421587468,,
37000,306.11146903038025,0.7809664013702422,0.668,0.6716178795421518
37100,307.0796036720276,0.7843678237684071,,
37200,307.4935419559479,0.914241918651387,,
37300,308.00056982040405,0.9399000154249371,,
37400,308.6564931869507,0.8091247277706861,,
37500,309.255571603775,0.7048822312802077,,
37600,309.8277676105499,0.9671928291022778,,
37700,310.3395199775696,0.9056270443927497,,
37800,310.81026554107666,0.8907449311576784,,
37900,311.2813322544098,0.8121587318181992,,
38000,311.6866364479065,0.8249747822806239,0.75,0.7368476575297234
38100,312.77289628982544,0.9048704173602163,,
38200,313.21185326576233,0.7452144338190556,,
38300,313.65093779563904,0.6337138698529452,,
38400,314.13093090057373,0.8595581257343292,,
38500,314.5579602718353,0.8389380581164733,,
38600,314.9255208969116,0.814094980303198,,
38700,315.27335119247437,0.6939523199852556,,
38800,315.6833927631378,0.8563351478846744,,
38900,316.1161127090454,0.7826388573646545,,
39000,316.48069858551025,0.8676131911948324,0.666,0.6659738513183359
39100,317.5723054409027,0.898205273412168,,
39200,318.03166151046753,0.8065690343827009,,
39300,318.4012665748596,0.8643378546833992,,
39400,318.91737604141235,0.8138563086651266,,
39500,319.3966107368469,0.9018189654918387,,
39600,319.8621873855591,0.6153010619583074,,
39700,320.37312054634094,0.7916976207867265,,
39800,320.9666633605957,0.8754092992097139,,
39900,321.4897005558014,0.8460520354285836,,
40000,321.98473715782166,0.7067274494282901,0.674,0.6927651700828035
40100,323.0083086490631,0.7722663182765246,,
40200,323.45623755455017,0.789572768881917,,
40300,323.8138921260834,0.7535928924940527,,
40400,324.228444814682,0.8948278644680977,,
40500,324.72355008125305,0.8198085550777614,,
40600,325.19282245635986,0.9233352124877274,,
40700,325.665678024292,0.803356443438679,,
40800,326.072233915329,0.8726513484679163,,
40900,326.43435621261597,0.8476484515704215,,
41000,326.8321452140808,0.9515835677459836,0.714,0.7274899312972876
41100,327.90850949287415,0.7208994528185576,,
41200,328.28657960891724,0.759564553834498,,
41300,328.6529276371002,0.9671004332788289,,
41400,329.05384969711304,0.7845669654384255,,
41500,329.5685889720917,0.9497400041017682,,
41600,330.1008257865906,0.7261315883696079,,
41700,330.6481685638428,1.0354383651725947,,
41800,331.1451416015625,0.7693224366009236,,
41900,331.693074464798,0.8084382671676577,,
42000,332.1945505142212,0.8649744991026819,0.692,0.7025673817275562
42100,333.3862991333008,0.8113917301874608,,
42200,333.8076446056366,0.9914367979392409,,
42300,334.2593746185303,0.9205897550284863,,
42400,334.83633160591125,0.7562872258480638,,
42500,335.3142235279083,0.7330964691657573,,
42600,335.84843373298645,0.7501919454522431,,
42700,336.47544503211975,0.9115712685510516,,
42800,336.9609363079071,0.789481174889952,,
42900,337.5126407146454,0.7931907979538664,,
43000,338.14405632019043,0.8879472506418824,0.69,0.6824121740072545
43100,339.615473985672,0.7350924688391387,,
43200,340.18690061569214,0.7614202468562872,,
43300,340.731769323349,0.7175630934350192,,
43400,341.25549602508545,0.7852297693211585,,
43500,341.6185028553009,0.8332819193042815,,
43600,342.00750851631165,0.7306545038148761,,
43700,342.5286087989807,0.8288474944233895,,
43800,343.10294008255005,0.8323109669238329,,
43900,343.5911157131195,0.9147590852528811,,
44000,344.12941217422485,0.8607738189026714,0.648,0.6693971971083243
44100,345.3770990371704,0.8541597653925419,,
44200,345.8485915660858,0.7136487453617155,,
44300,346.36770462989807,0.7528837171196937,,
44400,346.75988698005676,0.7431925881747157,,
44500,347.11018991470337,0.9730701231816784,,
44600,347.5102159976959,0.6770878296718001,,
44700,347.894474029541,0.6785432456806302,,
44800,348.32477140426636,0.867566322479397,,
44900,348.8958830833435,0.8354241485893726,,
45000,349.3464546203613,0.7857669220492244,0.682,0.6350641423477409
45100,350.45097517967224,0.7946298394352198,,
45200,351.0490572452545,0.8119807997904718,,
45300,351.57178831100464,0.8554959346354007,,
45400,352.1648998260498,0.7206767901685089,,
45500,352.6826648712158,0.8171909189410508,,
45600,353.1844823360443,0.7828500240296126,,
45700,353.7302436828613,0.9051445326022803,,
45800,354.2028760910034,0.7899439549818635,,
45900,354.6173324584961,0.8917055618576706,,
46000,354.96709871292114,0.7005692786443979,0.692,0.6902900007414695
46100,355.9375967979431,0.7284219422098249,,
46200,356.4044952392578,0.6968286528252066,,
46300,356.8808572292328,0.8631298000365496,,
46400,357.3930814266205,0.7107880334556103,,
46500,357.93296217918396,0.808445207811892,,
46600,358.3508868217468,0.706671600677073,,
46700,358.8730561733246,0.898793962886557,,
46800,359.34838700294495,0.8459581595659256,,
46900,359.94273042678833,0.9739190959930419,,
47000,360.45040345191956,0.7988951667957008,0.694,0.6946897655959043
47100,361.91532850265503,0.8266530796326697,,
47200,362.4480457305908,0.8373719534091651,,
47300,362.97376346588135,0.7978074959479272,,
47400,363.5907483100891,0.7691338505689055,,
47500,364.23517990112305,0.7263348383828998,,
47600,364.77217864990234,0.7071182849630714,,
47700,365.3811128139496,0.6988456461252645,,
47800,365.87535214424133,0.6954749177023768,,
47900,366.2610185146332,0.8365696120169014,,
48000,366.6557021141052,0.6023251263983548,0.716,0.7046992052593941
48100,367.8137378692627,0.7101663417834788,,
48200,368.3094129562378,0.792162223290652,,
48300,368.8638713359833,0.8886633038148284,,
48400,369.23958110809326,0.6058502031676471,,
48500,369.73508405685425,0.8445546389557421,,
48600,370.27547097206116,0.5790333020314574,,
48700,370.75477409362793,0.7091205342486501,,
48800,371.3357048034668,0.6175994973257184,,
48900,371.87454104423523,0.7933793370472267,,
49000,372.4294173717499,0.5515113987401128,0.746,0.7300605538273827
49100,373.92105054855347,0.7137810038868337,,
49200,374.5695548057556,0.8019639030937106,,
49300,375.18368005752563,0.738074489813298,,
49400,375.6581847667694,0.8415860323421657,,
49500,376.1199324131012,0.6970495219156146,,
49600,376.57813000679016,0.7306055421754718,,
49700,376.9395604133606,0.741346821654588,,
49800,377.4862382411957,0.7625251429714263,,
49900,377.9348611831665,0.6415647566597908,,
50000,378.444632768631,0.8083477720431983,0.678,0.6756695946902171
50100,379.6388883590698,0.673860594863072,,
50200,380.1459321975708,0.8020170111209154,,
50300,380.74923610687256,0.8288887902069837,,
50400,381.37047123908997,0.7028337584342808,,
50500,381.9812853336334,0.7115430563967675,,
50600,382.61384749412537,0.6936920198332518,,
50700,383.05296063423157,0.8906193608790636,,
50800,383.4817085266113,0.9036658153729513,,
50900,383.9267828464508,0.9257105233054608,,
51000,384.35278487205505,0.7140344639308751,0.71,0.6737978542074216
51100,385.5630187988281,0.6612442422285676,,
51200,386.1498372554779,0.8734930442273616,,
51300,386.66449069976807,0.7797120877727867,,
51400,387.1799228191376,0.6562274452485144,,
51500,387.69718074798584,0.5266134282387793,,
51600,388.1640725135803,0.7971883628889919,,
51700,388.6868357658386,0.7790040542185307,,
51800,389.23784589767456,0.8808059919439256,,
51900,389.79055094718933,0.7818237547762692,,
52000,390.442538022995,0.9022102396562696,0.638,0.6178513331052313
52100,391.76794600486755,0.7795303882658482,,
52200,392.2339971065521,0.7464247737266123,,
52300,392.75145292282104,0.9543828355986625,,
52400,393.2463128566742,0.6237970539461821,,
52500,393.8720693588257,0.6456492376234383,,
52600,394.5989933013916,0.6863034059107304,,
52700,395.35577917099,0.8415974786691368,,
52800,395.8489215373993,0.762709584068507,,
52900,396.44873309135437,0.8462917375937105,,
53000,396.99703001976013,0.6976749497652054,0.682,0.6828622212230047
53100,398.3334791660309,0.7038953104056418,,
53200,398.6881568431854,0.7312513293279335,,
53300,399.1408884525299,0.7418035542685538,,
53400,399.6119034290314,0.8377948797494174,,
53500,400.1320698261261,0.8016204787231982,,
53600,400.6172173023224,0.6589376328513026,,
53700,401.17141580581665,0.6541718210652471,,
53800,401.58806109428406,0.7149191155098379,,
53900,402.1414201259613,0.5697812397405505,,
54000,402.6648573875427,0.6489040518924594,0.722,0.7206386621131713
54100,404.29297947883606,0.7304497562721372,,
54200,404.8756785392761,0.948730349149555,,
54300,405.50226283073425,0.8189901717239991,,
54400,406.0633566379547,0.7149165859073401,,
54500,406.63820147514343,0.7548057062551379,,
54600,407.09485840797424,0.8959081921260804,,
54700,407.5837917327881,0.5937589070480317,,
54800,408.069287776947,0.5182900196500122,,
54900,408.6067373752594,0.8107419819058851,,
55000,409.0725758075714,0.6930995609983802,0.668,0.6627554839281812
55100,410.5203311443329,0.8041262684948742,,
55200,411.0281777381897,0.6988760286942124,,
55300,411.6208760738373,0.6755005899071693,,
55400,412.20910477638245,0.7278924783226103,,
55500,412.93281960487366,0.7792184654064477,,
55600,413.75208568573,0.7813085646554828,,
55700,414.1981475353241,0.8024926578812301,,
55800,414.6474106311798,0.8211839759722352,,
55900,415.1020653247833,0.7784510140120983,,
56000,415.587197303772,0.6251754259690643,0.748,0.7330229915795488
56100,416.83078718185425,0.654362062891014,,
56200,417.3454554080963,0.4946131748287007,,
56300,417.75859212875366,0.754124312158674,,
56400,418.2084617614746,0.6448318069800735,,
56500,418.73706889152527,0.6361092963814735,,
56600,419.2859535217285,0.5665233027748764,,
56700,419.7958583831787,0.8328293398115784,,
56800,420.2934606075287,0.7062572768959217,,
56900,420.7839455604553,0.6335232772491872,,
57000,421.3605875968933,0.6830100560048595,0.682,0.6662356761680513
57100,422.5168607234955,0.6703240992687642,,
57200,422.93243408203125,0.6889730070647784,,
57300,423.3858964443207,0.7934907565452158,,
57400,423.851770401001,0.8141794862411916,,
57500,424.1905343532562,0.7795423928182572,,
57600,424.5444595813751,0.8665196668822318,,
57700,424.91007113456726,0.6499949899315834,,
57800,425.3987545967102,0.6359055398125202,,
57900,425.8244740962982,0.6049827000219374,,
58000,426.2818877696991,0.6281386861298234,0.706,0.7204921056564896
58100,427.3884627819061,0.8382904409244657,,
58200,427.88983035087585,0.6461199472658337,,
58300,428.46244716644287,0.8528081439901143,,
58400,428.9979271888733,0.8254132683575154,,
58500,429.62813568115234,0.7635247702058404,,
58600,430.14433193206787,0.6896240112558008,,
58700,430.63352727890015,0.7693793609319255,,
58800,430.9833273887634,0.7696702489256859,,
58900,431.3226840496063,0.7234926261659712,,
59000,431.6676118373871,0.6865297961607575,0.702,0.7221788551225381
59100,432.6714172363281,0.7601030363328755,,
59200,433.1031949520111,0.5307255629077554,,
59300,433.4639050960541,0.6503733939910308,,
59400,433.9272255897522,0.9017649122327566,,
59500,434.4788200855255,0.6707226645294577,,
59600,435.01416969299316,0.7470264658890664,,
59700,435.47936964035034,0.6423068848624826,,
59800,436.0305395126343,0.7093339670449496,,
59900,436.49807834625244,0.7869027810636908,,
60000,437.0198338031769,0.6412303938530386,0.748,0.7514827650316097