#F1	0.09091054064484716
#Accuracy	0.1304
i,time,loss,Accuracy,F1
100,1.6779706478118896,5.28311637878418,,
200,2.523432970046997,5.2570594310760494,,
300,3.455836296081543,5.224294481277465,,
400,4.326946020126343,5.172122464179993,,
500,5.392834186553955,5.1999068403244015,,
600,6.510606050491333,5.177025351524353,,
700,7.810505151748657,5.1864635324478146,,
800,9.198113918304443,5.148479657173157,,
900,10.388134241104126,5.117721409797668,,
1000,11.604178667068481,5.163211765289307,0.006,0.0001671572608349987
1100,14.634362697601318,5.1165943574905395,,
1200,16.095871925354004,5.125424275398254,,
1300,17.61523723602295,5.094159450531006,,
1400,18.837751150131226,5.086210784912109,,
1500,19.814308643341064,5.089175987243652,,
1600,20.819005727767944,5.0830623960495,,
1700,21.88384246826172,5.074203333854675,,
1800,23.069660425186157,5.040249915122986,,
1900,24.43969702720642,5.066747765541077,,
2000,25.8188693523407,5.021346793174744,0.01,0.00017789162841996657
2100,29.0027859210968,5.006578588485718,,
2200,29.960450172424316,5.114992566108704,,
2300,31.129706144332886,5.123947992324829,,
2400,32.36767554283142,5.039637279510498,,
2500,33.60470199584961,5.1080190324783326,,
2600,34.682241439819336,5.058433618545532,,
2700,35.88808512687683,5.075292105674744,,
2800,37.23410391807556,5.045814876556396,,
2900,38.25338912010193,4.976422667503357,,
3000,39.493515491485596,4.926159853935242,0.01,0.0006970287672042058
3100,42.36867880821228,5.002472524642944,,
3200,43.336148500442505,4.965295717716217,,
3300,44.4127516746521,4.920213074684143,,
3400,45.40580368041992,4.852263214588166,,
3500,46.37058115005493,4.882623600959778,,
3600,47.39308047294617,5.009587812423706,,
3700,48.590579986572266,4.912042989730835,,
3800,49.672858238220215,4.9094213151931765,,
3900,50.85448503494263,4.8347608184814455,,
4000,51.9025092124939,4.888869094848633,0.016,0.0023558746563421542
4100,54.907248735427856,4.867171592712403,,
4200,55.979854345321655,4.942113585472107,,
4300,57.00492072105408,4.859395418167114,,
4400,58.09150743484497,4.844064588546753,,
4500,59.004478216171265,4.8095324206352235,,
4600,60.142547369003296,4.8032895588874815,,
4700,61.64874720573425,4.745548598766327,,
4800,62.78384351730347,4.844465560913086,,
4900,63.73034071922302,4.769069781303406,,
5000,64.88124084472656,4.737011330127716,0.016,0.003904234276451783
5100,68.25487112998962,4.69199912071228,,
5200,69.37037658691406,4.784329447746277,,
5300,70.58861231803894,4.7003260564804075,,
5400,71.78178358078003,4.7976260042190555,,
5500,72.68615770339966,4.767759871482849,,
5600,73.6694107055664,4.610221898555755,,
5700,74.54401159286499,4.638926556110382,,
5800,75.57397532463074,4.58236608505249,,
5900,76.57604575157166,4.612842180728912,,
6000,77.5540087223053,4.579168012142182,0.006,0.0025609935332157555
6100,80.6976466178894,4.550828702449799,,
6200,81.96645736694336,4.541694486141205,,
6300,82.99759554862976,4.440095121860504,,
6400,84.38701009750366,4.519852821826935,,
6500,85.87724208831787,4.515585324764252,,
6600,87.3594126701355,4.49102397441864,,
6700,88.68988728523254,4.455479080677033,,
6800,90.07459902763367,4.50882711648941,,
6900,91.24343800544739,4.577945907115936,,
7000,92.42577195167542,4.461412372589112,0.016,0.008972628638773657
7100,95.3079833984375,4.473136484622955,,
7200,96.49874138832092,4.352362327575683,,
7300,97.64481925964355,4.349560730457306,,
7400,98.60943722724915,4.268041050434112,,
7500,99.6473879814148,4.401220672130584,,
7600,100.93976330757141,4.253481225967407,,
7700,101.81643843650818,4.252208082675934,,
7800,102.69985508918762,4.248510558605194,,
7900,103.52150225639343,4.273424799442291,,
8000,104.54059863090515,4.197453572750091,0.026,0.01118122427051296
8100,107.93427753448486,4.293997328281403,,
8200,109.22395157814026,4.216328449249268,,
8300,110.21792840957642,4.172775654792786,,
8400,111.53785872459412,4.2196366763114925,,
8500,112.93782997131348,4.181850428581238,,
8600,114.2409257888794,4.1179485249519345,,
8700,115.63056969642639,4.043131232261658,,
8800,116.84677648544312,4.140218691825867,,
8900,117.98991370201111,4.025123152732849,,
9000,119.20491051673889,4.082181625366211,0.048,0.020386239546139245
9100,122.329833984375,4.038173084259033,,
9200,123.27786827087402,4.035552940368652,,
9300,124.43839240074158,4.079825055599213,,
9400,125.53951144218445,4.05598356962204,,
9500,126.45787906646729,4.001917154788971,,
9600,127.31271719932556,4.040177567005157,,
9700,128.3520679473877,3.92439964056015,,
9800,129.29960179328918,4.067341890335083,,
9900,130.2878429889679,4.040186591148377,,
10000,131.18357849121094,3.827872804403305,0.046,0.02429912799513538
10100,133.9544017314911,4.14104663848877,,
10200,134.84440922737122,4.093043625354767,,
10300,135.93575477600098,3.9971369528770446,,
10400,137.07594990730286,3.9733795952796935,,
10500,138.23255252838135,3.8951072001457216,,
10600,139.35684156417847,3.9517716789245605,,
10700,140.20953035354614,4.018093910217285,,
10800,141.64927172660828,3.98972327709198,,
10900,142.76208591461182,3.8897736835479737,,
11000,143.78098821640015,3.865871250629425,0.038,0.020728704255836037
11100,146.58899664878845,3.9889266896247864,,
11200,147.7910840511322,3.9078081250190735,,
11300,149.06232857704163,3.919188401699066,,
11400,150.2259600162506,3.8690448117256167,,
11500,151.20025515556335,3.87849618434906,,
11600,152.25590705871582,3.962044372558594,,
11700,153.29398155212402,3.813894169330597,,
11800,154.44232606887817,4.026430606842041,,
11900,155.46400618553162,3.857785563468933,,
12000,156.61741042137146,3.9990828132629392,0.044,0.01708578109621568
12100,159.79633951187134,3.8550359201431275,,
12200,161.0982267856598,3.8973624658584596,,
12300,162.1271529197693,3.874891574382782,,
12400,163.33380842208862,3.877655746936798,,
12500,164.36958718299866,4.019293854236603,,
12600,165.30453753471375,3.8995918560028078,,
12700,166.25494527816772,3.829712507724762,,
12800,167.47352862358093,3.9377717661857603,,
12900,168.53446626663208,3.668200092315674,,
13000,169.39137935638428,3.8370125102996826,0.062,0.03576446713701616
13100,173.11059975624084,3.746981978416443,,
13200,174.23525977134705,3.7325635361671448,,
13300,175.43764877319336,3.7702949237823487,,
13400,176.3374400138855,3.79035005569458,,
13500,177.4110026359558,3.7849431443214416,,
13600,178.44088554382324,3.8232637095451354,,
13700,179.77286386489868,3.7237907457351684,,
13800,181.07784581184387,3.7462882661819457,,
13900,182.26540756225586,3.7370065808296205,,
14000,183.40271592140198,3.700671956539154,0.044,0.027757267279684434
14100,187.34685897827148,3.605116250514984,,
14200,188.54821491241455,3.7122056245803834,,
14300,189.65626072883606,3.8039545392990113,,
14400,190.73322176933289,3.76312313079834,,
14500,191.94340181350708,3.6661502003669737,,
14600,193.1348898410797,3.830235254764557,,
14700,194.23190259933472,3.695188229084015,,
14800,195.64694809913635,3.7901509046554565,,
14900,196.9329173564911,3.5871341943740847,,
15000,198.30223059654236,3.7363705825805664,0.052,0.03385934156161788
15100,201.09868550300598,3.509183270931244,,
15200,202.48745775222778,3.4708631479740144,,
15300,203.68360829353333,3.557636857032776,,
15400,204.93649411201477,3.41094441652298,,
15500,206.2986123561859,3.5374783539772032,,
15600,207.33989644050598,3.5233269941806795,,
15700,208.49313187599182,3.6337069773674013,,
15800,209.6972360610962,3.518921444416046,,
15900,210.8189401626587,3.5789707458019255,,
16000,211.8827724456787,3.671845242977142,0.048,0.03111813749068651
16100,214.7802290916443,3.4507050204277037,,
16200,215.96923756599426,3.4583631801605224,,
16300,216.99042463302612,3.476042330265045,,
16400,218.0214126110077,3.498578737974167,,
16500,219.10813760757446,3.446579372882843,,
16600,220.3116593360901,3.772576208114624,,
16700,221.14690399169922,3.535104446411133,,
16800,221.95506358146667,3.5257030272483827,,
16900,222.97094178199768,3.431561621427536,,
17000,223.90084433555603,3.4908670389652254,0.064,0.04702007787739393
17100,226.32018995285034,3.3939956891536713,,
17200,227.44342517852783,3.432813937664032,,
17300,228.80254983901978,3.4171608877182007,,
17400,229.8383984565735,3.3901797771453857,,
17500,230.82074236869812,3.5425159525871277,,
17600,231.6179003715515,3.434375436306,,
17700,232.76296305656433,3.445232079029083,,
17800,233.97273659706116,3.480361460447311,,
17900,235.131671667099,3.5926833474636077,,
18000,236.01632595062256,3.3622690629959107,0.052,0.026619769893265283
18100,239.1422917842865,3.407002582550049,,
18200,240.06869459152222,3.585465793609619,,
18300,241.04138350486755,3.4388414204120634,,
18400,242.10997939109802,3.491401355266571,,
18500,242.903249502182,3.520997552871704,,
18600,243.78456616401672,3.4414994955062865,,
18700,244.72031831741333,3.5094174337387085,,
18800,245.67815351486206,3.4752401447296144,,
18900,246.62623262405396,3.3635086369514466,,
19000,247.45918440818787,3.37079288482666,0.048,0.03076416825912692
19100,250.59810972213745,3.4313534832000734,,
19200,251.69739365577698,3.422405104637146,,
19300,252.9076066017151,3.4353808641433714,,
19400,254.1088523864746,3.4052018308639527,,
19500,255.18942737579346,3.2974735832214357,,
19600,256.4465231895447,3.3261270928382873,,
19700,257.5083920955658,3.5322731709480286,,
19800,258.82480812072754,3.2384033155441285,,
19900,259.8780996799469,3.2723220086097715,,
20000,260.98582577705383,3.2774058163166044,0.064,0.04899502579241141
20100,264.56054162979126,3.347228980064392,,
20200,265.6870436668396,3.4709105002880096,,
20300,266.9877004623413,3.36614629983902,,
20400,268.2496511936188,3.430782291889191,,
20500,269.79306268692017,3.3497824478149414,,
20600,271.24312233924866,3.2903003203868866,,
20700,272.85685181617737,3.252997193336487,,
20800,274.19317078590393,3.4637990057468415,,
20900,275.3902451992035,3.325876533985138,,
21000,276.65423369407654,3.291442121267319,0.058,0.037757523683449604
21100,279.7002925872803,3.412787643671036,,
21200,280.797242641449,3.518733462095261,,
21300,281.8168308734894,3.27520897269249,,
21400,283.1200964450836,3.2329451394081117,,
21500,284.40731167793274,3.357719087600708,,
21600,285.33981347084045,3.4380404114723206,,
21700,286.25031423568726,3.2788816857337952,,
21800,287.0301630496979,3.2922834193706514,,
21900,287.9228413105011,3.312372487783432,,
22000,288.7970151901245,3.291133931875229,0.066,0.04526828775194788
22100,291.69600534439087,3.500761322975159,,
22200,292.7877571582794,3.312868264913559,,
22300,293.8219015598297,3.2522304344177244,,
22400,294.993527173996,3.193123829364777,,
22500,296.52507972717285,3.2125664734840393,,
22600,297.533992767334,3.091963177919388,,
22700,298.66252398490906,3.114920448064804,,
22800,299.7284982204437,3.1382176518440246,,
22900,300.766389131546,3.2040967416763304,,
23000,301.93594694137573,3.056524715423584,0.074,0.05545232449066107
23100,304.8514316082001,3.0233884596824647,,
23200,305.8309051990509,3.119056762456894,,
23300,306.8255560398102,3.081920166015625,,
23400,307.8564250469208,2.963501069545746,,
23500,308.78781723976135,3.0712220138311386,,
23600,309.7606711387634,3.0878404498100283,,
23700,310.67492508888245,3.103065609931946,,
23800,311.62671852111816,3.0134318107366562,,
23900,312.72662353515625,3.0964813244342806,,
24000,313.74359345436096,3.0721115148067475,0.084,0.07575888654501582
24100,316.8080577850342,3.2035866034030915,,
24200,318.0387897491455,2.964262999296188,,
24300,319.31748127937317,2.9636214745044707,,
24400,320.67920541763306,2.97513111948967,,
24500,321.9180495738983,3.0748250925540925,,
24600,322.98929142951965,2.982722989320755,,
24700,323.9706184864044,3.1430657148361205,,
24800,325.0435371398926,3.1483623671531675,,
24900,326.0420160293579,3.1430158472061156,,
25000,327.260719537735,3.0722039628028868,0.084,0.05925279379871743
25100,330.4810633659363,3.0089595079422,,
25200,331.5977363586426,3.1554416036605835,,
25300,332.72791385650635,3.0944171816110613,,
25400,334.0038414001465,3.2831756067276,,
25500,335.1110153198242,3.0457112014293672,,
25600,336.1112220287323,3.007787671089172,,
25700,337.27479100227356,3.2058950662612915,,
25800,338.37974524497986,3.082238050699234,,
25900,339.52668738365173,3.061271995306015,,
26000,341.127849817276,2.936937149167061,0.086,0.06453768827673893
26100,344.3330726623535,2.926154296398163,,
26200,345.37649154663086,3.0707992303371427,,
26300,346.24217534065247,2.9613327395915987,,
26400,347.0031383037567,3.104235042333603,,
26500,347.73029351234436,3.064688494205475,,
26600,348.4652943611145,2.9042697525024415,,
26700,349.46817231178284,3.0443840897083283,,
26800,350.53548526763916,3.112778006196022,,
26900,351.42478346824646,3.0345617961883544,,
27000,352.60082149505615,2.98704513669014,0.088,0.07108295051277509
27100,356.1434292793274,3.0239344787597657,,
27200,357.4034996032715,2.9763547027111055,,
27300,358.646475315094,2.8683333551883696,,
27400,359.774466753006,3.0667253971099853,,
27500,360.8477232456207,2.858298059105873,,
27600,361.8438677787781,2.8924719607830047,,
27700,362.8225598335266,3.072628365159035,,
27800,363.88159680366516,3.0093225705623627,,
27900,364.9087941646576,3.092023850679398,,
28000,366.16678524017334,3.0585920119285586,0.094,0.06505601322365458
28100,369.1382076740265,2.850371177196503,,
28200,370.12885093688965,3.1125215101242065,,
28300,371.09254908561707,2.9266604232788085,,
28400,372.32261776924133,3.0566036462783814,,
28500,373.34871530532837,3.040176695585251,,
28600,374.4132936000824,2.86705648958683,,
28700,375.2724289894104,2.8731659066677095,,
28800,376.2054560184479,2.9265885239839555,,
28900,377.07098627090454,3.192830749005079,,
29000,378.043173789978,3.0285222804546357,0.086,0.06059305323265879
29100,380.88794922828674,3.0012973988056184,,
29200,382.04898285865784,2.930290936231613,,
29300,382.98648738861084,2.8268434596061707,,
29400,383.9138925075531,2.9941918206214906,,
29500,385.2430284023285,3.0764764416217805,,
29600,386.276043176651,2.9849058878421784,,
29700,387.4282693862915,3.025594121813774,,
29800,388.66480231285095,3.0378648161888124,,
29900,389.67764687538147,2.913318012356758,,
30000,390.72847056388855,2.9711657571792602,0.102,0.0807258635417677