#{"solver": {"engine": {"type": "ExactEngine"}, "semiring": "GraphSemiring"}, "networks": [{"name": "mnist_net", "module": "MNIST_Net(\n  (softmax): Softmax(dim=1)\n  (encoder): Sequential(\n    (0): Conv2d(1, 6, kernel_size=(5, 5), stride=(1, 1))\n    (1): MaxPool2d(kernel_size=2, stride=2, padding=0, dilation=1, ceil_mode=False)\n    (2): ReLU(inplace=True)\n    (3): Conv2d(6, 16, kernel_size=(5, 5), stride=(1, 1))\n    (4): MaxPool2d(kernel_size=2, stride=2, padding=0, dilation=1, ceil_mode=False)\n    (5): ReLU(inplace=True)\n  )\n  (classifier): Sequential(\n    (0): Linear(in_features=256, out_features=120, bias=True)\n    (1): ReLU()\n    (2): Linear(in_features=120, out_features=84, bias=True)\n    (3): ReLU()\n    (4): Linear(in_features=84, out_features=10, bias=True)\n  )\n)", "optimizer": "Adam (\nParameter Group 0\n    amsgrad: False\n    betas: (0.9, 0.999)\n    capturable: False\n    decoupled_weight_decay: False\n    differentiable: False\n    eps: 1e-08\n    foreach: None\n    fused: None\n    lr: 0.001\n    maximize: False\n    weight_decay: 0\n)", "k": null}], "program": "nn(mnist_net,[X],Y,[0, 1, 2, 3, 4, 5, 6, 7, 8, 9])::digit(X,Y).\nnumber([],Result,Result).\nnumber([H | T],Acc,Result) :- digit(H,Nr), Acc2 is Nr+10*Acc, number(T,Acc2,Result).\nnumber(X,Y) :- number(X,0,Y).\nmulti_addition(X,Y,Z) :- number(X,X2), number(Y,Y2), Z is X2+Y2.\naddition(X,Y,Z) :- digit(X,X2), digit(Y,Y2), Z is X2+Y2.\n"}
#F1	0.9656299812414734
#Accuracy	0.966
i,Accuracy,F1,time,loss,ground_time,compile_time,eval_time
1,0.1,0.009569377990430622,,,,,
100,,,79.28330945968628,2.755535819530487,0.017432212829589844,0.010304975509643554,0.017304328680038453
200,,,85.0541729927063,2.588950082361698,0.017391841411590576,0.01034548282623291,0.02048232913017273
300,,,90.33509635925293,2.4539689803123474,0.017686998844146727,0.01038044810295105,0.01884683609008789
400,,,95.92401099205017,2.0801941284537318,0.017811801433563233,0.010419073104858399,0.019440736770629883
500,,,101.07513499259949,1.3868119785292947,0.017448679208755494,0.010282080173492431,0.017674005031585692
600,,,105.86251831054688,0.9651147902407683,0.017722134590148927,0.010394055843353272,0.017059507369995116
700,,,110.87107849121094,0.9886788895830978,0.017524337768554686,0.01037443518638611,0.016776149272918702
800,,,114.97503995895386,0.6136339426180348,0.0175391948223114,0.01035751700401306,0.014216845035552978
900,,,118.99595522880554,0.5559018184954766,0.01767724871635437,0.010433489084243774,0.013939610719680785
1000,0.852,0.8490980542013048,124.24647450447083,0.5107776279329846,0.017364057302474974,0.010377564430236817,0.017629318237304688
1100,,,189.06111788749695,0.47887033610200885,0.0175267493724823,0.010406938791275024,0.012880433797836304
1200,,,193.6131398677826,0.44915938795169497,0.017400310039520264,0.01033075213432312,0.014947742223739624
1300,,,198.64394783973694,0.38394806777720075,0.017454930543899537,0.010374770164489747,0.016431591510772704
1400,,,203.21750259399414,0.4012360370492065,0.017603251934051514,0.010334235429763795,0.015232999324798584
1500,,,207.20599722862244,0.4422351543635887,0.01747930884361267,0.010304590463638305,0.013701040744781495
1600,,,211.39535355567932,0.2031897797025522,0.017391384840011598,0.010213114023208618,0.014037729501724243
1700,,,216.06763315200806,0.3187471599887931,0.017408580780029298,0.01038846254348755,0.015478034019470215
1800,,,221.35378909111023,0.46829539251342794,0.017628693580627443,0.01052374005317688,0.017516733407974244
1900,,,225.2568075656891,0.4143908346439953,0.017572864294052123,0.010336872339248657,0.013242143392562866
2000,0.868,0.8658970179367824,229.24950623512268,0.3771161508487421,0.017447975873947145,0.010329011678695679,0.013761810064315795
2100,,,284.82212352752686,0.3129697761720713,0.017620832920074464,0.01036034345626831,0.011118316650390625
2200,,,288.1337032318115,0.409838487867637,0.01748325824737549,0.010412238836288452,0.011577835083007812
2300,,,290.9262764453888,0.33358182459248964,0.017787598371505738,0.010477631092071534,0.01010440468788147
2400,,,293.8920667171478,0.3809590968832163,0.017668243646621704,0.01045781135559082,0.010720983743667603
2500,,,296.65465354919434,0.11601997632713391,0.017377171516418457,0.010396745204925537,0.009806478023529052
2600,,,299.39493227005005,0.31701022019973607,0.01769225835800171,0.01037890076637268,0.009937994480133057
2700,,,301.72398376464844,0.185068040710129,0.01752037286758423,0.01038557767868042,0.008469690084457398
2800,,,304.71974062919617,0.32847539812839843,0.01736203074455261,0.0104679536819458,0.010382455587387086
2900,,,307.5372951030731,0.2536271959919395,0.017597057819366456,0.010367603302001953,0.009918650388717651
3000,0.914,0.9102025440463968,310.44607067108154,0.32316656258075455,0.017635623216629027,0.01036306619644165,0.010622694492340087
3100,,,359.3186047077179,0.20700000399831378,0.017521727085113525,0.010243281126022338,0.01058518648147583
3200,,,362.1903164386749,0.24823939526942876,0.017406251430511475,0.010372897386550903,0.01027647614479065
3300,,,365.0282099246979,0.344880898086275,0.017731900215148925,0.010464259386062623,0.010021814107894898
3400,,,367.50076127052307,0.2224157180684652,0.01756393313407898,0.010337934494018555,0.00891201376914978
3500,,,370.2363934516907,0.2975158014297631,0.017445597648620605,0.010404586791992188,0.00993486762046814
3600,,,372.965439081192,0.29899041041376223,0.01755945920944214,0.010265383720397949,0.010176060199737548
3700,,,375.6963241100311,0.26812289975866405,0.01749922275543213,0.010309940576553345,0.009965453147888183
3800,,,378.306355714798,0.1224417948321875,0.01765933632850647,0.010235239267349244,0.009140981435775757
3900,,,380.7875461578369,0.2687960671274354,0.017463144063949585,0.010370088815689087,0.009111720323562621
4000,0.928,0.9201565572215198,383.4999842643738,0.2967497934486801,0.01736634850502014,0.010197381973266601,0.009896231889724732
4100,,,427.02367758750916,0.20670185050684267,0.017609935998916627,0.010470492839813232,0.009374319314956666
4200,,,429.7981400489807,0.23967565100899219,0.01753930687904358,0.01045866847038269,0.009712544679641723
4300,,,432.5840699672699,0.21659794664463242,0.01747820496559143,0.010389076471328735,0.009991598129272462
4400,,,435.27494621276855,0.4366409259789218,0.017564719915390013,0.010445063114166259,0.009573028087615967
4500,,,438.2249131202698,0.1933321363811956,0.017727906703948974,0.01034968376159668,0.010490497350692749
4600,,,440.8037488460541,0.14684689436813095,0.017544710636138917,0.01025887131690979,0.009229096174240113
4700,,,443.44778990745544,0.21515588521764084,0.017778338193893434,0.010431147813796997,0.009443446397781372
4800,,,446.2504620552063,0.19396055459692887,0.01745508074760437,0.01032597541809082,0.009964711666107177
4900,,,449.2348864078522,0.25489044249916787,0.01725003242492676,0.010273591279983521,0.010441633462905884
5000,0.94,0.9404794818216523,452.48270869255066,0.08591124237502619,0.017527152299880982,0.010382205247879028,0.011151680946350098
5100,,,496.103244304657,0.2736623787658709,0.017635663747787477,0.010386416912078858,0.00996707558631897
5200,,,498.9001007080078,0.1624247807599295,0.0175115704536438,0.010452085733413696,0.009952195882797242
5300,,,501.8785960674286,0.14483677833530145,0.017382677793502808,0.010440566539764405,0.01030774474143982
5400,,,504.3331949710846,0.07264089751843177,0.0174449098110199,0.01039834976196289,0.008895047903060914
5500,,,506.803307056427,0.12938047319288465,0.01749706268310547,0.01018404245376587,0.008456915616989136
5600,,,509.7249450683594,0.21271189894634243,0.017485579252243044,0.010360798835754394,0.009821285009384156
5700,,,512.9379267692566,0.1677964463827878,0.017634750604629518,0.010261505842208862,0.010679010152816772
5800,,,515.5519857406616,0.11700520571346953,0.017478662729263305,0.010469796657562256,0.008996139764785766
5900,,,517.921710729599,0.10428704132929995,0.017436103820800783,0.010439114570617676,0.008435543775558472
6000,0.944,0.9374146858881229,520.5773968696594,0.2704788435878695,0.017545629739761353,0.01034041166305542,0.009608936309814454
6100,,,563.6204183101654,0.10097427564663615,0.017650009393692018,0.010410597324371338,0.009605140686035156
6200,,,566.3364112377167,0.21485010397523413,0.017636379003524782,0.010384351015090942,0.009357961416244507
6300,,,569.0328979492188,0.14926034057450008,0.01762043118476868,0.010521918535232544,0.009290313720703125
6400,,,571.6554324626923,0.15899233068391358,0.017570958137512208,0.010354958772659302,0.009193483591079712
6500,,,574.440580368042,0.24264868423635788,0.01753861665725708,0.010404375791549682,0.009561960697174072
6600,,,577.1449766159058,0.1313536169269626,0.017667540311813355,0.010544408559799195,0.009294129610061645
6700,,,580.2029161453247,0.4473740532754264,0.017526906728744508,0.010522041320800781,0.010731276273727417
6800,,,582.8838703632355,0.2613092948452045,0.017679699659347535,0.010332856178283691,0.009699063301086426
6900,,,585.5403082370758,0.17819392968510248,0.017612699270248413,0.010265228748321533,0.009404984712600708
7000,0.954,0.9515855759053969,588.0316643714905,0.11975272360328652,0.01743618130683899,0.010273462533950806,0.008842699527740479
7100,,,626.282693862915,0.17662069821095933,0.017515895366668702,0.010255656242370605,0.008906397819519043
7200,,,629.1516015529633,0.31652378284956284,0.017675490379333497,0.010408996343612672,0.009722884893417359
7300,,,632.001100063324,0.14673577137787924,0.017668806314468384,0.010380232334136963,0.009908039569854737
7400,,,635.0013875961304,0.23567942803889536,0.017406508922576905,0.010388822555541992,0.01028863549232483
7500,,,637.7731456756592,0.16456420444008338,0.01754694104194641,0.010621622800827027,0.00985859751701355
7600,,,640.4785907268524,0.10047480137990437,0.017368316650390625,0.010405716896057128,0.009164197444915772
7700,,,642.9728181362152,0.2641073401652386,0.017642189264297486,0.01038856029510498,0.008877919912338257
7800,,,645.4581770896912,0.10708018283187584,0.017545979022979736,0.010492820739746094,0.00882466435432434
7900,,,647.907074213028,0.16437699302467806,0.017555097341537474,0.010397874116897583,0.008795555830001831
8000,0.932,0.9202398234453067,650.4065766334534,0.27920336038021515,0.017403695583343506,0.010337666273117066,0.008726503849029541
8100,,,690.3526015281677,0.15701047213764924,0.017528975009918214,0.010324497222900391,0.0099424147605896
8200,,,692.7742667198181,0.1575104915222846,0.017401949167251587,0.010345309972763062,0.00878417730331421
8300,,,695.3309454917908,0.17416551152528348,0.017568286657333374,0.01048453688621521,0.00908807635307312
8400,,,697.8759107589722,0.18406661486588655,0.017562172412872314,0.01047865629196167,0.00892824649810791
8500,,,700.4786131381989,0.13674153880787424,0.017467118501663208,0.010289698839187622,0.00905868887901306
8600,,,703.2248520851135,0.09185825334239127,0.017537158727645875,0.010432668924331666,0.009405642747879028
8700,,,706.2281582355499,0.21783205632395947,0.017759588956832887,0.010322060585021973,0.01012990713119507
8800,,,709.1280107498169,0.19462071150089752,0.017509299516677856,0.01032395601272583,0.009928050041198731
8900,,,711.8866105079651,0.17279190905727365,0.017682837247848512,0.010380384922027587,0.009558534622192383
9000,0.966,0.9642243358152273,714.49773645401,0.2172919596604274,0.017465643882751465,0.01032969355583191,0.008976534605026246
9100,,,753.2777178287506,0.18560847668972016,0.0175174880027771,0.010254703760147095,0.008496670722961426
9200,,,755.6521809101105,0.16136841138948144,0.017494245767593383,0.010395889282226562,0.008447235822677613
9300,,,758.3611845970154,0.21308665804310067,0.017463746070861815,0.010431654453277588,0.00935225248336792
9400,,,761.6041634082794,0.17751038165553334,0.017543588876724244,0.010487098693847657,0.010818933248519897
9500,,,764.3405363559723,0.2272681081506691,0.017636379003524782,0.010183330774307251,0.009602607488632202
9600,,,766.7621810436249,0.09290872821134531,0.017475119829177856,0.010462135076522827,0.008884282112121581
9700,,,768.9645609855652,0.30042281080507854,0.017621830701828003,0.010239450931549073,0.008309372663497926
9800,,,771.1744587421417,0.13960512386841514,0.01736902356147766,0.01040346622467041,0.008120912313461303
9900,,,773.5742275714874,0.35762228838362403,0.01765370845794678,0.010394512414932252,0.0087825870513916
10000,0.954,0.9494792307743715,775.9664232730865,0.14710772810690614,0.017640931606292723,0.010416371822357178,0.008630605936050416
10100,,,813.8848004341125,0.20157165481434458,0.01747823119163513,0.010280369520187379,0.009014707803726197
10200,,,816.5198667049408,0.14362881297626348,0.01761326789855957,0.01040213942527771,0.009233756065368652
10300,,,819.1041924953461,0.09722644907962522,0.017502994537353517,0.010356155633926391,0.008871569633483886
10400,,,821.8428978919983,0.26354634693944734,0.017368278503417968,0.010245782136917115,0.009456516504287719
10500,,,824.4347620010376,0.09916155179123784,0.01767447829246521,0.010398757457733155,0.009092972278594971
10600,,,826.8396298885345,0.17813107670521874,0.017780964374542237,0.010388175249099732,0.008437598943710328
10700,,,829.4958055019379,0.20565177164688603,0.017772647142410277,0.010293848514556884,0.00888392210006714
10800,,,832.0104007720947,0.2702550481209797,0.017630550861358642,0.010314676761627197,0.008713699579238891
10900,,,834.6146011352539,0.1613302995111389,0.017799242734909057,0.010382314920425415,0.008896565437316895
11000,0.954,0.9475362271138639,837.450998544693,0.2912626181198098,0.017310214042663575,0.010339375734329224,0.0094235098361969
11100,,,873.1985540390015,0.13799395716110943,0.017537089586257933,0.010296599864959717,0.00895769715309143
11200,,,875.4752044677734,0.13455318122940607,0.01755868673324585,0.010395607948303222,0.008430984020233154
11300,,,877.8460032939911,0.17814015000130726,0.017985329627990723,0.010411365032196045,0.008461240530014038
11400,,,880.2126772403717,0.1136127993220548,0.0174567449092865,0.010309915542602539,0.008403784036636353
11500,,,882.424243927002,0.11758528646086056,0.01730296850204468,0.010394866466522218,0.007920445203781127
11600,,,884.7942297458649,0.31411754934025155,0.017796274423599243,0.010270838737487792,0.00831176996231079
11700,,,887.351324558258,0.17252320258262013,0.017595765590667726,0.01040255069732666,0.008878201246261597
11800,,,889.7868375778198,0.12555369685455445,0.017554075717926027,0.010320802927017212,0.008478978872299195
11900,,,892.4797832965851,0.26125133275784945,0.01734202742576599,0.0103173828125,0.009522143602371216
12000,0.962,0.9637076916183097,894.9612050056458,0.16003688080336087,0.017694029808044433,0.010528689622879029,0.008678860664367676
12100,,,931.9756238460541,0.10647319429665644,0.017513593435287477,0.010287866592407227,0.0077799451351165776
12200,,,934.3645842075348,0.05359434512321546,0.017518960237503052,0.010326648950576783,0.008160566091537475
12300,,,936.9879062175751,0.4214359289790561,0.017445219755172728,0.01047831416130066,0.0091801118850708
12400,,,939.4295122623444,0.29542668069334804,0.017743730545043947,0.01029186487197876,0.008901116847991943
12500,,,942.0707259178162,0.16369370869881003,0.01750367522239685,0.010359607934951783,0.009209812879562377
12600,,,944.2814469337463,0.20779133007020004,0.017627233266830446,0.010383847951889038,0.007963894605636597
12700,,,946.9642419815063,0.16055303588466582,0.017631131410598754,0.010303711891174317,0.009183298349380493
12800,,,949.6126606464386,0.08531000081015104,0.017514257431030272,0.010415539741516114,0.00912322998046875
12900,,,952.1625416278839,0.18424863449960086,0.01752411961555481,0.01048526644706726,0.008701279163360595
13000,0.958,0.9522942472551856,954.875657081604,0.10823755482789849,0.017656562328338624,0.010448312759399414,0.00939509153366089
13100,,,992.6557741165161,0.14915569657976763,0.017558895349502564,0.010338462591171264,0.009460771083831787
13200,,,994.999269247055,0.15608058253081597,0.01766262173652649,0.01048118233680725,0.008006110191345214
13300,,,997.5474736690521,0.276423858375611,0.017631111145019532,0.010316689014434815,0.009145792722702027
13400,,,999.9198944568634,0.1670576226102921,0.017582011222839356,0.010412412881851196,0.008517146110534668
13500,,,1002.5413365364075,0.1963977833865356,0.017600826025009154,0.010357255935668946,0.00929339051246643
13600,,,1005.2482628822327,0.11052328212517476,0.017798956632614136,0.010163174867630005,0.009427779912948608
13700,,,1007.9964046478271,0.08963453712074763,0.017450743913650514,0.010379303693771363,0.009639250040054321
13800,,,1010.6261603832245,0.1865120372047672,0.017587263584136963,0.010391597747802734,0.009111570119857788
13900,,,1013.1835432052612,0.10479163920836526,0.01764072060585022,0.01027647614479065,0.008675270080566407
14000,0.942,0.9415684600818602,1015.3995363712311,0.16697177149885772,0.017632012367248536,0.010388931035995483,0.007964344024658203
14100,,,1057.7244048118591,0.10390633905161487,0.0175882351398468,0.010468569993972778,0.009149978160858155
14200,,,1060.10520029068,0.14465094849324037,0.01733636260032654,0.010353033542633056,0.008231728076934815
14300,,,1062.899073600769,0.10274921937348974,0.017605804204940796,0.010398510694503784,0.009246494770050049
14400,,,1065.7847871780396,0.1975204979214724,0.017638107538223268,0.01045745849609375,0.009663572311401367
14500,,,1068.6286263465881,0.1448724792510742,0.017383073568344117,0.010360746383666993,0.009634793996810912
14600,,,1071.3097927570343,0.11196788230051041,0.017649638652801513,0.01039609432220459,0.008961454629898072
14700,,,1073.714097738266,0.035030969438377524,0.01754400134086609,0.010322946310043334,0.00839181900024414
14800,,,1075.9627075195312,0.03663840078346185,0.017866313457489014,0.010295453071594239,0.007813725471496582
14900,,,1078.2740581035614,0.054690876711496104,0.017697145938873293,0.01023339033126831,0.007964450120925903
15000,0.968,0.9641008871908662,1080.6103661060333,0.516266791845332,0.017819478511810302,0.010399060249328613,0.008100128173828125
15100,,,1118.2820756435394,0.15534566589891108,0.017587233781814576,0.010406396389007568,0.011691759824752807
15200,,,1121.805546760559,0.26630491202214124,0.017391841411590576,0.01034548282623291,0.011778753995895386
15300,,,1125.7298970222473,0.16352612576580075,0.017686998844146727,0.01038044810295105,0.01307080864906311
15400,,,1129.5312385559082,0.1910931887248282,0.017811801433563233,0.010419073104858399,0.012473031282424926
15500,,,1133.1788489818573,0.1304093079545346,0.017448679208755494,0.010282080173492431,0.012007447481155396
15600,,,1136.743254184723,0.09562711853896338,0.017722134590148927,0.010394055843353272,0.011569042205810547
15700,,,1140.1809623241425,0.19350186644235953,0.017524337768554686,0.01037443518638611,0.01126832127571106
15800,,,1143.3980214595795,0.11581623332740332,0.0175391948223114,0.01035751700401306,0.010465732812881469
15900,,,1146.7849361896515,0.11763015274936006,0.01767724871635437,0.010433489084243774,0.010771998167037965
16000,0.97,0.964862516587701,1149.8370122909546,0.1282600427192451,0.017364057302474974,0.010377564430236817,0.010009649991989136
16100,,,1194.35263133049,0.22576187333132475,0.0175267493724823,0.010406938791275024,0.011211185455322266
16200,,,1197.4903962612152,0.11017464666228262,0.017400310039520264,0.01033075213432312,0.010639446973800658
16300,,,1200.8580570220947,0.11898471367889563,0.017454930543899537,0.010374770164489747,0.011052004098892211
16400,,,1204.0293471813202,0.2397201675908781,0.017603251934051514,0.010334235429763795,0.010431017875671387
16500,,,1206.9931542873383,0.15114522391212493,0.01747930884361267,0.010304590463638305,0.00977462887763977
16600,,,1209.3988993167877,0.1372339931839148,0.017391384840011598,0.010213114023208618,0.008285905122756959
16700,,,1212.1351568698883,0.08903124166239852,0.017408580780029298,0.01038846254348755,0.008981907367706298
16800,,,1214.9013895988464,0.2860116893577237,0.017628693580627443,0.01052374005317688,0.00930952548980713
16900,,,1217.4844572544098,0.1888929098230974,0.017572864294052123,0.010336872339248657,0.008957879543304443
17000,0.954,0.950165087945762,1220.5074398517609,0.19324072048532157,0.017447975873947145,0.010329011678695679,0.010075321197509765
17100,,,1260.8473665714264,0.1735561685411894,0.017620832920074464,0.01036034345626831,0.011349351406097411
17200,,,1264.3092682361603,0.2822940933147297,0.01748325824737549,0.010412238836288452,0.011174269914627076
17300,,,1267.2704265117645,0.11401228429729784,0.017787598371505738,0.010477631092071534,0.00986081600189209
17400,,,1271.1850168704987,0.1492101136087127,0.017668243646621704,0.01045781135559082,0.012795964479446411
17500,,,1274.3762905597687,0.018415771735310057,0.017377171516418457,0.010396745204925537,0.010353553295135497
17600,,,1277.4399445056915,0.17637911201549958,0.01769225835800171,0.01037890076637268,0.010085188150405884
17700,,,1280.515098810196,0.06395309173244748,0.01752037286758423,0.01038557767868042,0.00989600658416748
17800,,,1283.4694755077362,0.20423854376619827,0.01736203074455261,0.0104679536819458,0.009686635732650757
17900,,,1286.340699672699,0.10345776633072248,0.017597057819366456,0.010367603302001953,0.00965277075767517
18000,0.926,0.9236982718840451,1288.6202311515808,0.15689902436173647,0.017635623216629027,0.01036306619644165,0.008204779624938964
18100,,,1335.7071850299835,0.10969580082797849,0.017521727085113525,0.010243281126022338,0.009884005784988404
18200,,,1339.3549909591675,0.06142792946107588,0.017406251430511475,0.010372897386550903,0.011461864709854126
18300,,,1343.0904643535614,0.2360820661603843,0.017731900215148925,0.010464259386062623,0.011841899156570435
18400,,,1346.9541730880737,0.10411400546119076,0.01756393313407898,0.010337934494018555,0.0119454824924469
18500,,,1350.111912727356,0.10730681141138025,0.017445597648620605,0.010404586791992188,0.010582653284072875
18600,,,1352.6964211463928,0.12813329763037035,0.01755945920944214,0.010265383720397949,0.008667892217636109
18700,,,1354.923496723175,0.1491395132064185,0.01749922275543213,0.010309940576553345,0.007925401926040649
18800,,,1357.4630105495453,0.10858860128982187,0.01765933632850647,0.010235239267349244,0.008382365703582764
18900,,,1360.5029752254486,0.1206606289877212,0.017463144063949585,0.010370088815689087,0.009832340478897094
19000,0.968,0.9631606872330322,1364.569048166275,0.12253855122251238,0.01736634850502014,0.010197381973266601,0.01289696216583252
19100,,,1413.4629459381104,0.0884137544475633,0.017609935998916627,0.010470492839813232,0.01159876823425293
19200,,,1417.9973888397217,0.14458065242034945,0.01753930687904358,0.01045866847038269,0.014413007497787476
19300,,,1420.8583421707153,0.10440676940095851,0.01747820496559143,0.010389076471328735,0.00968576192855835
19400,,,1423.7702949047089,0.2346684849846529,0.017564719915390013,0.010445063114166259,0.009754058122634888
19500,,,1426.8688793182373,0.15516901154214532,0.017727906703948974,0.01034968376159668,0.010249675512313842
19600,,,1431.2212615013123,0.10955208995929311,0.017544710636138917,0.01025887131690979,0.013717085123062134
19700,,,1435.3555941581726,0.07070728320341689,0.017778338193893434,0.010431147813796997,0.0132389235496521
19800,,,1439.4154362678528,0.07158731817896119,0.01745508074760437,0.01032597541809082,0.012957843542099
19900,,,1444.301810503006,0.17577326876442928,0.01725003242492676,0.010273591279983521,0.015118690729141236
20000,0.936,0.9388884287925726,1448.8613011837006,0.03246035564334397,0.017527152299880982,0.010382205247879028,0.014396191835403442
20100,,,1491.343695640564,0.24878764493315347,0.017635663747787477,0.010386416912078858,0.009412966966629029
20200,,,1494.8872168064117,0.18284103945001454,0.0175115704536438,0.010452085733413696,0.011216757297515869
20300,,,1498.115511417389,0.08330228560520254,0.017382677793502808,0.010440566539764405,0.010893268585205078
20400,,,1501.2259838581085,0.047066991966943306,0.0174449098110199,0.01039834976196289,0.01005942463874817
20500,,,1504.5117828845978,0.14834447585597665,0.01749706268310547,0.01018404245376587,0.010301698446273804
20600,,,1507.9543449878693,0.11673613484792042,0.017485579252243044,0.010360798835754394,0.01085129976272583
20700,,,1511.0817399024963,0.13050644921027477,0.017634750604629518,0.010261505842208862,0.010156908035278321
20800,,,1514.058307170868,0.06513167200647547,0.017478662729263305,0.010469796657562256,0.009798531532287597
20900,,,1516.606790304184,0.0933651849300588,0.017436103820800783,0.010439114570617676,0.008623435497283935
21000,0.964,0.9651438388125819,1519.2454462051392,0.16307900026566052,0.017545629739761353,0.01034041166305542,0.008760594129562378
21100,,,1560.4287226200104,0.04457629665156524,0.017650009393692018,0.010410597324371338,0.009558988809585571
21200,,,1563.3011574745178,0.14712391260267338,0.017636379003524782,0.010384351015090942,0.009542982578277587
21300,,,1566.3765528202057,0.15061847557711186,0.01762043118476868,0.010521918535232544,0.010186141729354859
21400,,,1569.5512766838074,0.1493653082574649,0.017570958137512208,0.010354958772659302,0.01040915846824646
21500,,,1573.2151997089386,0.13966690848288818,0.01753861665725708,0.010404375791549682,0.011592901945114135
21600,,,1577.1834659576416,0.1370374775601101,0.017667540311813355,0.010544408559799195,0.012638744115829468
21700,,,1581.6635613441467,0.2846471614213938,0.017526906728744508,0.010522041320800781,0.014580843448638916
21800,,,1585.0309817790985,0.12871398344149018,0.017679699659347535,0.010332856178283691,0.011236660480499268
21900,,,1588.626692533493,0.11766092051502604,0.017612699270248413,0.010265228748321533,0.01175660252571106
22000,0.958,0.9624369443157585,1591.614740371704,0.10277563286504986,0.01743618130683899,0.010273462533950806,0.009762773513793946
22100,,,1633.104606628418,0.08676742875586552,0.017515895366668702,0.010255656242370605,0.01013948917388916
22200,,,1635.772049665451,0.2162066395599284,0.017675490379333497,0.010408996343612672,0.00896651029586792
22300,,,1638.8500685691833,0.10301324314379272,0.017668806314468384,0.010380232334136963,0.01036482810974121
22400,,,1642.2666125297546,0.09474474631533045,0.017406508922576905,0.010388822555541992,0.010757606029510498
22500,,,1645.2798964977264,0.09494600075071137,0.01754694104194641,0.010621622800827027,0.010004539489746094
22600,,,1649.0901639461517,0.08205261970904795,0.017368316650390625,0.010405716896057128,0.011885788440704346
22700,,,1651.590502500534,0.11836266355804426,0.017642189264297486,0.01038856029510498,0.008389456272125244
22800,,,1653.9174239635468,0.11837668218943705,0.017545979022979736,0.010492820739746094,0.007839962244033813
22900,,,1657.0739822387695,0.17367329832722345,0.017555097341537474,0.010397874116897583,0.010379005670547486
23000,0.964,0.9577324283450073,1660.8324310779572,0.12051212391761056,0.017403695583343506,0.010337666273117066,0.011823537349700928
23100,,,1697.5958709716797,0.0943021772131884,0.017528975009918214,0.010324497222900391,0.010580334663391113
23200,,,1700.4078977108002,0.16462732512000192,0.017401949167251587,0.010345309972763062,0.009238266944885254
23300,,,1703.958375453949,0.1559825408347941,0.017568286657333374,0.01048453688621521,0.011203169822692871
23400,,,1707.0141503810883,0.10553817726932949,0.017562172412872314,0.01047865629196167,0.010037859678268432
23500,,,1709.8884346485138,0.123252169458709,0.017467118501663208,0.010289698839187622,0.009397724866867066
23600,,,1712.6366200447083,0.018831150236809212,0.017537158727645875,0.010432668924331666,0.008772753477096558
23700,,,1716.0679669380188,0.2455088136696511,0.017759588956832887,0.010322060585021973,0.010810575485229491
23800,,,1719.9220752716064,0.17271738548889692,0.017509299516677856,0.01032395601272583,0.012402406930923461
23900,,,1722.9446897506714,0.11563046643041161,0.017682837247848512,0.010380384922027587,0.009556839466094971
24000,0.956,0.9563646464894466,1725.8462870121002,0.08996829612932646,0.017465643882751465,0.01032969355583191,0.00932788610458374
24100,,,1764.469435930252,0.12148663029750331,0.0175174880027771,0.010254703760147095,0.008187073469161987
24200,,,1767.7094631195068,0.16357799774997567,0.017494245767593383,0.010395889282226562,0.010390535593032837
24300,,,1771.0436837673187,0.1334624508170523,0.017463746070861815,0.010431654453277588,0.010630080699920655
24400,,,1774.243548631668,0.11184758799163091,0.017543588876724244,0.010487098693847657,0.010507553815841675
24500,,,1776.787213087082,0.12067440352139798,0.017636379003524782,0.010183330774307251,0.008647550344467164
24600,,,1779.506008863449,0.04155135824183887,0.017475119829177856,0.010462135076522827,0.00880530834197998
24700,,,1782.4680650234222,0.173391131173287,0.017621830701828003,0.010239450931549073,0.009613440036773682
24800,,,1785.6878452301025,0.07148414138220127,0.01736902356147766,0.01040346622467041,0.010085184574127198
24900,,,1790.0458192825317,0.22235056069532189,0.01765370845794678,0.010394512414932252,0.013739734888076782
25000,0.97,0.9625864614111102,1793.949450492859,0.12846665648961242,0.017640931606292723,0.010416371822357178,0.012789219617843628
25100,,,1837.6606175899506,0.21285554879952528,0.01747823119163513,0.010280369520187379,0.009293824434280396
25200,,,1840.9257879257202,0.10946286536005523,0.01761326789855957,0.01040213942527771,0.010385876893997193
25300,,,1843.9084753990173,0.10116134489213771,0.017502994537353517,0.010356155633926391,0.009454299211502076
25400,,,1847.2987337112427,0.23024742940461512,0.017368278503417968,0.010245782136917115,0.01074854850769043
25500,,,1850.1127564907074,0.16350564725987982,0.01767447829246521,0.010398757457733155,0.00934005856513977
25600,,,1852.826548576355,0.09852078647239484,0.017780964374542237,0.010388175249099732,0.009058399200439453
25700,,,1855.7528607845306,0.11762240984475661,0.017772647142410277,0.010293848514556884,0.00953097701072693
25800,,,1858.7053980827332,0.2406256548498447,0.017630550861358642,0.010314676761627197,0.009701721668243408
25900,,,1861.588301897049,0.09296862814865729,0.017799242734909057,0.010382314920425415,0.009633969068527221
26000,0.954,0.9488943083797142,1864.1244614124298,0.12546259517480635,0.017310214042663575,0.010339375734329224,0.008954362869262695
26100,,,1906.8236043453217,0.05563205280804197,0.017537089586257933,0.010296599864959717,0.011780985593795777
26200,,,1910.0282530784607,0.06111309955724789,0.01755868673324585,0.010395607948303222,0.010330716371536255
26300,,,1913.3711912631989,0.12754688386141116,0.017985329627990723,0.010411365032196045,0.010451271533966064
26400,,,1916.7695758342743,0.08685110340729839,0.0174567449092865,0.010309915542602539,0.010664054155349732
26500,,,1919.3850355148315,0.06927087094948417,0.01730296850204468,0.010394866466522218,0.008743904829025269
26600,,,1921.9187881946564,0.1979845996856743,0.017796274423599243,0.010270838737487792,0.008209493160247803
26700,,,1924.0963549613953,0.14919923662159273,0.017595765590667726,0.01040255069732666,0.007642766237258911
26800,,,1927.0289058685303,0.059012329408425906,0.017554075717926027,0.010320802927017212,0.009209651947021485
26900,,,1930.3029794692993,0.23238812714076307,0.01734202742576599,0.0103173828125,0.010455021858215332
27000,0.966,0.9614459527756185,1933.4216935634613,0.11404456191408627,0.017694029808044433,0.010528689622879029,0.009942922592163086
27100,,,1971.5226833820343,0.09183173145549482,0.017513593435287477,0.010287866592407227,0.010046921968460083
27200,,,1973.8401668071747,0.04839815083644258,0.017518960237503052,0.010326648950576783,0.007643522024154663
27300,,,1975.933754682541,0.27183264010887126,0.017445219755172728,0.01047831416130066,0.0074950110912323
27400,,,1978.4203352928162,0.35508534484642906,0.017743730545043947,0.01029186487197876,0.008354239463806153
27500,,,1980.6182432174683,0.11277779164119316,0.01750367522239685,0.010359607934951783,0.007606345415115357
27600,,,1982.9669177532196,0.14115112047296668,0.017627233266830446,0.010383847951889038,0.007911425828933717
27700,,,1985.0828549861908,0.10351355940357604,0.017631131410598754,0.010303711891174317,0.007539089918136597
27800,,,1987.0127575397491,0.09748923483373417,0.017514257431030272,0.010415539741516114,0.007125346660614013
27900,,,1988.9513728618622,0.05677845098611011,0.01752411961555481,0.01048526644706726,0.006988899707794189
28000,0.962,0.9629693952663585,1991.0777943134308,0.09771042666717922,0.017656562328338624,0.010448312759399414,0.00739886999130249
28100,,,2022.8142218589783,0.1065564357872621,0.017558895349502564,0.010338462591171264,0.007648897171020508
28200,,,2025.1419427394867,0.062114934238880634,0.01766262173652649,0.01048118233680725,0.007648626565933228
28300,,,2027.6807589530945,0.21017823157267543,0.017631111145019532,0.010316689014434815,0.008403548002243043
28400,,,2030.691327571869,0.15141867673288462,0.017582011222839356,0.010412412881851196,0.009771655797958374
28500,,,2033.3229093551636,0.1261094356937688,0.017600826025009154,0.010357255935668946,0.008946508169174194
28600,,,2035.7134895324707,0.06089358487460097,0.017798956632614136,0.010163174867630005,0.008177545070648193
28700,,,2038.5961029529572,0.05754968452077957,0.017450743913650514,0.010379303693771363,0.00912663221359253
28800,,,2041.3325316905975,0.06372321928241469,0.017587263584136963,0.010391597747802734,0.009125047922134399
28900,,,2043.8327383995056,0.10339421338011683,0.01764072060585022,0.01027647614479065,0.008208068609237671
29000,0.96,0.948425808839093,2045.9980609416962,0.04732537930766071,0.017632012367248536,0.010388931035995483,0.0074503421783447266
29100,,,2075.3973190784454,0.1007517290143049,0.0175882351398468,0.010468569993972778,0.006399296522140503
29200,,,2077.208861351013,0.10388033812962333,0.01733636260032654,0.010353033542633056,0.006513534784317016
29300,,,2079.3788208961487,0.06401908475589436,0.017605804204940796,0.010398510694503784,0.007268918752670288
29400,,,2081.409036874771,0.03775930305641529,0.017638107538223268,0.01045745849609375,0.007048851251602173
29500,,,2083.1732087135315,0.14088057967358997,0.017383073568344117,0.010360746383666993,0.006637401580810547
29600,,,2085.0660779476166,0.029425263618955793,0.017649638652801513,0.01039609432220459,0.006704360246658325
29700,,,2086.8097722530365,0.037718391916299304,0.01754400134086609,0.010322946310043334,0.006429975032806397
29800,,,2088.609051465988,0.04196550329989965,0.017866313457489014,0.010295453071594239,0.00644636869430542
29900,,,2090.4512779712677,0.031876872418513516,0.017697145938873293,0.01023339033126831,0.006340806484222412
30000,0.968,0.9643351216958659,2092.4598066806793,0.3061439955044892,0.017819478511810302,0.010399060249328613,0.00676546573638916
30100,,,2122.4355351924896,0.11119198913585608,0.017587233781814576,0.010406396389007568,0.007715045213699341
30200,,,2124.5043375492096,0.17859169809419323,0.017391841411590576,0.01034548282623291,0.00724181056022644
30300,,,2126.578932762146,0.07715625591591245,0.017686998844146727,0.01038044810295105,0.007442648410797119
30400,,,2128.9095714092255,0.11417567402842625,0.017811801433563233,0.010419073104858399,0.007913810014724732
30500,,,2131.2788462638855,0.10217041228597644,0.017448679208755494,0.010282080173492431,0.007755396366119385
30600,,,2133.4010524749756,0.06648021701885748,0.017722134590148927,0.010394055843353272,0.007250937223434448
30700,,,2135.8289923667908,0.08053029047262888,0.017524337768554686,0.01037443518638611,0.00796465516090393
30800,,,2138.0679318904877,0.10112534684924167,0.0175391948223114,0.01035751700401306,0.007429300546646118
30900,,,2139.901124238968,0.07151954752254502,0.01767724871635437,0.010433489084243774,0.006565451622009277
31000,0.958,0.9521361944996435,2141.9551389217377,0.13580471899325997,0.017364057302474974,0.010377564430236817,0.007116734981536865
31100,,,2174.0765810012817,0.23367067236293726,0.0175267493724823,0.010406938791275024,0.007364968061447144
31200,,,2176.2904398441315,0.09077845076305337,0.017400310039520264,0.01033075213432312,0.007615156173706054
31300,,,2178.27894616127,0.09943910572663948,0.017454930543899537,0.010374770164489747,0.007091306447982788
31400,,,2180.1213371753693,0.19465669644169534,0.017603251934051514,0.010334235429763795,0.006643164157867432
31500,,,2182.411209344864,0.11770696720878228,0.01747930884361267,0.010304590463638305,0.0075675249099731445
31600,,,2184.6420924663544,0.08314642380073327,0.017391384840011598,0.010213114023208618,0.0074501407146453855
31700,,,2186.6639454364777,0.06525853670630759,0.017408580780029298,0.01038846254348755,0.007016284465789795
31800,,,2188.839721441269,0.20944328025170125,0.017628693580627443,0.01052374005317688,0.007334650754928589
31900,,,2191.0097799301147,0.08394565349124292,0.017572864294052123,0.010336872339248657,0.007312512397766114
32000,0.962,0.960865990463139,2193.385389328003,0.120919455680524,0.017447975873947145,0.010329011678695679,0.007905268669128418
32100,,,2223.058474302292,0.03500788274871246,0.017620832920074464,0.01036034345626831,0.006410609483718872
32200,,,2224.8082053661346,0.1709363665167638,0.01748325824737549,0.010412238836288452,0.006675089597702026
32300,,,2226.8091139793396,0.08490396188784465,0.017787598371505738,0.010477631092071534,0.007058370113372803
32400,,,2228.9552376270294,0.18378364294351965,0.017668243646621704,0.01045781135559082,0.007402011156082153
32500,,,2230.7696838378906,0.06963494191522172,0.017377171516418457,0.010396745204925537,0.006767784357070923
32600,,,2233.0234591960907,0.12263609750327398,0.01769225835800171,0.01037890076637268,0.007772336006164551
32700,,,2234.906677722931,0.016668374623968543,0.01752037286758423,0.01038557767868042,0.0068228161334991455
32800,,,2237.2093408107758,0.24068060365117258,0.01736203074455261,0.0104679536819458,0.007594630718231201
32900,,,2239.312353849411,0.07029804277296298,0.017597057819366456,0.010367603302001953,0.007429200410842896
33000,0.94,0.9381311379140818,2241.821748495102,0.11816333883170312,0.017635623216629027,0.01036306619644165,0.008207231760025024
33100,,,2272.9161818027496,0.06807211566309752,0.017521727085113525,0.010243281126022338,0.007292037010192871
33200,,,2275.286026239395,0.08563704700838884,0.017406251430511475,0.010372897386550903,0.007818088531494141
33300,,,2277.255092859268,0.09788492223944555,0.017731900215148925,0.010464259386062623,0.006857346296310424
33400,,,2279.0683493614197,0.026203702374156538,0.01756393313407898,0.010337934494018555,0.006137079000473023
33500,,,2280.7157113552094,0.10972146884100266,0.017445597648620605,0.010404586791992188,0.006116088628768921
33600,,,2282.832373380661,0.11153934867732755,0.01755945920944214,0.010265383720397949,0.007220398187637329
33700,,,2285.151616334915,0.12677580948298664,0.01749922275543213,0.010309940576553345,0.0076442456245422365
33800,,,2287.579978466034,0.0930655705029951,0.01765933632850647,0.010235239267349244,0.008006136417388916
33900,,,2289.799484014511,0.14028320712678286,0.017463144063949585,0.010370088815689087,0.007451390027999878
34000,0.95,0.9521201452332001,2291.926653146744,0.13370027691132969,0.01736634850502014,0.010197381973266601,0.007486827373504638
34100,,,2323.8223984241486,0.05246499084817728,0.017609935998916627,0.010470492839813232,0.007419785261154175
34200,,,2325.664532184601,0.09473499103393561,0.01753930687904358,0.01045866847038269,0.006698943376541137
34300,,,2327.8522822856903,0.0864162511571556,0.01747820496559143,0.010389076471328735,0.007260959148406982
34400,,,2329.5655558109283,0.21922288835924927,0.017564719915390013,0.010445063114166259,0.00617931604385376
34500,,,2331.590225458145,0.21688464131423044,0.017727906703948974,0.01034968376159668,0.007035360336303711
34600,,,2333.708304643631,0.0859565776960286,0.017544710636138917,0.01025887131690979,0.0072620737552642825
34700,,,2335.7193813323975,0.09735033820897691,0.017778338193893434,0.010431147813796997,0.007123639583587646
34800,,,2337.8785185813904,0.05023370488490647,0.01745508074760437,0.01032597541809082,0.007206739187240601
34900,,,2340.085063457489,0.10161376110746026,0.01725003242492676,0.010273591279983521,0.007414350509643555
35000,0.972,0.9742269142897289,2342.1097462177277,0.016755017538907974,0.017527152299880982,0.010382205247879028,0.006933434009552002
35100,,,2369.584465742111,0.11405278612226119,0.017635663747787477,0.010386416912078858,0.007413171529769898
35200,,,2371.6009566783905,0.10581561563034952,0.0175115704536438,0.010452085733413696,0.00736862301826477
35300,,,2373.685886621475,0.11188587243301487,0.017382677793502808,0.010440566539764405,0.0075026297569274905
35400,,,2375.8031129837036,0.03517261072792025,0.0174449098110199,0.01039834976196289,0.007502311468124389
35500,,,2377.697605371475,0.032860906664209565,0.01749706268310547,0.01018404245376587,0.006883580684661866
35600,,,2379.7370738983154,0.05934156157401662,0.017485579252243044,0.010360798835754394,0.0070943903923034665
35700,,,2381.5364458560944,0.09604742916385714,0.017634750604629518,0.010261505842208862,0.0064971399307250976
35800,,,2383.317176580429,0.05015862796619621,0.017478662729263305,0.010469796657562256,0.006398322582244873
35900,,,2385.1914496421814,0.07280381770795079,0.017436103820800783,0.010439114570617676,0.006656672954559326
36000,0.96,0.9565362015373335,2387.360675573349,0.21746229053827068,0.017545629739761353,0.01034041166305542,0.007405629158020019
36100,,,2416.5310475826263,0.05238934855402984,0.017650009393692018,0.010410597324371338,0.006454282999038696
36200,,,2418.5343260765076,0.0819272510990605,0.017636379003524782,0.010384351015090942,0.007061648368835449
36300,,,2420.517880678177,0.12409607055858476,0.01762043118476868,0.010521918535232544,0.007066557407379151
36400,,,2422.578487634659,0.08567269110865024,0.017570958137512208,0.010354958772659302,0.007276077270507813
36500,,,2424.6951854228973,0.09113827011143848,0.01753861665725708,0.010404375791549682,0.00748612642288208
36600,,,2426.7782809734344,0.08753365949279691,0.017667540311813355,0.010544408559799195,0.007289999723434448
36700,,,2429.051374912262,0.2576749177236248,0.017526906728744508,0.010522041320800781,0.008075658082962036
36800,,,2431.116377353668,0.10476936982943062,0.017679699659347535,0.010332856178283691,0.007200857400894165
36900,,,2432.981824874878,0.09105350374758464,0.017612699270248413,0.010265228748321533,0.006415798664093018
37000,0.972,0.9732825471092005,2434.9645023345947,0.05634127119713996,0.01743618130683899,0.010273462533950806,0.006913464069366455
37100,,,2464.029119491577,0.06042443638414996,0.017515895366668702,0.010255656242370605,0.006963317394256592
37200,,,2465.945629835129,0.1492763947139059,0.017675490379333497,0.010408996343612672,0.00669748067855835
37300,,,2468.125565767288,0.04851426456168033,0.017668806314468384,0.010380232334136963,0.007229979038238525
37400,,,2470.367120027542,0.13349488887784602,0.017406508922576905,0.010388822555541992,0.007327610254287719
37500,,,2472.7957718372345,0.024090544246193276,0.01754694104194641,0.010621622800827027,0.008140915632247924
37600,,,2474.57634305954,0.0800294771846075,0.017368316650390625,0.010405716896057128,0.006592084169387818
37700,,,2476.630422115326,0.06994086364957672,0.017642189264297486,0.01038856029510498,0.00709389328956604
37800,,,2478.83345079422,0.07496625248545524,0.017545979022979736,0.010492820739746094,0.007331219911575318
37900,,,2481.0745067596436,0.07116415802830693,0.017555097341537474,0.010397874116897583,0.007521803379058838
38000,0.962,0.9559502529879476,2483.1890671253204,0.07755810105551107,0.017403695583343506,0.010337666273117066,0.007107445001602173
38100,,,2509.7741537094116,0.20359350239133803,0.017528975009918214,0.010324497222900391,0.0064420878887176515
38200,,,2511.990931749344,0.15395988988940243,0.017401949167251587,0.010345309972763062,0.007491275072097779
38300,,,2514.0953962802887,0.16808720747927958,0.017568286657333374,0.01048453688621521,0.007190136909484863
38400,,,2515.9347648620605,0.051260715366770605,0.017562172412872314,0.01047865629196167,0.006624614000320435
38500,,,2517.6412851810455,0.08692220627292628,0.017467118501663208,0.010289698839187622,0.005959898233413696
38600,,,2519.3636190891266,0.018739325112796558,0.017537158727645875,0.010432668924331666,0.00618732213973999
38700,,,2521.1178166866302,0.10943226815486216,0.017759588956832887,0.010322060585021973,0.006438058614730835
38800,,,2522.9772255420685,0.1386411493735045,0.017509299516677856,0.01032395601272583,0.006774406433105468
38900,,,2524.7409539222717,0.16315773897983893,0.017682837247848512,0.010380384922027587,0.006466820240020752
39000,0.958,0.9641332950652848,2526.556696176529,0.09934453564709159,0.017465643882751465,0.01032969355583191,0.006675177812576294
39100,,,2556.002292871475,0.11606381736146983,0.0175174880027771,0.010254703760147095,0.007318038940429688
39200,,,2557.9515323638916,0.141219853810708,0.017494245767593383,0.010395889282226562,0.006939482688903808
39300,,,2560.0193626880646,0.15065323803425898,0.017463746070861815,0.010431654453277588,0.007274279594421387
39400,,,2562.5382072925568,0.0744113759770045,0.017543588876724244,0.010487098693847657,0.008157389163970947
39500,,,2564.5280814170837,0.146095508345909,0.017636379003524782,0.010183330774307251,0.007113846540451049
39600,,,2566.5518023967743,0.1472456143010147,0.017475119829177856,0.010462135076522827,0.006889524459838867
39700,,,2568.4710335731506,0.13077284648353082,0.017621830701828003,0.010239450931549073,0.006657699346542359
39800,,,2570.576895236969,0.08419927357817432,0.01736902356147766,0.01040346622467041,0.0071234583854675295
39900,,,2572.5101215839386,0.13999804197716606,0.01765370845794678,0.010394512414932252,0.007355117797851562
40000,0.956,0.9390766853274398,2574.595377922058,0.0907555216811248,0.017640931606292723,0.010416371822357178,0.007249293327331543
40100,,,2602.3920409679413,0.21033289114826892,0.01747823119163513,0.010280369520187379,0.006467026472091675
40200,,,2604.0719113349915,0.06976258356835467,0.01761326789855957,0.01040213942527771,0.006337617635726929
40300,,,2606.0329670906067,0.11119869226311771,0.017502994537353517,0.010356155633926391,0.006911612749099731
40400,,,2608.1553456783295,0.21140527649908766,0.017368278503417968,0.010245782136917115,0.0074958157539367675
40500,,,2610.3813021183014,0.0715593819143106,0.01767447829246521,0.010398757457733155,0.00750314474105835
40600,,,2612.563888311386,0.1280978775895949,0.017780964374542237,0.010388175249099732,0.0074273359775543215
40700,,,2614.4974236488342,0.09722789195952558,0.017772647142410277,0.010293848514556884,0.006827625036239624
40800,,,2616.56423664093,0.11685978563353444,0.017630550861358642,0.010314676761627197,0.007023453712463379
40900,,,2618.949422121048,0.07952268084405681,0.017799242734909057,0.010382314920425415,0.007935959100723266
41000,0.964,0.9531869412563311,2621.3193140029907,0.0644595813966992,0.017310214042663575,0.010339375734329224,0.007895739078521728
41100,,,2652.7467234134674,0.05928138175928566,0.017537089586257933,0.010296599864959717,0.007852663993835449
41200,,,2654.7964906692505,0.052336307750631604,0.01755868673324585,0.010395607948303222,0.007152662277221679
41300,,,2656.683655977249,0.057072332703014775,0.017985329627990723,0.010411365032196045,0.006796954870223999
41400,,,2658.467042684555,0.07166090875409713,0.0174567449092865,0.010309915542602539,0.006655207872390747
41500,,,2660.4758553504944,0.05953636956738312,0.01730296850204468,0.010394866466522218,0.007007948160171509
41600,,,2662.581511259079,0.1591896922249177,0.017796274423599243,0.010270838737487792,0.007095420360565185
41700,,,2664.3532814979553,0.0695512246200496,0.017595765590667726,0.01040255069732666,0.006150467395782471
41800,,,2666.0534479618073,0.07738768834465895,0.017554075717926027,0.010320802927017212,0.005995113849639893
41900,,,2667.8849477767944,0.17160633800448724,0.01734202742576599,0.0103173828125,0.006755657196044922
42000,0.954,0.9449517783258861,2670.435846567154,0.1537009626513158,0.017694029808044433,0.010528689622879029,0.008242424726486206
42100,,,2700.7869758605957,0.09700631671536572,0.017513593435287477,0.010287866592407227,0.007335833311080933
42200,,,2703.040496110916,0.04041401758953181,0.017518960237503052,0.010326648950576783,0.007384703159332275
42300,,,2704.9103105068207,0.32183149769001157,0.017445219755172728,0.01047831416130066,0.006736201047897339
42400,,,2707.334544658661,0.17515695091896102,0.017743730545043947,0.01029186487197876,0.007969422340393066
42500,,,2709.494311571121,0.053328037620076235,0.01750367522239685,0.010359607934951783,0.007533680200576782
42600,,,2711.6608259677887,0.1136246481536758,0.017627233266830446,0.010383847951889038,0.007245981693267822
42700,,,2713.7625908851624,0.11604096808440367,0.017631131410598754,0.010303711891174317,0.006958775520324707
42800,,,2715.6092162132263,0.02680624408797466,0.017514257431030272,0.010415539741516114,0.0064651560783386235
42900,,,2717.5811791419983,0.12078299784848338,0.01752411961555481,0.01048526644706726,0.006907950639724731
43000,0.958,0.9600094999281098,2719.6094903945923,0.10446801390991743,0.017656562328338624,0.010448312759399414,0.006925636529922485
43100,,,2746.8336129188538,0.09073204371296414,0.017558895349502564,0.010338462591171264,0.00675938606262207
43200,,,2748.9829671382904,0.024481133786634163,0.01766262173652649,0.01048118233680725,0.007207204103469849
43300,,,2751.2640953063965,0.20281785463996527,0.017631111145019532,0.010316689014434815,0.0075486540794372555
43400,,,2753.5021550655365,0.08428251173020591,0.017582011222839356,0.010412412881851196,0.0074411141872406
43500,,,2755.5175971984863,0.14526356532167223,0.017600826025009154,0.010357255935668946,0.007192991971969605
43600,,,2757.521563053131,0.07115208895937458,0.017798956632614136,0.010163174867630005,0.007036846876144409
43700,,,2759.4756619930267,0.057550259984211635,0.017450743913650514,0.010379303693771363,0.006937755346298218
43800,,,2761.332913160324,0.02279016053854187,0.017587263584136963,0.010391597747802734,0.006527688503265381
43900,,,2763.168479204178,0.10743217043628812,0.01764072060585022,0.01027647614479065,0.006296942234039307
44000,0.962,0.9515804062336566,2765.0577898025513,0.03894443167219351,0.017632012367248536,0.010388931035995483,0.0066919422149658205
44100,,,2792.0757715702057,0.08716414454877956,0.0175882351398468,0.010468569993972778,0.006534316539764404
44200,,,2794.351380109787,0.12286847219757253,0.01733636260032654,0.010353033542633056,0.007435541152954101
44300,,,2796.348564147949,0.03558063693056429,0.017605804204940796,0.010398510694503784,0.006565198898315429
44400,,,2798.551458835602,0.0864746802802784,0.017638107538223268,0.01045745849609375,0.007164976596832275
44500,,,2800.676533937454,0.07461067575381825,0.017383073568344117,0.010360746383666993,0.007174433469772339
44600,,,2802.6594977378845,0.04679819159519039,0.017649638652801513,0.01039609432220459,0.006676461696624756
44700,,,2804.819445848465,0.009464592813411308,0.01754400134086609,0.010322946310043334,0.0071448349952697755
44800,,,2806.545928955078,0.008755816989136881,0.017866313457489014,0.010295453071594239,0.0063015627861022945
44900,,,2808.5373888015747,0.011046322685050028,0.017697145938873293,0.01023339033126831,0.007000492811203003
45000,0.968,0.9512591393700843,2810.61842918396,0.2666620348914438,0.017819478511810302,0.010399060249328613,0.0069259822368621824
45100,,,2838.3782393932343,0.06972425745976352,0.017587233781814576,0.010406396389007568,0.006410263776779175
45200,,,2840.344482421875,0.14424130697194937,0.017391841411590576,0.01034548282623291,0.006823549270629883
45300,,,2842.441051721573,0.10347092218188539,0.017686998844146727,0.01038044810295105,0.00720228910446167
45400,,,2844.2773344516754,0.06914054531574673,0.017811801433563233,0.010419073104858399,0.006765046119689941
45500,,,2846.2913784980774,0.06993976949045595,0.017448679208755494,0.010282080173492431,0.0068718457221984865
45600,,,2848.3588111400604,0.02662797568519646,0.017722134590148927,0.010394055843353272,0.007036318778991699
45700,,,2850.1288850307465,0.11990444808615251,0.017524337768554686,0.01037443518638611,0.0065710687637329105
45800,,,2852.2469761371613,0.04951716046345492,0.0175391948223114,0.01035751700401306,0.007199380397796631
45900,,,2854.3689665794373,0.05451454162425873,0.01767724871635437,0.010433489084243774,0.007084628343582153
46000,0.95,0.9407629396170311,2856.3967938423157,0.07701711975909084,0.017364057302474974,0.010377564430236817,0.006890245676040649
46100,,,2885.4669663906097,0.11556607090002304,0.0175267493724823,0.010406938791275024,0.006892865896224976
46200,,,2887.4244582653046,0.07825385834001114,0.017400310039520264,0.01033075213432312,0.007153542041778565
46300,,,2889.666522026062,0.08172685802246021,0.017454930543899537,0.010374770164489747,0.007419624328613281
46400,,,2891.633303642273,0.19764558434392218,0.017603251934051514,0.010334235429763795,0.006770673990249634
46500,,,2893.4487285614014,0.07720956922338544,0.01747930884361267,0.010304590463638305,0.006427912712097168
46600,,,2895.311979532242,0.09657330476192127,0.017391384840011598,0.010213114023208618,0.006667068004608154
46700,,,2897.017021417618,0.06347853109367686,0.017408580780029298,0.01038846254348755,0.006158469915390014
46800,,,2898.651171684265,0.13922062502763322,0.017628693580627443,0.01052374005317688,0.00604135274887085
46900,,,2900.641622543335,0.07241242942415742,0.017572864294052123,0.010336872339248657,0.006833151578903198
47000,0.95,0.9331018499407511,2902.8305513858795,0.08498947021585529,0.017447975873947145,0.010329011678695679,0.007170863151550293
47100,,,2929.9329051971436,0.06049415337471098,0.017620832920074464,0.01036034345626831,0.006498559713363648
47200,,,2931.733520746231,0.18304197224893146,0.01748325824737549,0.010412238836288452,0.006798425912857056
47300,,,2933.6065559387207,0.08386379375514111,0.017787598371505738,0.010477631092071534,0.006424746513366699
47400,,,2935.474042892456,0.12122329898275108,0.017668243646621704,0.01045781135559082,0.0064999043941497804
47500,,,2937.150319337845,0.014574671047641789,0.017377171516418457,0.010396745204925537,0.006086677312850952
47600,,,2939.4335067272186,0.13674873182105673,0.01769225835800171,0.01037890076637268,0.007515822649002075
47700,,,2941.3530864715576,0.009651782994076017,0.01752037286758423,0.01038557767868042,0.006678092479705811
47800,,,2943.1438579559326,0.22831858664833887,0.01736203074455261,0.0104679536819458,0.006330240964889527
47900,,,2945.083082675934,0.13402656206278724,0.017597057819366456,0.010367603302001953,0.006803067922592163
48000,0.962,0.9617359318613365,2947.184372663498,0.055074847940023174,0.017635623216629027,0.01036306619644165,0.007032991647720337
48100,,,2973.9483544826508,0.036760938121749964,0.017521727085113525,0.010243281126022338,0.006479897499084473
48200,,,2975.755838871002,0.06051066126435536,0.017406251430511475,0.010372897386550903,0.006388975381851196
48300,,,2977.85751247406,0.11823202072847568,0.017731900215148925,0.010464259386062623,0.007069381475448608
48400,,,2979.7690377235413,0.092926021362084,0.01756393313407898,0.010337934494018555,0.006680282354354858
48500,,,2981.563776254654,0.03551578095373035,0.017445597648620605,0.010404586791992188,0.0066092324256896975
48600,,,2983.5285799503326,0.08874711033256542,0.01755945920944214,0.010265383720397949,0.006801286935806275
48700,,,2985.1902141571045,0.052932393359579756,0.01749922275543213,0.010309940576553345,0.0061793851852416995
48800,,,2986.818925380707,0.050715842015438,0.01765933632850647,0.010235239267349244,0.006006431579589844
48900,,,2988.383534669876,0.07919034340382074,0.017463144063949585,0.010370088815689087,0.00593243956565857
49000,0.958,0.9516028697430893,2990.3437063694,0.14318188860521583,0.01736634850502014,0.010197381973266601,0.006699507236480713
49100,,,3016.8379850387573,0.05363769225998055,0.017609935998916627,0.010470492839813232,0.0077494621276855465
49200,,,3018.9900076389313,0.0750766669484335,0.01753930687904358,0.01045866847038269,0.00735335111618042
49300,,,3021.087866783142,0.08560619170625237,0.01747820496559143,0.010389076471328735,0.006940658092498779
49400,,,3023.1323375701904,0.05691309598952457,0.017564719915390013,0.010445063114166259,0.006823666095733642
49500,,,3025.377199649811,0.1510344251995372,0.017727906703948974,0.01034968376159668,0.007232763767242432
49600,,,3027.4769184589386,0.04363181629783095,0.017544710636138917,0.01025887131690979,0.006969856023788452
49700,,,3029.6848413944244,0.07440735233124642,0.017778338193893434,0.010431147813796997,0.007145041227340698
49800,,,3031.563528776169,0.05913136020291217,0.01745508074760437,0.01032597541809082,0.006398496627807618
49900,,,3033.6084265708923,0.1197602676365732,0.01725003242492676,0.010273591279983521,0.0067477750778198245
50000,0.964,0.955733450198415,3035.547799348831,0.017154688904633425,0.017527152299880982,0.010382205247879028,0.006542302370071411
50100,,,3062.1876792907715,0.07699478841957234,0.017635663747787477,0.010386416912078858,0.007144615650177002
50200,,,3063.906309604645,0.07590787201606468,0.0175115704536438,0.010452085733413696,0.0064805221557617185
50300,,,3066.0008568763733,0.123952261455875,0.017382677793502808,0.010440566539764405,0.007142889499664307
50400,,,3068.1640934944153,0.022327207787730147,0.0174449098110199,0.01039834976196289,0.007374889850616455
50500,,,3069.944433450699,0.09823459946986426,0.01749706268310547,0.01018404245376587,0.0062989163398742675
50600,,,3071.872633457184,0.1776579081885255,0.017485579252243044,0.010360798835754394,0.006714121103286743
50700,,,3073.9174313545227,0.06011365187875915,0.017634750604629518,0.010261505842208862,0.006929821968078613
50800,,,3075.6541187763214,0.022763074561136944,0.017478662729263305,0.010469796657562256,0.006392054557800293
50900,,,3077.65656042099,0.027313118488184455,0.017436103820800783,0.010439114570617676,0.0067572021484375
51000,0.966,0.9722753598397558,3079.7132992744446,0.08899059996801682,0.017545629739761353,0.01034041166305542,0.006895589828491211
51100,,,3106.2182857990265,0.010580643238451905,0.017650009393692018,0.010410597324371338,0.0062976133823394774
51200,,,3107.87969994545,0.06752078634897662,0.017636379003524782,0.010384351015090942,0.0062754547595977785
51300,,,3109.7203738689423,0.10947430338098788,0.01762043118476868,0.010521918535232544,0.006287119388580322
51400,,,3111.6445591449738,0.11337473380879892,0.017570958137512208,0.010354958772659302,0.0064963650703430175
51500,,,3113.5021483898163,0.1099864849465817,0.01753861665725708,0.010404375791549682,0.006478108167648315
51600,,,3115.3390288352966,0.07966841766930738,0.017667540311813355,0.010544408559799195,0.00673866868019104
51700,,,3117.474390745163,0.3672698705354165,0.017526906728744508,0.010522041320800781,0.007499769926071167
51800,,,3119.4691591262817,0.0819722099075506,0.017679699659347535,0.010332856178283691,0.007107089757919311
51900,,,3121.4864535331726,0.1304517498199374,0.017612699270248413,0.010265228748321533,0.006951694488525391
52000,0.958,0.9500805479803323,3123.568460702896,0.04037748691464972,0.01743618130683899,0.010273462533950806,0.007082020044326782
52100,,,3150.997661590576,0.02998857768041395,0.017515895366668702,0.010255656242370605,0.006288766860961914
52200,,,3152.9138305187225,0.11992953407123394,0.017675490379333497,0.010408996343612672,0.006675041913986206
52300,,,3154.7813189029694,0.10973281670929083,0.017668806314468384,0.010380232334136963,0.00688163161277771
52400,,,3156.722170114517,0.032277151280950045,0.017406508922576905,0.010388822555541992,0.0068347442150115964
52500,,,3158.8111457824707,0.05147840645457363,0.01754694104194641,0.010621622800827027,0.007148873805999756
52600,,,3161.0195648670197,0.15366000553516937,0.017368316650390625,0.010405716896057128,0.007360155582427978
52700,,,3162.6280014514923,0.0645339377055927,0.017642189264297486,0.01038856029510498,0.006074779033660889
52800,,,3164.2743170261383,0.14633290672663005,0.017545979022979736,0.010492820739746094,0.006049473285675049
52900,,,3166.298973798752,0.15774775050589182,0.017555097341537474,0.010397874116897583,0.006952676773071289
53000,0.972,0.9706875384940072,3168.554422855377,0.08593253333124849,0.017403695583343506,0.010337666273117066,0.007474590539932251
53100,,,3196.452876329422,0.13117717730194267,0.017528975009918214,0.010324497222900391,0.006580562591552735
53200,,,3198.3661603927612,0.13187605033514607,0.017401949167251587,0.010345309972763062,0.0067496573925018314
53300,,,3200.644556760788,0.09817979752592304,0.017568286657333374,0.01048453688621521,0.007443023920059204
53400,,,3202.8145518302917,0.14329028920906897,0.017562172412872314,0.01047865629196167,0.007279062271118164
53500,,,3204.605865716934,0.07676921024657632,0.017467118501663208,0.010289698839187622,0.006673046350479126
53600,,,3206.5024631023407,0.023405598490715517,0.017537158727645875,0.010432668924331666,0.006665362119674683
53700,,,3208.296186208725,0.08408428587689151,0.017759588956832887,0.010322060585021973,0.006552693843841553
53800,,,3210.4655187129974,0.11734616631419346,0.017509299516677856,0.01032395601272583,0.007292107343673706
53900,,,3212.630139350891,0.12219645627255137,0.017682837247848512,0.010380384922027587,0.007437411546707153
54000,0.96,0.9587949493330328,3214.7749683856964,0.10699959990714819,0.017465643882751465,0.01032969355583191,0.007379242181777954
54100,,,3243.306547164917,0.05702568801249762,0.0175174880027771,0.010254703760147095,0.006967217922210694
54200,,,3245.432540178299,0.1369495838318496,0.017494245767593383,0.010395889282226562,0.007128143310546875
54300,,,3247.323797225952,0.07704493068805413,0.017463746070861815,0.010431654453277588,0.00663651704788208
54400,,,3249.3804948329926,0.13170936762419017,0.017543588876724244,0.010487098693847657,0.00701019287109375
54500,,,3251.7335727214813,0.11461963063217756,0.017636379003524782,0.010183330774307251,0.007603400945663452
54600,,,3253.4529168605804,0.03641100857585591,0.017475119829177856,0.010462135076522827,0.006320295333862305
54700,,,3255.3927631378174,0.093604258326511,0.017621830701828003,0.010239450931549073,0.006736886501312256
54800,,,3257.2937808036804,0.04208247227378428,0.01736902356147766,0.01040346622467041,0.006756842136383057
54900,,,3259.474046230316,0.1395489028268657,0.01765370845794678,0.010394512414932252,0.007511038780212403
55000,0.962,0.9546434835006948,3261.4968967437744,0.11739513487214996,0.017640931606292723,0.010416371822357178,0.007152190208435058
55100,,,3288.9983372688293,0.12876977615729487,0.01747823119163513,0.010280369520187379,0.006368926763534546
55200,,,3291.0551538467407,0.06905811581668342,0.01761326789855957,0.01040213942527771,0.0069444537162780765
55300,,,3292.9513738155365,0.08953131680048113,0.017502994537353517,0.010356155633926391,0.00674302339553833
55400,,,3295.1236293315887,0.16926170755349051,0.017368278503417968,0.010245782136917115,0.0073809361457824706
55500,,,3296.9839606285095,0.10978860510049192,0.01767447829246521,0.010398757457733155,0.0068541431427001955
55600,,,3299.1154322624207,0.06934575576670324,0.017780964374542237,0.010388175249099732,0.007205106019973755
55700,,,3301.249994277954,0.09101397569984546,0.017772647142410277,0.010293848514556884,0.007057522535324097
55800,,,3303.0592362880707,0.21050805425471114,0.017630550861358642,0.010314676761627197,0.006404715776443482
55900,,,3304.753890275955,0.05817535598944898,0.017799242734909057,0.010382314920425415,0.005984739065170288
56000,0.966,0.9607086300225092,3306.7353994846344,0.07886797599095886,0.017310214042663575,0.010339375734329224,0.006723809242248535
56100,,,3335.359978199005,0.05130546775521015,0.017537089586257933,0.010296599864959717,0.007039655447006226
56200,,,3337.2202014923096,0.0719361977354919,0.01755868673324585,0.010395607948303222,0.006624525785446167
56300,,,3339.1183393001556,0.05307403705648645,0.017985329627990723,0.010411365032196045,0.006796654462814331
56400,,,3340.8984735012054,0.07708794941313682,0.0174567449092865,0.010309915542602539,0.006200861930847168
56500,,,3342.6079094409943,0.054432691257447825,0.01730296850204468,0.010394866466522218,0.006160043478012085
56600,,,3344.432334423065,0.08906638301622447,0.017796274423599243,0.010270838737487792,0.006346321105957032
56700,,,3346.3196065425873,0.08244223587279886,0.017595765590667726,0.01040255069732666,0.006505012512207031
56800,,,3348.2434470653534,0.02946459469707803,0.017554075717926027,0.010320802927017212,0.006573543548583984
56900,,,3350.3350045681,0.17081585126211002,0.01734202742576599,0.0103173828125,0.00716077446937561
57000,0.958,0.945771890013833,3352.2579600811005,0.11288563400815162,0.017694029808044433,0.010528689622879029,0.006819323301315307
57100,,,3380.2171881198883,0.08644319294564762,0.017513593435287477,0.010287866592407227,0.0057158064842224125
57200,,,3381.8865048885345,0.03720347797816631,0.017518960237503052,0.010326648950576783,0.006141122579574585
57300,,,3383.7422847747803,0.2669108808718328,0.017445219755172728,0.01047831416130066,0.006701741218566894
57400,,,3385.744351387024,0.1102337555757257,0.017743730545043947,0.01029186487197876,0.0069097113609313966
57500,,,3387.79487323761,0.057101714927631365,0.01750367522239685,0.010359607934951783,0.007279937267303467
57600,,,3390.114997625351,0.10025227465241254,0.017627233266830446,0.010383847951889038,0.007784793376922608
57700,,,3392.1181559562683,0.07811256011029216,0.017631131410598754,0.010303711891174317,0.006912980079650879
57800,,,3394.3406944274902,0.08791922982770067,0.017514257431030272,0.010415539741516114,0.007325915098190308
57900,,,3396.4810445308685,0.183864658930124,0.01752411961555481,0.01048526644706726,0.0071179747581481935
58000,0.968,0.9702233108840487,3398.465763092041,0.09976627134364385,0.017656562328338624,0.010448312759399414,0.006690391302108765
58100,,,3427.4019677639008,0.0711480545015264,0.017558895349502564,0.010338462591171264,0.0072630774974823
58200,,,3429.7759132385254,0.05896219869587505,0.01766262173652649,0.01048118233680725,0.007770823240280151
58300,,,3431.513819217682,0.16861430699044458,0.017631111145019532,0.010316689014434815,0.0063001573085784916
58400,,,3433.5021324157715,0.038767437249729954,0.017582011222839356,0.010412412881851196,0.006713328361511231
58500,,,3435.2145035266876,0.07931291609115294,0.017600826025009154,0.010357255935668946,0.006404011249542236
58600,,,3437.2150626182556,0.06939698912637612,0.017798956632614136,0.010163174867630005,0.006915731430053711
58700,,,3439.150771856308,0.06805646179054216,0.017450743913650514,0.010379303693771363,0.006989694833755493
58800,,,3441.3497247695923,0.0625924159951679,0.017587263584136963,0.010391597747802734,0.007447543144226074
58900,,,3443.40295958519,0.05246245955746123,0.01764072060585022,0.01027647614479065,0.006943390369415283
59000,0.972,0.9704620899947898,3445.603635072708,0.061124936237072304,0.017632012367248536,0.010388931035995483,0.007390897274017334
59100,,,3472.5096383094788,0.07170551747138142,0.0175882351398468,0.010468569993972778,0.006764930486679077
59200,,,3474.56609582901,0.053121840206277575,0.01733636260032654,0.010353033542633056,0.006939170360565186
59300,,,3476.385380268097,0.055438619966815664,0.017605804204940796,0.010398510694503784,0.006454254388809204
59400,,,3478.262481689453,0.06205583288784886,0.017638107538223268,0.01045745849609375,0.006575402021408081
59500,,,3479.904989004135,0.037547881260339803,0.017383073568344117,0.010360746383666993,0.006290380954742432
59600,,,3481.71373295784,0.06974041237754554,0.017649638652801513,0.01039609432220459,0.006338406801223755
59700,,,3483.7063574790955,0.007370269534498331,0.01754400134086609,0.010322946310043334,0.006668262481689453
59800,,,3485.244715452194,0.011089447975307856,0.017866313457489014,0.010295453071594239,0.005707051753997803
59900,,,3487.218718290329,0.0426597194149506,0.017697145938873293,0.01023339033126831,0.006689566373825073
60000,0.964,0.9625911066020082,3488.9905772209167,0.3978129004727223,0.017819478511810302,0.010399060249328613,0.006310036182403564