#{"solver": {"engine": {"type": "ExactEngine"}, "semiring": "GraphSemiring"}, "networks": [{"name": "mnist_net", "module": "MNIST_Net(\n  (softmax): Softmax(dim=1)\n  (encoder): Sequential(\n    (0): Conv2d(1, 6, kernel_size=(5, 5), stride=(1, 1))\n    (1): MaxPool2d(kernel_size=2, stride=2, padding=0, dilation=1, ceil_mode=False)\n    (2): ReLU(inplace=True)\n    (3): Conv2d(6, 16, kernel_size=(5, 5), stride=(1, 1))\n    (4): MaxPool2d(kernel_size=2, stride=2, padding=0, dilation=1, ceil_mode=False)\n    (5): ReLU(inplace=True)\n  )\n  (classifier): Sequential(\n    (0): Linear(in_features=256, out_features=120, bias=True)\n    (1): ReLU()\n    (2): Linear(in_features=120, out_features=84, bias=True)\n    (3): ReLU()\n    (4): Linear(in_features=84, out_features=10, bias=True)\n  )\n)", "optimizer": "Adam (\nParameter Group 0\n    amsgrad: False\n    betas: (0.9, 0.999)\n    capturable: False\n    decoupled_weight_decay: False\n    differentiable: False\n    eps: 1e-08\n    foreach: None\n    fused: None\n    lr: 0.001\n    maximize: False\n    weight_decay: 0\n)", "k": null}], "program": "nn(mnist_net,[X],Y,[0, 1, 2, 3, 4, 5, 6, 7, 8, 9])::digit(X,Y).\nnumber([],Result,Result).\nnumber([H | T],Acc,Result) :- digit(H,Nr), Acc2 is Nr+10*Acc, number(T,Acc2,Result).\nnumber(X,Y) :- number(X,0,Y).\nmulti_addition(X,Y,Z) :- number(X,X2), number(Y,Y2), Z is X2+Y2.\naddition(X,Y,Z) :- digit(X,X2), digit(Y,Y2), Z is X2+Y2.\n"}
#Accuracy 0.9236
i,Accuracy,time,loss,ground_time,compile_time,eval_time
1,0.01,,,,,
100,,477.4202723503113,5.065001294612885,0.7372114813327789,0.04342873930931091,0.0689768373966217
200,,512.1180679798126,5.053370265960694,0.7564843606948852,0.044035197496414186,0.05705072045326233
300,,540.1600110530853,4.914502185583115,0.7582384955883026,0.045060147047042844,0.05636805176734924
400,,559.5842516422272,4.265942741036415,0.7568614482879639,0.044873186349868775,0.05604628205299377
500,,579.213639497757,3.302004386559129,0.7607808542251587,0.04377977728843689,0.05418038249015808
600,,591.1348559856415,1.9112442524451763,0.7717013525962829,0.04395885586738586,0.0467719829082489
700,,604.888085603714,1.0617999902268638,0.7586720609664916,0.04358842492103577,0.04498482704162598
800,,615.3911967277527,0.7527609919395764,0.7577995502948761,0.04470752000808716,0.04761940121650696
900,,627.190315246582,0.8960499692545273,0.7508272767066956,0.04454360723495483,0.043701900243759154
1000,,638.0950248241425,0.8733514706429559,0.7557964897155762,0.04447474598884583,0.04530062913894653
1100,,649.1464540958405,0.8059259312783251,0.7529921841621399,0.04474177122116089,0.0460604727268219
1200,,661.2683787345886,0.8173295812697324,0.7360029351711274,0.04440516114234924,0.043833317756652834
1300,,671.842928647995,0.5194983842392685,0.7649563062191009,0.043266335725784304,0.043962225914001465
1400,,680.4871783256531,0.3505184351372009,0.7514182221889496,0.04378695845603943,0.03836716890335083
1500,,690.0118625164032,0.5968156421737513,0.7319295465946197,0.044645631313323976,0.03943619966506958
1600,,699.4714674949646,0.5336971223724686,0.7511448216438293,0.043183801174163816,0.042396868467330935
1700,,708.6923182010651,0.5016959486628184,0.7446618592739105,0.044567639827728274,0.04141811728477478
1800,,717.803510427475,0.6180565737839788,0.751294174194336,0.044518669843673704,0.04094407558441162
1900,,727.7194340229034,0.5149312309792731,0.7519618618488312,0.04423655271530151,0.04517225503921509
2000,0.92,737.6583819389343,0.5544294928816816,0.755580906867981,0.04384528994560242,0.04163268327713013
2100,,1047.0278508663177,0.4129185046751081,0.7531720650196075,0.04412013411521912,0.038269691467285157
2200,,1057.2373476028442,0.4960042338923085,0.7589862108230591,0.044456249475479125,0.04546614766120911
2300,,1068.045518875122,0.45790626424277436,0.7556487905979157,0.045294312238693235,0.04796406626701355
2400,,1077.3960137367249,0.24412338171525336,0.755539540052414,0.04358313679695129,0.0386963677406311
2500,,1085.8688654899597,0.2700532753112293,0.7847610187530517,0.04414145588874817,0.038086005449295045
2600,,1094.1943774223328,0.3964650243727374,0.7418614149093627,0.0449077570438385,0.03782866954803467
2700,,1102.8909633159637,0.3444788166353828,0.7744103109836579,0.04441316366195679,0.0389581036567688
2800,,1110.9401054382324,0.3348064683101256,0.7366801345348358,0.044279178380966185,0.03590039134025574
2900,,1119.595742225647,0.3409758750040055,0.7505802524089813,0.04459134101867676,0.03879282832145691
3000,,1127.3789761066437,0.3188109343490942,0.7426229739189147,0.044823540449142454,0.034759770631790164
3100,,1135.735069990158,0.3800636001897874,0.7537453126907349,0.04462177753448486,0.03740456342697143
3200,,1144.328313589096,0.41795495177328124,0.7428867793083191,0.04484853625297546,0.03859682679176331
3300,,1153.4481315612793,0.4118177014909452,0.7305711913108826,0.04488377094268799,0.04094776511192322
3400,,1162.8278214931488,0.6099524494374055,0.7511796832084656,0.043848873376846315,0.04228822231292725
3500,,1172.6527330875397,0.28047672832421083,0.7739704144001007,0.04465396404266357,0.04429895520210266
3600,,1181.2603964805603,0.36907245765080005,0.7377155327796936,0.04458876371383667,0.038419593572616574
3700,,1192.2700295448303,0.23904477972901078,0.7654063940048218,0.0447716498374939,0.044936699867248533
3800,,1201.6824831962585,0.29049193998585,0.7592574834823609,0.045121182203292844,0.04103852033615112
3900,,1210.2561538219452,0.31655384152719307,0.753944456577301,0.04415724277496338,0.037732629776000975
4000,0.93,1219.8483333587646,0.5047826357166559,0.7384328651428222,0.044135909080505374,0.04229097008705139
4100,,1509.488341331482,0.3335465762524109,0.7700262010097504,0.044633753299713134,0.03784643769264221
4200,,1517.7601976394653,0.23970028637399082,0.7518476843833923,0.044530667066574096,0.03676640510559082
4300,,1525.12255692482,0.24673305648739188,0.755483341217041,0.04422922849655151,0.03285037040710449
4400,,1533.2942669391632,0.3476410971343648,0.754774363040924,0.044646650552749634,0.036359697580337524
4500,,1541.7164132595062,0.40658100395034125,0.740949923992157,0.04480121374130249,0.037947757244110106
4600,,1550.1141247749329,0.3745179318205192,0.7624984955787659,0.04416642427444458,0.0374771523475647
4700,,1558.5963785648346,0.4010382175727864,0.7323173213005066,0.04419684886932373,0.03787981867790222
4800,,1567.1242790222168,0.26460656430608653,0.7677182817459106,0.044911853075027465,0.037974116802215574
4900,,1575.1602873802185,0.28563970498885694,0.7589091241359711,0.04511665940284729,0.03576245188713074
5000,,1584.2364480495453,0.37401546170774963,0.7584885334968567,0.04401490569114685,0.04108972668647766
5100,,1591.3771061897278,0.29392564929248693,0.7540861475467682,0.043611924648284915,0.03180482268333435
5200,,1599.493229150772,0.4598934340896581,0.7592947137355804,0.044434118270874026,0.036285022497177126
5300,,1608.0332536697388,0.3554404172446812,0.7565534472465515,0.04508907556533814,0.03831952214241028
5400,,1616.0901138782501,0.38919168746586363,0.7631388604640961,0.0443457305431366,0.036263037919998166
5500,,1624.2324483394623,0.3602105504149586,0.7544815993309021,0.04406329393386841,0.036210868358612064
5600,,1632.4034745693207,0.24531829248004214,0.7385190796852111,0.04472099661827087,0.036489326953887936
5700,,1640.3163533210754,0.296604242558642,0.7441871166229248,0.04422098994255066,0.035387924909591674
5800,,1648.692238330841,0.39473913014462597,0.7494715440273285,0.043920501470565795,0.03740441918373108
5900,,1657.025074481964,0.4036100419693139,0.7298650324344635,0.0443814492225647,0.03755391240119934
6000,0.93,1666.542976140976,0.42965092528589593,0.7380182385444641,0.04419842958450317,0.04323099613189697
6100,,1960.5464034080505,0.19245456536262737,0.7264441752433777,0.045016471147537235,0.03615837216377258
6200,,1969.9584000110626,0.5046155410516985,0.7893273842334747,0.04455228328704834,0.042369282245635985
6300,,1977.5422797203064,0.26696592750022224,0.7827501964569091,0.04390594124794006,0.03404516458511352
6400,,1985.5251326560974,0.22056661816019185,0.7653384709358215,0.04365683317184448,0.03542078495025635
6500,,1993.6765673160553,0.3539864208483596,0.7511080181598664,0.04393621683120728,0.03589328527450562
6600,,2001.9901523590088,0.2768239080685453,0.7753028202056885,0.0443560266494751,0.03709236860275269
6700,,2009.5418219566345,0.443324154414031,0.7753173911571503,0.044064602851867675,0.03355513095855713
6800,,2017.7524592876434,0.2579780014813878,0.752197048664093,0.044437499046325685,0.03648827075958252
6900,,2025.8341934680939,0.250204049171989,0.7394450533390046,0.044381533861160276,0.03573368191719055
7000,,2033.4312274456024,0.27141851075437445,0.749594258069992,0.04392493486404419,0.03311510682106018
7100,,2041.5517573356628,0.27690530189912804,0.7740474712848663,0.04448224425315857,0.03594680666923523
7200,,2049.126220703125,0.2053639164860033,0.773351777791977,0.04479128479957581,0.03365299224853516
7300,,2056.3438804149628,0.20904143332929742,0.7388473224639892,0.04451609849929809,0.032162495851516724
7400,,2063.84281206131,0.07156818897962058,0.7362658774852753,0.04496797800064087,0.03367202520370483
7500,,2071.0851590633392,0.40254945180545937,0.7409600245952607,0.04456740617752075,0.032102450132369995
7600,,2078.796597957611,0.28428908257021246,0.7476020443439484,0.04390177130699158,0.034302608966827394
7700,,2087.2693622112274,0.39136141780371875,0.7564843606948852,0.044035197496414186,0.03785888075828552
7800,,2094.6990869045258,0.23256970147824177,0.7582384955883026,0.045060147047042844,0.03318846821784973
7900,,2102.293888092041,0.21761606168714434,0.7568614482879639,0.044873186349868775,0.03349111199378967
8000,0.96,2109.2968306541443,0.2327692153088851,0.7607808542251587,0.04377977728843689,0.03086228370666504
8100,,2367.9032855033875,0.2734815814532976,0.7717013525962829,0.04395885586738586,0.0319975209236145
8200,,2374.6841702461243,0.27375702779837413,0.7586720609664916,0.04358842492103577,0.03026000738143921
8300,,2383.230725288391,0.2576133460256142,0.7577995502948761,0.04470752000808716,0.03831627130508423
8400,,2390.636249065399,0.3745930918437716,0.7508272767066956,0.04454360723495483,0.03291176080703735
8500,,2398.4916825294495,0.25415112094898584,0.7557964897155762,0.04447474598884583,0.03500948190689087
8600,,2405.8192563056946,0.2792665521153049,0.7529921841621399,0.04474177122116089,0.03260758638381958
8700,,2412.764647245407,0.2757573804009585,0.7360029351711274,0.04440516114234924,0.030732609033584594
8800,,2420.1533467769623,0.20191722969511738,0.7649563062191009,0.043266335725784304,0.032317614555358885
8900,,2426.720240354538,0.13659301237039245,0.7514182221889496,0.04378695845603943,0.028879544734954833
9000,,2433.8258786201477,0.20062560942477284,0.7319295465946197,0.044645631313323976,0.03150830864906311
9100,,2440.8270869255066,0.2504838113839437,0.7511448216438293,0.043183801174163816,0.030852078199386596
9200,,2448.6042206287384,0.25545445160798314,0.7446618592739105,0.044567639827728274,0.034340789318084715
9300,,2456.3289091587067,0.3057439403458648,0.751294174194336,0.044518669843673704,0.03406957030296326
9400,,2463.762035369873,0.21641810557300192,0.7519618618488312,0.04423655271530151,0.03269785881042481
9500,,2470.914401769638,0.29351471126021306,0.755580906867981,0.04384528994560242,0.031632399559020995
9600,,2478.0969145298004,0.26398680085265824,0.7531720650196075,0.04412013411521912,0.031356418132781984
9700,,2486.481465101242,0.36548623446850703,0.7589862108230591,0.044456249475479125,0.03676031947135925
9800,,2495.095988035202,0.275096830056259,0.7556487905979157,0.045294312238693235,0.03858242034912109
9900,,2502.2920246124268,0.12223574373276826,0.755539540052414,0.04358313679695129,0.031371392011642456
10000,0.92,2509.4260935783386,0.10734594535225891,0.7847610187530517,0.04414145588874817,0.030878027677536012
10100,,2729.546724319458,0.3161510664416073,0.7418614149093627,0.0449077570438385,0.028983343839645386
10200,,2736.6565787792206,0.1476454027181171,0.7744103109836579,0.04441316366195679,0.0316173779964447
10300,,2743.037708044052,0.1616767361792067,0.7366801345348358,0.044279178380966185,0.02811655282974243
10400,,2749.8371045589447,0.21734730553010057,0.7505802524089813,0.04459134101867676,0.030172799825668336
10500,,2756.882009267807,0.20118335204534696,0.7426229739189147,0.044823540449142454,0.03141494870185852
10600,,2763.497884750366,0.1510669591333167,0.7537453126907349,0.04462177753448486,0.029269866943359375
10700,,2770.7361903190613,0.2827470177314598,0.7428867793083191,0.04484853625297546,0.03209068417549133
10800,,2778.3237113952637,0.23799015124579456,0.7305711913108826,0.04488377094268799,0.03371162295341492
10900,,2786.594316482544,0.4164844301776611,0.7511796832084656,0.043848873376846315,0.0366882860660553
11000,,2794.010769844055,0.15736762479970368,0.7739704144001007,0.04465396404266357,0.0329267942905426
11100,,2801.438064098358,0.21299130011047965,0.7377155327796936,0.04458876371383667,0.03294560194015503
11200,,2809.006066083908,0.1673762447186325,0.7654063940048218,0.0447716498374939,0.033218666315078735
11300,,2816.1759684085846,0.15698792037503423,0.7592574834823609,0.045121182203292844,0.031717658042907715
11400,,2822.9086017608643,0.24040759627134228,0.753944456577301,0.04415724277496338,0.029930649995803832
11500,,2829.77241396904,0.19964126289000653,0.7384328651428222,0.044135909080505374,0.030220561027526856
11600,,2837.014574289322,0.2589270464323622,0.7700262010097504,0.044633753299713134,0.03171138167381286
11700,,2843.306764602661,0.20811147443008576,0.7518476843833923,0.044530667066574096,0.0275834059715271
11800,,2849.818659543991,0.18108797650763744,0.755483341217041,0.04422922849655151,0.02878715395927429
11900,,2856.388525247574,0.3306313390917556,0.754774363040924,0.044646650552749634,0.0291345739364624
12000,0.93,2864.4469323158264,0.2502835263785846,0.740949923992157,0.04480121374130249,0.035770456790924075
12100,,3102.9720981121063,0.30634376613505493,0.7624984955787659,0.04416642427444458,0.03429482817649841
12200,,3109.7548587322235,0.16932918770794003,0.7323173213005066,0.04419684886932373,0.029695056676864624
12300,,3116.3431220054626,0.11118387058742975,0.7677182817459106,0.044911853075027465,0.028982284069061278
12400,,3122.834825515747,0.23372353746185082,0.7589091241359711,0.04511665940284729,0.028500473499298094
12500,,3129.959191799164,0.32660009197442286,0.7584885334968567,0.04401490569114685,0.0315123724937439
12600,,3136.8654985427856,0.24155735194696631,0.7540861475467682,0.043611924648284915,0.030218355655670166
12700,,3144.1903941631317,0.359872887153997,0.7592947137355804,0.044434118270874026,0.03217467427253723
12800,,3151.3018198013306,0.23943900601848142,0.7565534472465515,0.04508907556533814,0.031461555957794186
12900,,3158.2355785369873,0.2992269394666076,0.7631388604640961,0.0443457305431366,0.030158843994140625
13000,,3165.1989641189575,0.22388298890244282,0.7544815993309021,0.04406329393386841,0.03053953289985657
13100,,3172.0714662075043,0.2050574009410129,0.7385190796852111,0.04472099661827087,0.030243515968322754
13200,,3179.080756664276,0.14202972637817585,0.7441871166229248,0.04422098994255066,0.03070493698120117
13300,,3186.0407571792603,0.21589090556919835,0.7494715440273285,0.043920501470565795,0.030957943201065062
13400,,3192.570785045624,0.18942236529941087,0.7298650324344635,0.0443814492225647,0.028910374641418456
13500,,3199.75147151947,0.2749633667101216,0.7380182385444641,0.04419842958450317,0.03211217164993286
13600,,3206.50519824028,0.14073165460668485,0.7264441752433777,0.045016471147537235,0.02965609908103943
13700,,3214.6256415843964,0.3818616719188858,0.7893273842334747,0.04455228328704834,0.036493980884552
13800,,3221.6512362957,0.2407415594836293,0.7827501964569091,0.04390594124794006,0.031027646064758302
13900,,3228.8527204990387,0.16009930088561666,0.7653384709358215,0.04365683317184448,0.0316706919670105
14000,0.95,3235.69846200943,0.25259855733667974,0.7511080181598664,0.04393621683120728,0.02990827798843384
14100,,3449.5198361873627,0.1634702291990834,0.7753028202056885,0.0443560266494751,0.03217342019081116
14200,,3457.1473138332367,0.4053368936127022,0.7753173911571503,0.044064602851867675,0.03417335987091064
14300,,3464.642844438553,0.18661722468399602,0.752197048664093,0.044437499046325685,0.03336948871612549
14400,,3472.021936893463,0.1578382712069965,0.7394450533390046,0.044381533861160276,0.03256142020225525
14500,,3478.4365813732147,0.14936029165682474,0.749594258069992,0.04392493486404419,0.02812976598739624
14600,,3484.495730161667,0.15443488723827506,0.7740474712848663,0.04448224425315857,0.027170077562332154
14700,,3490.358561515808,0.14985965840042453,0.773351777791977,0.04479128479957581,0.026218847036361695
14800,,3496.083898305893,0.1221366761533509,0.7388473224639892,0.04451609849929809,0.02555597424507141
14900,,3501.7157220840454,0.07107293748412123,0.7362658774852753,0.04496797800064087,0.025088255405426026
15000,,3507.636477470398,0.41858907129020706,0.7409600245952607,0.04456740617752075,0.026493020057678222
15100,,3513.6674416065216,0.1631023535197594,0.7476020443439484,0.04390177130699158,0.026974633932113648
15200,,3520.2905099391937,0.24989237167915598,0.7564843606948852,0.044035197496414186,0.029850652217864992
15300,,3526.3981325626373,0.14531943596280505,0.7582384955883026,0.045060147047042844,0.027223269939422607
15400,,3532.570485830307,0.25937386869162266,0.7568614482879639,0.044873186349868775,0.02737239599227905
15500,,3538.7445418834686,0.14980343459151663,0.7607808542251587,0.04377977728843689,0.027373850345611572
15600,,3544.7274634838104,0.16453361406121605,0.7717013525962829,0.04395885586738586,0.02654539465904236
15700,,3550.7621524333954,0.15804229249662557,0.7586720609664916,0.04358842492103577,0.026478276252746583
15800,,3557.1184446811676,0.16291282411769634,0.7577995502948761,0.04470752000808716,0.028091833591461182
15900,,3564.1866295337677,0.3232524384452827,0.7508272767066956,0.04454360723495483,0.031762887239456174
16000,0.98,3570.705911397934,0.13475666886714768,0.7557964897155762,0.04447474598884583,0.0290706205368042
16100,,3760.3862257003784,0.1153112752139705,0.7529921841621399,0.04474177122116089,0.028110153675079345
16200,,3766.53479886055,0.19727703070736044,0.7360029351711274,0.04440516114234924,0.026918915510177614
16300,,3772.480617046356,0.20273683083267385,0.7649563062191009,0.043266335725784304,0.02591581106185913
16400,,3777.974515914917,0.1535448599049385,0.7514182221889496,0.04378695845603943,0.024094505310058592
16500,,3784.306186914444,0.1328898496267766,0.7319295465946197,0.044645631313323976,0.027838772535324095
16600,,3790.342691421509,0.13773519921027266,0.7511448216438293,0.043183801174163816,0.02623759865760803
16700,,3796.045960187912,0.13418316779007347,0.7446618592739105,0.044567639827728274,0.025076504945755005
16800,,3802.120564222336,0.26825259240844646,0.751294174194336,0.044518669843673704,0.026749391555786133
16900,,3808.1350836753845,0.2549130982003846,0.7519618618488312,0.04423655271530151,0.026478599309921264
17000,,3814.2049310207367,0.16533864573254003,0.755580906867981,0.04384528994560242,0.026581922769546507
17100,,3820.008796930313,0.17416846784111484,0.7531720650196075,0.04412013411521912,0.025452396869659423
17200,,3826.1978874206543,0.1838709526062089,0.7589862108230591,0.044456249475479125,0.02719301700592041
17300,,3832.537545442581,0.22371384215211676,0.7556487905979157,0.045294312238693235,0.027984087467193604
17400,,3839.5829091072083,0.054912646783429615,0.755539540052414,0.04358313679695129,0.03123792052268982
17500,,3845.3646013736725,0.06381959496102385,0.7847610187530517,0.04414145588874817,0.02533446192741394
17600,,3851.1602721214294,0.18477379388547377,0.7418614149093627,0.0449077570438385,0.025461432933807374
17700,,3856.906933069229,0.13250209532932533,0.7744103109836579,0.04441316366195679,0.025350822210311888
17800,,3863.0009846687317,0.09242154850456152,0.7366801345348358,0.044279178380966185,0.026457607746124268
17900,,3868.9058740139008,0.16071917696611485,0.7505802524089813,0.04459134101867676,0.025814971923828124
18000,0.95,3874.347581386566,0.13419168730226524,0.7426229739189147,0.044823540449142454,0.023852291107177733
18100,,4049.2862434387207,0.13377303064059426,0.7537453126907349,0.04462177753448486,0.025722874402999876
18200,,4055.330959558487,0.24850911858718605,0.7428867793083191,0.04484853625297546,0.02668710470199585
18300,,4061.501440525055,0.10631125487395454,0.7305711913108826,0.04488377094268799,0.027055785655975342
18400,,4068.2926149368286,0.37296040545720044,0.7511796832084656,0.043848873376846315,0.030213756561279295
18500,,4075.0225641727448,0.1701628927059155,0.7739704144001007,0.04465396404266357,0.02956691265106201
18600,,4081.746364593506,0.13207879411228712,0.7377155327796936,0.04458876371383667,0.029576548337936402
18700,,4088.2662568092346,0.08930648516231333,0.7654063940048218,0.0447716498374939,0.02870094299316406
18800,,4094.48237156868,0.09773930781835294,0.7592574834823609,0.045121182203292844,0.0275037682056427
18900,,4100.660771369934,0.14703041765028227,0.753944456577301,0.04415724277496338,0.027004560232162477
19000,,4106.773459672928,0.13690174290437335,0.7384328651428222,0.044135909080505374,0.02672616481781006
19100,,4112.81959939003,0.23497370653114605,0.7700262010097504,0.044633753299713134,0.02658037781715393
19200,,4118.908357620239,0.12681013896838703,0.7518476843833923,0.044530667066574096,0.02628211855888367
19300,,4125.384703636169,0.08384818682048786,0.755483341217041,0.04422922849655151,0.027944077253341675
19400,,4131.883274078369,0.2656095843789285,0.754774363040924,0.044646650552749634,0.028122971057891844
19500,,4139.420127630234,0.17304039206120353,0.740949923992157,0.04480121374130249,0.03333088755607605
19600,,4145.8340220451355,0.2932755996346189,0.7624984955787659,0.04416642427444458,0.02785902500152588
19700,,4152.453412771225,0.16241381367567784,0.7323173213005066,0.04419684886932373,0.028833367824554444
19800,,4158.855033159256,0.14611978532016065,0.7677182817459106,0.044911853075027465,0.027830318212509156
19900,,4165.2111876010895,0.14921694572880273,0.7589091241359711,0.04511665940284729,0.02757501244544983
20000,0.93,4171.665662765503,0.21407100369238338,0.7584885334968567,0.04401490569114685,0.028409537076950073
20100,,4357.346043109894,0.23416295378303334,0.7540861475467682,0.043611924648284915,0.026408390998840334
20200,,4363.891483068466,0.2601528220774194,0.7592947137355804,0.044434118270874026,0.028871666193008422
20300,,4370.72677564621,0.19152714336368035,0.7565534472465515,0.04508907556533814,0.02999683976173401
20400,,4377.079330921173,0.16985475429079677,0.7631388604640961,0.0443457305431366,0.02785595178604126
20500,,4383.941419363022,0.1533528460531511,0.7544815993309021,0.04406329393386841,0.029798847436904908
20600,,4390.7705092430115,0.08193505600866766,0.7385190796852111,0.04472099661827087,0.029561039209365845
20700,,4397.44024014473,0.1285033914723931,0.7441871166229248,0.04422098994255066,0.02896775960922241
20800,,4404.538067340851,0.11358460416718252,0.7494715440273285,0.043920501470565795,0.030802232027053834
20900,,4411.109663248062,0.11923927047856761,0.7298650324344635,0.0443814492225647,0.028323823213577272
21000,,4417.815586566925,0.1798535219809321,0.7380182385444641,0.04419842958450317,0.0292513906955719
21100,,4423.917327404022,0.07804208558929275,0.7264441752433777,0.045016471147537235,0.02642775058746338
21200,,4429.904520750046,0.48100167950888695,0.7893273842334747,0.04455228328704834,0.02630130887031555
21300,,4435.992151260376,0.18015421940560852,0.7827501964569091,0.04390594124794006,0.026747320890426637
21400,,4441.822765111923,0.09372457608826285,0.7653384709358215,0.04365683317184448,0.0256779146194458
21500,,4448.515605688095,0.21102428767346063,0.7511080181598664,0.04393621683120728,0.02969646692276001
21600,,4454.549723625183,0.09497663095822784,0.7753028202056885,0.0443560266494751,0.026729596853256224
21700,,4460.458651542664,0.28233372819495434,0.7753173911571503,0.044064602851867675,0.026197178363800047
21800,,4466.59175157547,0.1882612211857097,0.752197048664093,0.044437499046325685,0.0272474467754364
21900,,4473.081990242004,0.10057372899600679,0.7394450533390046,0.044381533861160276,0.028375393152236937
22000,0.97,4479.088522195816,0.08506252192258817,0.749594258069992,0.04392493486404419,0.02622876167297363
22100,,4658.682275295258,0.13052845683823575,0.7740474712848663,0.04448224425315857,0.027742226123809815
22200,,4664.964550971985,0.08194532730947586,0.773351777791977,0.04479128479957581,0.027326172590255736
22300,,4671.053330183029,0.06414477181757014,0.7388473224639892,0.04451609849929809,0.02651639938354492
22400,,4676.9428787231445,0.06939645717424181,0.7362658774852753,0.04496797800064087,0.02569154739379883
22500,,4683.5709800720215,0.36707864775925086,0.7409600245952607,0.04456740617752075,0.029023044109344483
22600,,4690.320713043213,0.20550287073773102,0.7476020443439484,0.04390177130699158,0.029394973516464234
22700,,4697.011522531509,0.18977537505170172,0.7564843606948852,0.044035197496414186,0.029374858140945436
22800,,4702.601354598999,0.16229124981937923,0.7582384955883026,0.045060147047042844,0.024810839891433716
22900,,4708.3443393707275,0.13940942809206497,0.7568614482879639,0.044873186349868775,0.02554167628288269
23000,,4713.999796390533,0.11921778558402955,0.7607808542251587,0.04377977728843689,0.025178263187408446
23100,,4719.661904096603,0.1284568330712558,0.7717013525962829,0.04395885586738586,0.025207377672195434
23200,,4725.16179060936,0.1388353181272396,0.7586720609664916,0.04358842492103577,0.024533257484436036
23300,,4730.8656442165375,0.08122799990717432,0.7577995502948761,0.04470752000808716,0.025472668409347535
23400,,4736.352594137192,0.2363516514606222,0.7508272767066956,0.04454360723495483,0.0244245445728302
23500,,4741.787887096405,0.17613994424304535,0.7557964897155762,0.04447474598884583,0.024008582830429077
23600,,4748.368041276932,0.22708375885427232,0.7529921841621399,0.04474177122116089,0.02884630560874939
23700,,4755.992676496506,0.13984861112729913,0.7360029351711274,0.04440516114234924,0.03373810887336731
23800,,4762.817128419876,0.21676950563901992,0.7649563062191009,0.043266335725784304,0.029584951400756836
23900,,4769.233248472214,0.13677140854828873,0.7514182221889496,0.04378695845603943,0.027692105770111084
24000,0.89,4776.006015539169,0.11780498859104455,0.7319295465946197,0.044645631313323976,0.029658793210983275
24100,,4980.823328495026,0.08204884898864762,0.7511448216438293,0.043183801174163816,0.02715288281440735
24200,,4986.629464864731,0.09224415818949451,0.7446618592739105,0.044567639827728274,0.025496901273727418
24300,,4992.163974761963,0.1301878773037042,0.751294174194336,0.044518669843673704,0.02458617329597473
24400,,4997.681867837906,0.1252049116578374,0.7519618618488312,0.04423655271530151,0.024635375738143922
24500,,5003.225895643234,0.10350353741933616,0.755580906867981,0.04384528994560242,0.024627307653427122
24600,,5008.560790538788,0.16781580557006,0.7531720650196075,0.04412013411521912,0.023569828271865843
24700,,5014.35672044754,0.09278493549265843,0.7589862108230591,0.044456249475479125,0.025679850578308107
24800,,5020.06326174736,0.16175963876068195,0.7556487905979157,0.045294312238693235,0.02540324330329895
24900,,5025.617983579636,0.13459356179132395,0.755539540052414,0.04358313679695129,0.024564331769943236
25000,,5030.929220199585,0.04954512604821856,0.7847610187530517,0.04414145588874817,0.023394041061401367
25100,,5037.876590013504,0.16501200682332762,0.7418614149093627,0.0449077570438385,0.030648273229599
25200,,5043.809364557266,0.10429847698045076,0.7744103109836579,0.04441316366195679,0.025811842679977416
25300,,5049.859633207321,0.04542773019510933,0.7366801345348358,0.044279178380966185,0.026076045036315918
25400,,5055.9533178806305,0.12974073123601598,0.7505802524089813,0.04459134101867676,0.026520743370056152
25500,,5061.874019861221,0.14600279892271573,0.7426229739189147,0.044823540449142454,0.025665009021759035
25600,,5068.232875108719,0.12950984818493544,0.7537453126907349,0.04462177753448486,0.02756696581840515
25700,,5074.565815925598,0.19774580267156833,0.7428867793083191,0.04484853625297546,0.027822053432464598
25800,,5080.663635730743,0.08264553560018112,0.7305711913108826,0.04488377094268799,0.026881240606307984
25900,,5086.634948015213,0.28813470886926984,0.7511796832084656,0.043848873376846315,0.026718448400497436
26000,0.94,5092.093875169754,0.12772317914658113,0.7739704144001007,0.04465396404266357,0.02427856683731079
26100,,5281.109494686127,0.17946616073588617,0.7377155327796936,0.04458876371383667,0.025989990234375
26200,,5286.878318071365,0.10094297980171181,0.7654063940048218,0.0447716498374939,0.025649471282958983
26300,,5292.5713357925415,0.0654431820010317,0.7592574834823609,0.045121182203292844,0.025241117477416992
26400,,5298.134215593338,0.1123389669239842,0.753944456577301,0.04415724277496338,0.02473871350288391
26500,,5303.598822116852,0.06782299081132233,0.7384328651428222,0.044135909080505374,0.024308992624282835
26600,,5309.155550956726,0.13877162061342155,0.7700262010097504,0.044633753299713134,0.024541035890579224
26700,,5314.4712290763855,0.140082230080374,0.7518476843833923,0.044530667066574096,0.023434481620788573
26800,,5320.108861684799,0.09319158222277846,0.755483341217041,0.04422922849655151,0.02470186710357666
26900,,5326.771199226379,0.23177326320594965,0.754774363040924,0.044646650552749634,0.02889976739883423
27000,,5333.48764705658,0.19752820989987227,0.740949923992157,0.04480121374130249,0.02912613034248352
27100,,5341.515087366104,0.2463215975126122,0.7624984955787659,0.04416642427444458,0.035533195734024046
27200,,5348.397318124771,0.1118415935427513,0.7323173213005066,0.04419684886932373,0.029953569173812866
27300,,5354.841049194336,0.13760093012192942,0.7677182817459106,0.044911853075027465,0.028085069656372072
27400,,5361.4530527591705,0.14736922904293748,0.7589091241359711,0.04511665940284729,0.02875222682952881
27500,,5367.821635007858,0.14513908339089127,0.7584885334968567,0.04401490569114685,0.028035136461257933
27600,,5373.127111911774,0.2237804409148971,0.7540861475467682,0.043611924648284915,0.023424544334411622
27700,,5378.651930093765,0.16741936805388571,0.7592947137355804,0.044434118270874026,0.0243361234664917
27800,,5384.302175521851,0.11272314592224668,0.7565534472465515,0.04508907556533814,0.025109696388244628
27900,,5389.980350494385,0.1511507545477033,0.7631388604640961,0.0443457305431366,0.02495543599128723
28000,0.93,5395.568515300751,0.13148269350703518,0.7544815993309021,0.04406329393386841,0.024636017084121706
28100,,5592.078511714935,0.12952174873734065,0.7385190796852111,0.04472099661827087,0.024859224557876588
28200,,5598.425114631653,0.09426885852629266,0.7441871166229248,0.04422098994255066,0.027466925382614134
28300,,5605.257673025131,0.13725645958445823,0.7494715440273285,0.043920501470565795,0.029501620531082153
28400,,5611.782202005386,0.13531437886187525,0.7298650324344635,0.0443814492225647,0.02811860918998718
28500,,5618.26212310791,0.27198033599058136,0.7380182385444641,0.04419842958450317,0.028219466209411622
28600,,5624.925141572952,0.043561327629870486,0.7264441752433777,0.045016471147537235,0.02878502130508423
28700,,5631.656365394592,0.22773673092510804,0.7893273842334747,0.04455228328704834,0.02917655348777771
28800,,5638.179191827774,0.18107817697363315,0.7827501964569091,0.04390594124794006,0.0282761812210083
28900,,5645.251935482025,0.14339066708664855,0.7653384709358215,0.04365683317184448,0.03142256140708923
29000,,5650.936340808868,0.2643208480971756,0.7511080181598664,0.04393621683120728,0.025030421018600466
29100,,5656.441723585129,0.09322174225269478,0.7753028202056885,0.0443560266494751,0.024481487274169923
29200,,5661.9171833992,0.343132783002594,0.7753173911571503,0.044064602851867675,0.024249496459960936
29300,,5667.47518157959,0.13159182636193345,0.752197048664093,0.044437499046325685,0.024652434587478636
29400,,5672.99428486824,0.09611680696155699,0.7394450533390046,0.044381533861160276,0.024590054750442503
29500,,5678.25004696846,0.09093805911339858,0.749594258069992,0.04392493486404419,0.02323358178138733
29600,,5683.4321212768555,0.09618681653885545,0.7740474712848663,0.04448224425315857,0.023023016452789306
29700,,5688.544441461563,0.06897945572957732,0.773351777791977,0.04479128479957581,0.022556229829788207
29800,,5693.801300525665,0.14973550528259127,0.7388473224639892,0.04451609849929809,0.023180282115936278
29900,,5699.368678331375,0.042438881429510855,0.7362658774852753,0.04496797800064087,0.02459497094154358
30000,0.92,5705.8084628582,0.2767289572216057,0.7409600245952607,0.04456740617752075,0.027966268062591552