#Best dev accuracy	0.98
#Final-model test accuracy	0.74
#F1	0.9695675971538039
#Accuracy	0.975
i,Accuracy,time,loss,ground_time,compile_time,eval_time
1,0.08,,,,,
10,,21.116498231887817,4.195988820385537,0.10985769271850584,0.005718157291412355,0.014138326644897456
20,,40.88358426094055,1.8072423096167767,0.12064495086669913,0.00629436254501343,0.014549679756164549
30,0.71,60.48852062225342,1.1077696262193826,0.12255352497100831,0.0068582391738891595,0.013628363609313961
40,,72.57487225532532,0.8930444534193753,0.12172955989837644,0.006506912708282471,0.01123077392578125
50,,81.37854790687561,0.8340928142295635,0.12171884536743163,0.006506500244140623,0.010487351417541504
60,0.89,89.72778177261353,0.19008693068159652,0.1207135581970215,0.0068076419830322265,0.010411641597747804
70,,99.46177196502686,0.15313437416366582,0.11958853960037226,0.006525015830993655,0.010273439884185796
80,,107.29832792282104,0.20077118271518596,0.12147159337997437,0.006439259052276609,0.00938450336456299
90,0.93,114.97803664207458,0.4119057035901331,0.12354513168334962,0.006567363739013668,0.009842510223388673
100,,125.82171940803528,0.5923398117821524,0.12228991508483888,0.00645390272140503,0.009795787334442137
110,,133.69470739364624,0.03231539421183187,0.12351835966110225,0.006566069126129151,0.009446976184844972
120,0.88,141.43937706947327,0.9637643780871216,0.11852302789688104,0.006584293842315676,0.009593911170959474
130,,151.46202063560486,0.6952241888262941,0.1200540328025818,0.0067414760589599625,0.00959869146347046
140,,159.16328263282776,0.34380264354496104,0.12540498018264762,0.006537988185882568,0.009582536220550539
150,0.95,167.1262867450714,0.2851372832822828,0.11908503532409664,0.006448152065277099,0.009461448192596434
160,,176.79796481132507,0.5536676677547022,0.11947053194046016,0.006598870754241945,0.009098262786865235
170,,183.9436330795288,0.2953523084507319,0.12333533048629756,0.0067301726341247505,0.009727098941802976
180,0.94,191.4812366962433,0.2985425975856078,0.12162103414535519,0.006336266994476318,0.008824002742767335
190,,201.95361924171448,0.07016134760934654,0.11983007192611697,0.006533665657043457,0.00965653657913208
200,,208.67822241783142,1.1099361665368803,0.11883797407150272,0.00642184019088745,0.008415284156799315
210,0.95,216.19449281692505,0.020444225734507174,0.1258241248130798,0.0066248250007629374,0.009497716426849366
220,,225.98903274536133,0.004688967877024846,0.12152212142944334,0.00699270486831665,0.009534921646118164
230,,232.96400618553162,0.12111841357747,0.1199388861656188,0.0064565372467041025,0.008869016170501707
240,0.9,240.48863673210144,0.37737997465179174,0.1230287623405456,0.006205985546112059,0.008983075618743898
250,,249.5911111831665,0.6032285494656423,0.12168169975280758,0.006212816238403319,0.00847926378250122
260,,256.68605399131775,0.17021368347485225,0.12362104415893552,0.00659692525863647,0.009783935546875
270,0.9,263.62391209602356,0.5139026097184028,0.11935358047485348,0.006848125457763671,0.009599819183349607
280,,273.6349697113037,0.27517448815774365,0.12596582412719726,0.006506614685058592,0.009270582199096686
290,,281.23923778533936,1.0553621460837692,0.11725915670394901,0.0067008638381958014,0.009202251434326174
300,0.94,288.37797927856445,0.21301827211656885,0.1213880610466003,0.00637306213378906,0.008940501213073725
310,,297.49078249931335,0.07326499951518482,0.12358753919601433,0.006443407535552978,0.009050345420837403
320,,303.85296630859375,0.10128025944805448,0.12357822179794313,0.0066383695602417,0.008461122512817384
330,0.92,310.6569676399231,0.7710643911991226,0.11732685089111325,0.00666046142578125,0.009253931045532227
340,,319.57010793685913,0.3165238342558643,0.12223095178604122,0.006479544639587403,0.008530287742614743
350,,326.63318133354187,0.36791952077848683,0.12006286144256587,0.006472980976104737,0.009123573303222658
360,0.9,333.715224981308,0.17265200301557687,0.12226002454757687,0.006654560565948488,0.009478669166564943
370,,342.3793637752533,0.11723692076326912,0.12117547273635865,0.006559493541717523,0.008561749458312987
380,,349.73377227783203,0.3949965576491344,0.12203850746154783,0.006327335834503176,0.009003674983978274
390,0.94,356.1607069969177,0.2954867919574524,0.12107223272323608,0.006694214344024657,0.008776514530181885
400,,365.35433053970337,0.2483487525607134,0.12225514888763427,0.006634299755096436,0.009492413997650146
410,,372.0253005027771,0.2893123760578963,0.12144335031509397,0.006520061492919921,0.008836069107055665
420,0.91,379.7871513366699,0.21775488560875278,0.11875179290771483,0.006512207984924317,0.008880639076232906
430,,389.5871329307556,0.10387257989741452,0.12288451671600345,0.006684236526489258,0.009138958454132083
440,,396.49974727630615,0.23169426347725045,0.1194493865966797,0.006553847789764404,0.008767805099487306
450,0.92,402.7730040550232,0.24867215211466473,0.1240253186225891,0.006478192806243896,0.009041931629180908
460,,411.9330575466156,0.761019124792033,0.11933534860610959,0.006616830825805664,0.008593499660491945
470,,418.42315125465393,0.41265130880385953,0.1188441252708435,0.006974310874938962,0.009250531196594244
480,0.94,425.12120938301086,0.4403932194679928,0.12643525362014768,0.006215140819549561,0.008694369792938233
490,,434.37215971946716,0.49231225072620477,0.11890614271163938,0.006592595577239989,0.009039530754089356
500,,441.5796797275543,0.06664042314815904,0.12800432682037352,0.006628773212432863,0.009016454219818113
510,0.95,448.0080692768097,0.054357570260755037,0.11746455430984493,0.006283390522003174,0.008507163524627681
520,,457.0292046070099,0.026351492778138096,0.12172177553176877,0.006535749435424805,0.008975272178649902
530,,463.55682468414307,0.09912125891674113,0.12129320383071898,0.006548256874084471,0.008767392635345459
540,0.95,470.762503862381,0.7152554795152096,0.12167453289031978,0.006500344276428223,0.009003012180328371
550,,479.81250405311584,0.14180333821442553,0.12473219633102417,0.0068576049804687485,0.009092807769775392
560,,487.4286358356476,1.1299864750335304,0.11664125204086304,0.006379122734069822,0.008855025768280029
570,0.98,495.5998225212097,0.3776714333352858,0.12311265230178829,0.006412744522094725,0.009292850494384764
580,,504.06688499450684,0.14028660134192,0.12389141321182254,0.006796689033508302,0.008665792942047118
590,,511.4752707481384,0.08615324505590652,0.12193581819534302,0.006308124065399169,0.008930819034576414
600,0.96,517.8253645896912,0.11334926571861985,0.11864130496978761,0.006629211902618408,0.009031534194946293
610,,526.9604012966156,0.018206453558386314,0.11968285083770751,0.006174256801605226,0.008365840911865234
620,,533.6894021034241,0.3151210100688907,0.12159539461135864,0.006569440364837644,0.008902127742767333
630,0.92,540.5197653770447,0.10971595214015958,0.12146883964538573,0.006805377006530761,0.009116024971008304
640,,550.3871853351593,0.2101259132118643,0.12312689304351805,0.006446824073791502,0.009196789264678954
650,,557.2946329116821,0.07264345786757492,0.12184349775314327,0.006491849422454836,0.008889267444610594
660,0.97,563.9086194038391,0.19617266744278958,0.11852313995361327,0.006698982715606693,0.008918585777282714
670,,572.5346343517303,0.05490204557588503,0.12352415084838868,0.006579480171203614,0.009276895523071286
680,,578.843008518219,0.15496514167858327,0.11958675146102907,0.00641779899597168,0.008679380416870115
690,0.9,585.5558319091797,0.0965173487092984,0.12434520244598386,0.006634211540222167,0.008927779197692868
700,,595.2197015285492,0.36440130314304603,0.12495823144912721,0.006433212757110597,0.008620920181274413
710,,602.3161811828613,0.4904160146754168,0.11615130901336672,0.00663754940032959,0.008549754619598391
720,0.91,608.9754767417908,0.4304427689416742,0.12331319093704216,0.006644680500030517,0.009172759056091311
730,,618.2604801654816,0.6592020554558641,0.12200474023818968,0.0065562224388122535,0.008520576953887941
740,,624.9520745277405,0.13729373712846132,0.1218969917297363,0.006354162693023682,0.008646209239959717
750,0.97,631.3110971450806,0.055070165028572,0.12045425891876216,0.006702520847320555,0.008811957836151125
760,,640.168553352356,0.16085584336649267,0.12383964538574217,0.006508395671844481,0.008442316055297846
770,,646.7568371295929,0.41340198835965164,0.11723209381103514,0.006651725769042967,0.008863162994384763
780,0.92,653.9244763851166,0.17267564319168038,0.12187362909317015,0.006585385799407956,0.00865102529525757
790,,663.3309373855591,0.162003469091039,0.12289377212524415,0.006195218563079833,0.00873922824859619
800,,670.4346122741699,0.1297526984886622,0.12292697906494139,0.006866557598114014,0.009029991626739503
810,0.9,677.6316819190979,0.9563623762248816,0.120233941078186,0.006555078029632569,0.008835806846618647
820,,687.0282218456268,0.16032624535185863,0.1227323746681214,0.006544156074523926,0.00894941329956055
830,,694.2722730636597,0.04373681967536145,0.12133146762847899,0.006478612422943115,0.009319484233856201
840,0.94,701.5263957977295,0.17008779406639551,0.11865892648696899,0.0066049504280090345,0.009036440849304201
850,,711.7240629196167,0.303593462017321,0.12604112386703484,0.0063476705551147455,0.008760213851928711
860,,718.1627542972565,0.542391096694899,0.12400495767593381,0.006850016117095949,0.008817729949951171
870,0.95,725.8675615787506,0.4482271809878223,0.11618760108947754,0.006311721801757814,0.008995935916900635
880,,735.499532699585,0.6652897346193846,0.12171452045440667,0.0067909312248230005,0.00904346942901611
890,,743.3451693058014,0.41189474943325444,0.12091269016265867,0.0064742231369018565,0.008994681835174557
900,0.87,751.1978805065155,2.329666119263094,0.12195709228515628,0.0063883185386657704,0.00913440704345703
910,,761.029369354248,1.3266011885881457,0.117423734664917,0.0068587207794189465,0.00891032457351685
920,,769.1827414035797,1.6795789838466817,0.1250897097587585,0.0062052917480468735,0.009039947986602785
930,0.9,776.8706889152527,2.9984914554569437,0.11982137680053709,0.00663210391998291,0.008771653175354003
940,,787.2917323112488,1.1032035159820606,0.1254082894325256,0.006592452526092531,0.009229726791381839
950,,794.5560054779053,1.468137048934486,0.12100501537322997,0.006437587738037108,0.008543126583099364
960,0.89,802.905431509018,2.0844816874923113,0.12041044712066651,0.006625733375549313,0.009267110824584961
970,,813.6474843025208,1.6010105765955207,0.12251178979873656,0.006688177585601808,0.008911926746368409
980,,821.4556572437286,2.205593502325912,0.12018774032592767,0.006387603282928464,0.00890495777130127
990,0.84,829.2540829181671,1.8702022516879981,0.1213699412345886,0.00657327651977539,0.009019916057586666
1000,,839.0329825878143,1.2773881158136167,0.12340034961700438,0.006583724021911619,0.008834688663482667
1010,,846.737918138504,2.923131774434791,0.11932026624679562,0.006790416240692142,0.00934130668640137
1020,0.79,853.528591632843,3.081178553813721,0.12188677549362181,0.0062554478645324724,0.008336195945739752
1030,,863.4266612529755,2.7705196783088963,0.12093575716018674,0.006873693466186522,0.009114484786987304
1040,,872.0139434337616,3.8084988074800377,0.12288370370864861,0.006435515880584719,0.008510117530822755
1050,0.65,880.082976102829,5.436430128096218,0.12099965095520018,0.006322979927062988,0.008736729621887214
1060,,890.3136398792267,3.8016342072048017,0.12573911190032955,0.006523451805114748,0.008577053546905519
1070,,898.3112289905548,2.766399907424102,0.11943876981735224,0.006679246425628664,0.009133930206298825
1080,0.8,905.5788681507111,3.472993021900418,0.1192916536331177,0.006444389820098878,0.00882721185684204
1090,,915.2646903991699,2.5546247746720647,0.1164179897308349,0.006462702751159665,0.00885995388031006
1100,,922.5654153823853,2.245148080860348,0.12572926759719844,0.006456832885742188,0.00887122631072998
1110,0.9,930.1765282154083,2.8456648310382695,0.12004464387893674,0.006777093410491942,0.008954508304595944
1120,,940.2766816616058,2.55032936540581,0.12470790386199951,0.006300227642059326,0.00886405229568481
1130,,947.6953496932983,2.3533022839849886,0.12037486553192138,0.006634161472320557,0.008928544521331789
1140,0.87,955.344676733017,2.145237060736855,0.11898611783981321,0.006694397926330567,0.00884288072586059
1150,,964.9487051963806,1.8454901663269303,0.12198649644851686,0.006505572795867919,0.008817706108093262
1160,,972.4207241535187,2.132504362704408,0.12501463174819943,0.006622533798217774,0.00872079372406006
1170,0.86,980.1889164447784,2.5369536690756562,0.11995198726654058,0.006554312705993654,0.008810250759124756
1180,,990.0715656280518,2.0889831247001918,0.11930363893508913,0.006267378330230713,0.008541116714477543
1190,,997.7472743988037,3.8770522483645364,0.12306165456771852,0.0066941618919372555,0.009005708694458006
1200,0.76,1004.8613142967224,2.3648417027063533,0.12221257209777829,0.006663148403167722,0.008880646228790286