#Best dev accuracy	0.8125
#Final-model test accuracy	0.8125
#Coin network accuracy	0.5625
#Colour network accuracy	0.1875
#Ground truth	{1: {'red': 0.3, 'blue': 0.7}, 2: {'red': 0.2, 'green': 0.5, 'blue': 0.3}} coin=0.6
#Learned parameters	[0.5292911838234527, 0.47070881617654725, 0.31204879292041027, 0.2628119836065237, 0.42513922347306604, 0.4368625664833768, 0.5631374335166233]
#F1	0.803076923076923
#Accuracy	0.8125
#Program	coin_ball_ad.pl
i,Accuracy,time,loss,ground_time,compile_time,eval_time
1,0.4375,,,,,
52,0.8125,18.82271385192871,2.997329708475333,0.012964940071105956,0.0064774100597088154,0.02632584755237287
104,0.765625,29.00290012359619,2.711224495791472,0.013278836470383868,0.006780822460467999,0.02538115061246432
156,0.765625,38.939406633377075,2.0411195239195457,0.013216218581566443,0.006587503506587105,0.02324411135453445
208,0.78125,48.95345616340637,1.8207686190994887,0.013175684672135573,0.006654165341303906,0.02403336855081411
260,0.765625,58.07892394065857,2.376015120400832,0.013181080267979558,0.006683181799375091,0.022444198681758006
312,0.796875,65.86273288726807,2.169869658465569,0.013173093245579656,0.006663358211517334,0.0186768834407513
364,0.796875,75.41958141326904,1.602250959437627,0.013171542607820953,0.006696854187892036,0.023518352325146007
416,0.796875,86.32466077804565,1.772151302259702,0.013217427180363587,0.00658423533806434,0.02665494680404662
468,0.734375,95.82394790649414,2.0836802758276463,0.01318400364655714,0.006685760388007536,0.023444022582127504
520,0.734375,105.13173270225525,1.945598585387835,0.013178608050713173,0.006662079921135543,0.02265388323710515
572,0.78125,114.11391592025757,1.643412834749772,0.013187891703385577,0.0067175470865689845,0.022508665231557975
624,0.796875,122.5975353717804,1.5779361297877936,0.013172777799459606,0.0066780493809626695,0.02073578192637516
676,0.78125,130.6183352470398,1.9606044272390695,0.013216095704298738,0.006585221107189471,0.020073612836691054
728,0.765625,140.69700956344604,1.9951388520690112,0.013163775664109447,0.006674294288341814,0.02644754464809712
780,0.796875,150.3178162574768,1.7576920584990428,0.013249599933624262,0.006615877151489259,0.024105741427494908
832,0.78125,162.20821404457092,1.5569628689151545,0.01320884686249953,0.00660587182411781,0.028719500394967918
884,0.796875,172.9969310760498,1.7698192834281004,0.013188016414642324,0.006592016036693867,0.02704886014644918
936,0.796875,182.46091890335083,1.919279726078877,0.013208193962390601,0.006603364761059105,0.02354066188518818
988,0.703125,192.54301142692566,1.8530695028603077,0.013169966294215272,0.006593323670900788,0.025257201378162085
1040,0.75,203.95505356788635,1.7347199856661832,0.01324878747646625,0.006609815817612872,0.028163583462054918