#F1	0.5966158472314101
#Accuracy	0.5718
i,time,loss,Accuracy,F1
100,0.8727121353149414,2.936703100204468,,
200,1.2656526565551758,2.8161579394340515,,
300,1.7757668495178223,2.8672019100189208,,
400,2.384420156478882,2.8375745487213133,,
500,2.9272162914276123,2.837676956653595,,
600,3.42104434967041,2.8478348803520204,,
700,3.95255446434021,2.738241159915924,,
800,4.5737128257751465,2.8384501910209656,,
900,5.349545478820801,2.8103511500358582,,
1000,5.898826837539673,2.799146990776062,0.098,0.012451267056530215
1100,7.163311958312988,2.8140223455429076,,
1200,7.6636693477630615,2.8107001686096194,,
1300,8.168253660202026,2.7911524748802186,,
1400,8.74067997932434,2.79453373670578,,
1500,9.391050815582275,2.7334426975250246,,
1600,9.973956108093262,2.7599535989761352,,
1700,10.63232421875,2.7609203553199766,,
1800,11.065966129302979,2.766569986343384,,
1900,11.45656156539917,2.734779787063599,,
2000,11.934388160705566,2.723121154308319,0.114,0.052793720339753235
2100,13.295746326446533,2.699008960723877,,
2200,14.23785662651062,2.664485502243042,,
2300,15.113802433013916,2.642954649925232,,
2400,15.899513959884644,2.584844306707382,,
2500,16.40278172492981,2.583448474407196,,
2600,16.991802215576172,2.5983429098129274,,
2700,17.69066858291626,2.5941636610031127,,
2800,18.374385356903076,2.4932546162605287,,
2900,18.986525297164917,2.554880738258362,,
3000,19.428852319717407,2.5448170173168183,0.098,0.05851723538832996
3100,21.125196933746338,2.55068320274353,,
3200,21.831239938735962,2.4734868216514587,,
3300,22.466858863830566,2.539066722393036,,
3400,23.216482877731323,2.5116743087768554,,
3500,23.911847591400146,2.484781030416489,,
3600,24.439095973968506,2.4782446146011354,,
3700,25.020443439483643,2.3862618446350097,,
3800,25.628822803497314,2.3855347311496735,,
3900,26.239083290100098,2.461074469089508,,
4000,26.885663270950317,2.4262890625,0.142,0.0775026439987185
4100,28.361582040786743,2.4040709280967714,,
4200,28.958874225616455,2.471178674697876,,
4300,29.35500717163086,2.3505557382106783,,
4400,29.821261882781982,2.3326700150966646,,
4500,30.28575873374939,2.4110517263412476,,
4600,30.853184461593628,2.3968647754192354,,
4700,31.54895782470703,2.3109684526920318,,
4800,32.29232573509216,2.42063823223114,,
4900,32.90067648887634,2.321400555372238,,
5000,33.54048228263855,2.3952490270137785,0.176,0.10672031936332582
5100,34.89008569717407,2.3841028130054474,,
5200,35.38104057312012,2.3928035497665405,,
5300,35.821874380111694,2.352149659395218,,
5400,36.27411150932312,2.347134838104248,,
5500,36.694565296173096,2.3320867395401,,
5600,37.41605615615845,2.3362646567821503,,
5700,38.04386305809021,2.3621811091899874,,
5800,38.67764639854431,2.3183454871177673,,
5900,39.31799364089966,2.2592418563365935,,
6000,39.804877281188965,2.327035428285599,0.17,0.09783937838258397
6100,40.91065430641174,2.3563784337043763,,
6200,41.26551127433777,2.311750121116638,,
6300,41.615394830703735,2.2936718535423277,,
6400,42.05642819404602,2.2954465746879578,,
6500,42.404778242111206,2.28634352684021,,
6600,42.75222396850586,2.2435475647449494,,
6700,43.12193560600281,2.287030495405197,,
6800,43.547160387039185,2.225753378868103,,
6900,43.95297360420227,2.2642256808280945,,
7000,44.37171530723572,2.183762799501419,0.162,0.10315210985412795
7100,45.57535099983215,2.232527309656143,,
7200,46.15365171432495,2.2024824845790865,,
7300,46.578080892562866,2.2496863663196565,,
7400,46.92996788024902,2.109507783651352,,
7500,47.33248448371887,2.228491624593735,,
7600,47.855051040649414,2.2111574387550355,,
7700,48.47753548622131,2.282579878568649,,
7800,49.072214126586914,2.15018416762352,,
7900,49.76134419441223,2.1994023060798646,,
8000,50.26593518257141,2.266625368595123,0.18,0.13437183542783632
8100,51.67752146720886,2.114188356399536,,
8200,52.048911333084106,2.149422813653946,,
8300,52.598374366760254,2.194530519247055,,
8400,53.23879098892212,2.11680114030838,,
8500,53.84038019180298,2.1112599611282348,,
8600,54.45450162887573,2.139074782133102,,
8700,55.08777832984924,2.2417003309726713,,
8800,55.89414119720459,2.2333827948570253,,
8900,56.54906153678894,2.1612310218811035,,
9000,56.94889497756958,2.2286082315444946,0.18,0.1262798069054981
9100,58.455406188964844,2.25157786488533,,
9200,58.84842777252197,2.1583458960056303,,
9300,59.23304581642151,2.089855442047119,,
9400,59.68766403198242,2.17432634472847,,
9500,60.457234382629395,2.0551842641830445,,
9600,60.97752809524536,2.111937516927719,,
9700,61.56749153137207,2.0390931195020676,,
9800,62.06536340713501,2.2136376345157625,,
9900,62.43935418128967,2.106832617521286,,
10000,63.0032696723938,2.1069870042800902,0.23,0.17937331442862026
10100,64.22741866111755,2.099877541065216,,
10200,64.87422752380371,2.0011544048786165,,
10300,65.37109303474426,2.1191867816448213,,
10400,65.8762640953064,2.0532470393180846,,
10500,66.42087078094482,2.071664578914642,,
10600,66.85373497009277,2.093109340667725,,
10700,67.21489715576172,2.0212435960769652,,
10800,67.74967455863953,2.0222428500652314,,
10900,68.27757143974304,2.127820338010788,,
11000,68.87783670425415,2.0659467256069184,0.2,0.15452551531461492
11100,70.20515656471252,2.1015519416332245,,
11200,70.76012086868286,1.9312850481271744,,
11300,71.14618515968323,2.0811974918842315,,
11400,71.51772975921631,2.079176061153412,,
11500,71.97780990600586,2.0564161062240602,,
11600,72.50398111343384,2.093082411289215,,
11700,73.03860139846802,2.1173593389987944,,
11800,73.68255186080933,2.0499901473522186,,
11900,74.56533718109131,2.023782289028168,,
12000,75.17918515205383,2.0138119423389433,0.21,0.16679278367609127
12100,76.2797122001648,2.0791759204864504,,
12200,76.85304164886475,2.030936509370804,,
12300,77.33545899391174,2.0769203686714173,,
12400,77.67149066925049,2.007042934894562,,
12500,78.2611517906189,1.971349023580551,,
12600,78.77591800689697,2.1788699877262117,,
12700,79.31849122047424,1.9827385938167572,,
12800,79.82777070999146,1.9671895456314088,,
12900,80.44951629638672,1.935060322880745,,
13000,81.16784358024597,2.023175449371338,0.26,0.2616429105512735
13100,82.8612654209137,2.018272294998169,,
13200,83.40065789222717,1.9736522960662841,,
13300,84.31061267852783,1.9727308964729309,,
13400,85.06796884536743,2.00972175180912,,
13500,85.65947556495667,1.937175504565239,,
13600,86.30317306518555,1.9731764435768127,,
13700,87.02319598197937,1.9608627074956895,,
13800,87.9442150592804,2.0059943169355394,,
13900,88.39209699630737,2.023768933415413,,
14000,88.77108836174011,1.9938339376449585,0.268,0.2238533584464078
14100,90.11031341552734,1.9989269477128984,,
14200,90.78322863578796,1.8888500028848647,,
14300,91.33278775215149,1.9712366932630538,,
14400,91.79939436912537,2.0531622403860093,,
14500,92.17092633247375,1.9153333008289337,,
14600,92.5456120967865,1.877100259065628,,
14700,93.01904964447021,1.9943239498138428,,
14800,93.57896518707275,2.0054200518131258,,
14900,94.10153079032898,1.9450522702932358,,
15000,94.62832546234131,1.8212448969483375,0.296,0.27103226460790475
15100,95.80349731445312,1.9289780831336976,,
15200,96.30390691757202,1.7924583023786544,,
15300,96.79611301422119,1.8117774599790573,,
15400,97.21852350234985,2.055218297243118,,
15500,97.63710927963257,1.8831312435865402,,
15600,98.02263045310974,1.7969511598348618,,
15700,98.56181502342224,1.9215237361192703,,
15800,99.2988052368164,1.9649375075101851,,
15900,100.06724715232849,1.7790598380565643,,
16000,100.73726534843445,1.7605774080753327,0.308,0.27695085949429216
16100,101.83731245994568,1.976806263923645,,
16200,102.34245181083679,1.8160795763134956,,
16300,102.8804259300232,1.9651468896865845,,
16400,103.3322172164917,1.9225415566563606,,
16500,103.7546112537384,1.8266325694322587,,
16600,104.14866399765015,1.853681052327156,,
16700,104.56053900718689,1.8274196565151215,,
16800,105.17107820510864,1.8697702848911286,,
16900,105.80819296836853,1.8577935409545898,,
17000,106.30048656463623,1.9552076181769371,0.27,0.23204974687926486
17100,107.33489966392517,1.7970954942703248,,
17200,107.80277061462402,1.8171705996990204,,
17300,108.34088277816772,1.7130226975679397,,
17400,108.82326340675354,1.8649555140733718,,
17500,109.33475017547607,1.8629156365990638,,
17600,109.7264175415039,1.7773136311769486,,
17700,110.11080956459045,1.8257059913873672,,
17800,110.63447523117065,1.6740788781642915,,
17900,111.05928754806519,1.817847831249237,,
18000,111.44836664199829,1.8746813869476318,0.3,0.2969781928529389
18100,112.49228620529175,1.907514704465866,,
18200,112.91121411323547,1.8578396755456925,,
18300,113.4307324886322,1.7750346225500107,,
18400,113.98372626304626,1.7100679612159728,,
18500,114.50880432128906,1.776259913444519,,
18600,115.37666606903076,1.8093854838609695,,
18700,116.10379767417908,1.8035702228546142,,
18800,116.4803569316864,1.912795695066452,,
18900,117.00886225700378,1.7731267881393433,,
19000,117.37882781028748,1.8520498621463775,0.338,0.33862807320077604
19100,118.64797687530518,1.6971911144256593,,
19200,119.31132888793945,1.6952466732263565,,
19300,119.84944677352905,1.6132439693808556,,
19400,120.49025988578796,1.7814514017105103,,
19500,120.92793393135071,1.7537479451298714,,
19600,121.49552798271179,1.7257403013110162,,
19700,121.95135045051575,1.7893917602300644,,
19800,122.46684527397156,1.8064726382493972,,
19900,122.98955631256104,1.7968603783845902,,
20000,123.48035001754761,1.9779348653554916,0.378,0.3689714327229206
20100,125.0484848022461,1.6423523926734924,,
20200,125.47220706939697,1.61525565803051,,
20300,125.93260622024536,1.5974651369452477,,
20400,126.67232155799866,1.627646837234497,,
20500,127.46575212478638,1.7560432535409927,,
20600,128.13625168800354,1.8607322973012925,,
20700,128.7162687778473,1.7151053768396378,,
20800,129.33413553237915,1.552425795197487,,
20900,129.91803550720215,1.6396839961409568,,
21000,130.49577283859253,1.691126007437706,0.37,0.34835461608188084
21100,131.77445673942566,1.7286485023796558,,
21200,132.34055590629578,1.7071815764904021,,
21300,132.97638058662415,1.545389201939106,,
21400,133.51611161231995,1.5735595202445984,,
21500,134.17992401123047,1.5054235911369325,,
21600,134.81842160224915,1.5385970056056977,,
21700,135.5986659526825,1.7182059592008592,,
21800,136.1581690311432,1.3929661608114838,,
21900,136.73641324043274,1.6909414958953857,,
22000,137.30284333229065,1.6296805334091187,0.418,0.39873844900586897
22100,139.15979886054993,1.642589122056961,,
22200,139.8558316230774,1.5146998515725136,,
22300,140.6419701576233,1.562945585846901,,
22400,141.59375500679016,1.6260433493554591,,
22500,142.33817100524902,1.5369322299957275,,
22600,142.99863624572754,1.6130302184820176,,
22700,143.52163004875183,1.5192008171975613,,
22800,143.897456407547,1.6404046642780303,,
22900,144.26300835609436,1.5670843496918678,,
23000,144.72914385795593,1.6275101333856583,0.412,0.40687602754881
23100,146.10901498794556,1.6935766270756722,,
23200,146.80302739143372,1.5011280319094658,,
23300,147.40165948867798,1.512984142303467,,
23400,148.1350221633911,1.5008472688496113,,
23500,148.70513892173767,1.564657592177391,,
23600,149.27835631370544,1.5938872355222702,,
23700,150.0411343574524,1.5074923780560494,,
23800,150.8056890964508,1.5677182398736478,,
23900,151.56830620765686,1.5940601728856563,,
24000,152.36421132087708,1.3885759587585926,0.434,0.39817905392151076
24100,154.26304864883423,1.4888482393324376,,
24200,154.82930850982666,1.5220232445001602,,
24300,155.36022686958313,1.581313430070877,,
24400,155.76731061935425,1.4349908285215498,,
24500,156.20197892189026,1.5112540638446808,,
24600,156.6246976852417,1.3545556220412254,,
24700,157.16444659233093,1.705468811392784,,
24800,157.8271222114563,1.4940746700763703,,
24900,158.31208276748657,1.6085102781653404,,
25000,158.70551586151123,1.4293284901976586,0.426,0.4530988469575273
25100,159.8859202861786,1.4520866191387176,,
25200,160.3381905555725,1.4049339897930622,,
25300,160.68978595733643,1.5777021619677543,,
25400,161.0765082836151,1.3432083366811276,,
25500,161.5201690196991,1.51911984577775,,
25600,161.93824791908264,1.4694930040836334,,
25700,162.34015488624573,1.4575813744962216,,
25800,162.7479908466339,1.3194910727441311,,
25900,163.29913020133972,1.454452782869339,,
26000,163.76514291763306,1.4412456999719143,0.482,0.47745444465906833
26100,164.84533095359802,1.479731343537569,,
26200,165.34192848205566,1.2891494028270245,,
26300,165.83434319496155,1.3727107654511927,,
26400,166.36686849594116,1.5081570801138877,,
26500,166.9922595024109,1.3840390220284462,,
26600,167.50368928909302,1.1954904475063086,,
26700,168.13524413108826,1.314930917918682,,
26800,169.0535659790039,1.2664368314296006,,
26900,169.89920687675476,1.264644717797637,,
27000,170.6571524143219,1.3808762613683938,0.462,0.4825769944105006
27100,172.24302458763123,1.4021278455853463,,
27200,172.63921737670898,1.3421555323898793,,
27300,173.14045190811157,1.2227795841544866,,
27400,173.63702392578125,1.4167250846326351,,
27500,174.1733283996582,1.2581337267905475,,
27600,174.64953756332397,1.3997696910053492,,
27700,175.08536911010742,1.3204613454267382,,
27800,175.60458755493164,1.455976903140545,,
27900,176.17028951644897,1.4927113941311836,,
28000,176.84959530830383,1.2311786438152195,0.462,0.45809002378753655
28100,178.11291408538818,1.2898951513320207,,
28200,178.729088306427,1.2044730494916438,,
28300,179.41256523132324,1.2898561477661132,,
28400,180.06957411766052,1.319094289764762,,
28500,180.57119488716125,1.4449695205688478,,
28600,181.1127643585205,1.2231965218484402,,
28700,181.72046446800232,1.1517832256108522,,
28800,182.3549301624298,1.3690917103737592,,
28900,182.97197914123535,1.3162843146920205,,
29000,183.65705680847168,1.2633080588281154,0.504,0.5389200102975619
29100,185.12966561317444,1.2797554325312377,,
29200,185.67529892921448,1.1313320836424827,,
29300,186.20543599128723,1.244336331151426,,
29400,186.7518174648285,1.2897355242818593,,
29500,187.4519248008728,1.2813612066209317,,
29600,187.99948120117188,1.182571970000863,,
29700,188.63929510116577,1.2356580343097447,,
29800,189.13776516914368,1.310132560133934,,
29900,189.81651377677917,1.2262563541159033,,
30000,190.42460989952087,1.3682278438657522,0.546,0.5588560577204715