#{"solver": {"engine": {"type": "ExactEngine"}, "semiring": "GraphSemiring"}, "networks": [{"name": "mnist_net", "module": "MNIST_Net(\n  (softmax): Softmax(dim=1)\n  (encoder): Sequential(\n    (0): Conv2d(1, 6, kernel_size=(5, 5), stride=(1, 1))\n    (1): MaxPool2d(kernel_size=2, stride=2, padding=0, dilation=1, ceil_mode=False)\n    (2): ReLU(inplace=True)\n    (3): Conv2d(6, 16, kernel_size=(5, 5), stride=(1, 1))\n    (4): MaxPool2d(kernel_size=2, stride=2, padding=0, dilation=1, ceil_mode=False)\n    (5): ReLU(inplace=True)\n  )\n  (classifier): Sequential(\n    (0): Linear(in_features=256, out_features=120, bias=True)\n    (1): ReLU()\n    (2): Linear(in_features=120, out_features=84, bias=True)\n    (3): ReLU()\n    (4): Linear(in_features=84, out_features=10, bias=True)\n  )\n)", "optimizer": "Adam (\nParameter Group 0\n    amsgrad: False\n    betas: (0.9, 0.999)\n    capturable: False\n    decoupled_weight_decay: False\n    differentiable: False\n    eps: 1e-08\n    foreach: None\n    fused: None\n    lr: 0.001\n    maximize: False\n    weight_decay: 0\n)", "k": null}], "program": "nn(mnist_net,[X],Y,[0, 1, 2, 3, 4, 5, 6, 7, 8, 9])::digit(X,Y).\nnumber([],Result,Result).\nnumber([H | T],Acc,Result) :- digit(H,Nr), Acc2 is Nr+10*Acc, number(T,Acc2,Result).\nnumber(X,Y) :- number(X,0,Y).\nmulti_addition(X,Y,Z) :- number(X,X2), number(Y,Y2), Z is X2+Y2.\naddition(X,Y,Z) :- digit(X,X2), digit(Y,Y2), Z is X2+Y2.\n"}
#F1	0.9479728015901012
#Accuracy	0.9462
i,Accuracy,F1,time,loss,ground_time,compile_time,eval_time
1,0.1,0.009569377990430622,,,,,
100,,,67.57677555084229,2.766535755395889,0.014298310279846191,0.008503628969192505,0.014234195947647094
200,,,71.79966807365417,2.739847818613052,0.014495078325271606,0.008747156858444214,0.015467650890350342
300,,,76.54214262962341,2.5470599865913393,0.014346750974655152,0.008566893339157104,0.01699910283088684
400,,,80.65214991569519,2.380038006901741,0.014350590705871582,0.008579057455062867,0.015372217893600463
500,,,85.08913493156433,2.0308031293089153,0.014577091932296752,0.008657221794128417,0.016083756685256956
600,,,89.05845141410828,1.651914147529751,0.014443055391311646,0.008702412843704224,0.014571493864059449
700,,,92.36134672164917,1.3438839610223658,0.01460728645324707,0.008806395530700683,0.012473875284194946
800,,,95.74556183815002,0.9653645359445363,0.014329745769500732,0.008584338426589965,0.012667735815048218
900,,,99.05516195297241,0.7299067933856349,0.01448692798614502,0.008835912942886352,0.012213227748870849
1000,0.828,0.8173399044990696,103.31115770339966,0.5864171315317799,0.014547746181488037,0.008767763376235962,0.015211023092269897
1100,,,158.94757056236267,0.5933716271000594,0.014591283798217773,0.00868017554283142,0.01244292140007019
1200,,,162.2413649559021,0.44352424550965225,0.01469523787498474,0.008697354793548584,0.012009798288345338
1300,,,166.50290822982788,0.43298544609513556,0.014656224250793458,0.008972177505493164,0.014785237312316894
1400,,,170.1075656414032,0.478989750856867,0.014539422988891602,0.008756645917892457,0.012633482217788696
1500,,,174.5841362476349,0.5684160082732432,0.014512110948562622,0.008785914182662963,0.01574578881263733
1600,,,177.8765172958374,0.22191846210909716,0.01479546308517456,0.008839290142059326,0.011744740009307862
1700,,,181.75852704048157,0.3624949761887865,0.014572676420211792,0.008775851726531982,0.013729807138442993
1800,,,185.28925728797913,0.5160687342996243,0.014346318244934082,0.008709955215454101,0.012613799571990967
1900,,,188.51860690116882,0.3763572918949417,0.014340963363647461,0.00864896535873413,0.011295335292816162
2000,0.858,0.8559741933022104,192.13720273971558,0.3902285210439368,0.014561039209365845,0.008725619316101075,0.012158111333847046
2100,,,244.24725770950317,0.3831636825572737,0.014549096822738647,0.008572373390197754,0.011609711647033692
2200,,,247.61937046051025,0.46700584888021696,0.014396053552627564,0.008652775287628174,0.011765615940093994
2300,,,250.7440643310547,0.3478386406097202,0.014603716135025025,0.008785457611083984,0.011075329780578614
2400,,,254.19723057746887,0.4138185944477118,0.0145053231716156,0.008746782541275025,0.012436683177947999
2500,,,257.5708062648773,0.18029150490744997,0.014497575759887695,0.008786808252334594,0.011428065299987793
2600,,,260.76329040527344,0.34036104421105856,0.014640319347381591,0.00873705267906189,0.010918593406677246
2700,,,263.808584690094,0.2673552872564528,0.01451367735862732,0.00868956208229065,0.009939934015274049
2800,,,266.5757930278778,0.3182560318166662,0.014406859874725342,0.008713120222091674,0.009750469923019409
2900,,,269.82819533348083,0.26080968887879863,0.014512529373168945,0.008743976354598998,0.011311761140823363
3000,0.886,0.8713094926340792,272.85201239585876,0.29840452722433836,0.014677643775939941,0.008790569305419922,0.010921192169189454
3100,,,321.90852904319763,0.26415600290508745,0.014538654088974,0.008799638748168945,0.010707823038101196
3200,,,324.93015694618225,0.23688975578651367,0.014638254642486572,0.008829061985015868,0.010622859001159668
3300,,,328.1425259113312,0.3186716396826337,0.014389802217483521,0.00860332727432251,0.011433268785476685
3400,,,331.2346966266632,0.20332222067640313,0.014383571147918701,0.008694992065429688,0.010479267835617066
3500,,,333.5691022872925,0.28790987808930046,0.014346647262573241,0.00858742356300354,0.008841757774353027
3600,,,336.3563458919525,0.32798671836748283,0.01455318570137024,0.008811955451965331,0.010001510381698608
3700,,,339.45457005500793,0.34239690209892615,0.014342985153198241,0.008713202476501465,0.011224594116210938
3800,,,342.6780390739441,0.20521063279553753,0.014669212102890015,0.008856117725372314,0.011274434328079223
3900,,,345.69473028182983,0.2568349545492856,0.014411169290542602,0.008670029640197753,0.010700048208236694
4000,0.924,0.9225875619515618,348.8850095272064,0.4414554007734523,0.01460958480834961,0.00879269003868103,0.011261670589447022
4100,,,401.60527777671814,0.16042969940700413,0.014447137117385864,0.008724242448806763,0.010696853399276734
4200,,,404.9964063167572,0.28810812956609216,0.014369385242462158,0.008779587745666504,0.011381014585494995
4300,,,407.9315257072449,0.2120145920258369,0.014530402421951295,0.008738794326782227,0.010388189554214477
4400,,,411.0164339542389,0.4380803810642851,0.014440207481384278,0.008841218948364258,0.010679744482040406
4500,,,414.3584578037262,0.24424711272270042,0.014626600742340089,0.00879474639892578,0.012046536207199096
4600,,,417.84736037254333,0.22804608785387606,0.01431917905807495,0.008567042350769043,0.012521405220031739
4700,,,420.9008843898773,0.18639415463484377,0.014495671987533569,0.008644708395004273,0.010387945175170898
4800,,,424.53394508361816,0.16421167194269354,0.014593744277954101,0.00869553565979004,0.012195779085159302
4900,,,428.17211389541626,0.2828459414252802,0.014468328952789307,0.00878750205039978,0.01234729528427124
5000,0.932,0.9255519407486203,431.21725702285767,0.09908684470124764,0.014581311941146851,0.008753262758255005,0.010398290157318114
5100,,,479.1033215522766,0.289281021777459,0.014361740350723266,0.008650389909744262,0.010628972053527832
5200,,,482.33613419532776,0.21405107186031683,0.01450700044631958,0.008742399215698242,0.01129356861114502
5300,,,485.75292015075684,0.15907907729815815,0.014336047172546386,0.008730752468109131,0.01214127779006958
5400,,,488.56827998161316,0.11875152845977482,0.014489279985427856,0.008687336444854737,0.009860719442367554
5500,,,491.0852584838867,0.1800463701978869,0.014821341037750244,0.00885430932044983,0.009011547565460205
5600,,,493.6704168319702,0.21764471982737907,0.014494359493255615,0.008686047792434693,0.009399685859680176
5700,,,496.7304503917694,0.29313867295632196,0.01460668683052063,0.008689064979553223,0.010903433561325074
5800,,,499.5148854255676,0.13715348937866753,0.014580497741699219,0.008770624399185181,0.009653111696243286
5900,,,501.98663234710693,0.08587117347478763,0.0142910635471344,0.008695986270904541,0.009009644985198975
6000,0.936,0.9223957878217457,505.06580090522766,0.2706391288898899,0.014669477939605713,0.008767081499099732,0.010476645231246948
6100,,,557.8784699440002,0.07162285913831444,0.014537971019744873,0.008608030080795288,0.012531037330627442
6200,,,562.0447664260864,0.1437478235725089,0.014510974884033204,0.00870572566986084,0.013785446882247926
6300,,,565.1115024089813,0.2378158090512916,0.014399846792221069,0.008687349557876587,0.010528861284255982
6400,,,568.3119869232178,0.1480536403926886,0.014522092342376709,0.008671637773513794,0.010778276920318604
6500,,,571.6504004001617,0.2495522335856117,0.014550155401229859,0.008752095699310302,0.011467986106872559
6600,,,574.7332489490509,0.12523138626545946,0.01455550193786621,0.008744094371795654,0.010518029928207398
6700,,,578.4934780597687,0.5098697251407921,0.014425063133239746,0.008701229095458984,0.012648550271987915
6800,,,583.2436721324921,0.22145959831889742,0.014459092617034913,0.008660413026809692,0.016102131605148316
6900,,,586.885883808136,0.1626034676473223,0.014538781642913818,0.008757317066192627,0.012579658031463624
7000,0.95,0.941237347446512,591.5894215106964,0.16117996153390277,0.014564369916915893,0.00876448631286621,0.015442684888839722
7100,,,647.0078954696655,0.15987454738158913,0.0144905686378479,0.008647220134735107,0.012848345041275024
7200,,,651.214825630188,0.36083903907403014,0.014362788200378418,0.008602774143218994,0.013938837051391602
7300,,,656.0974860191345,0.10933097024441349,0.014589327573776244,0.00875311017036438,0.016111305952072143
7400,,,660.3247151374817,0.18132482393765348,0.014606832265853882,0.008725756406784057,0.013520421981811524
7500,,,664.3051927089691,0.20077278710699897,0.014550408124923706,0.008819193840026855,0.012893081903457641
7600,,,668.3527724742889,0.14010662718225264,0.01484378457069397,0.008926196098327637,0.01235048770904541
7700,,,672.742781162262,0.23887790058541664,0.014322235584259033,0.008709540367126465,0.014004120826721192
7800,,,676.9073300361633,0.21504235151968576,0.014680602550506593,0.00873564839363098,0.013384708166122437
7900,,,680.7601079940796,0.12082339518050848,0.014529623985290528,0.008651665449142455,0.012495325803756714
8000,0.92,0.9117618241940153,684.2058305740356,0.2600156951973385,0.01452348828315735,0.008827674388885497,0.011225430965423585
8100,,,738.3314940929413,0.2208325075877028,0.014466731548309327,0.00873708724975586,0.012162567377090453
8200,,,741.6777529716492,0.17755333124736533,0.014368025064468383,0.008749569654464722,0.01106129765510559
8300,,,745.2831513881683,0.13194993136956965,0.014370388984680176,0.008714568614959717,0.01205703616142273
8400,,,749.2081172466278,0.21514174203084122,0.014348257780075074,0.00855733871459961,0.013288278579711914
8500,,,753.3550758361816,0.09638406661448608,0.014426722526550292,0.008754299879074097,0.014026850461959839
8600,,,756.392421245575,0.05112379406913761,0.014573551416397094,0.008832156658172607,0.010352991819381714
8700,,,760.0535111427307,0.2350456106583939,0.014308427572250365,0.008656760454177856,0.012459104061126708
8800,,,764.1870152950287,0.17918348306615495,0.014404007196426392,0.008631947040557862,0.01389172077178955
8900,,,768.0397529602051,0.21938581887095093,0.014389357566833495,0.008681117296218873,0.012877190113067627
9000,0.94,0.9331914307891159,771.4793128967285,0.1499886782937635,0.014900200366973877,0.008839563131332398,0.011671277284622193
9100,,,828.1146819591522,0.15544426926237973,0.014655730724334716,0.008792425394058228,0.012210500240325928
9200,,,831.5771007537842,0.1611236199747139,0.014553135633468628,0.008729403018951415,0.01149377703666687
9300,,,833.8863046169281,0.261600775263747,0.014475436210632324,0.008766149282455444,0.008352985382080078
9400,,,836.2394740581512,0.22868538473185918,0.014455513954162598,0.00861122488975525,0.00841450572013855
9500,,,838.8137323856354,0.18515187261980778,0.014650613069534302,0.008748641014099121,0.009061483144760131
9600,,,841.3598959445953,0.1154807528709457,0.014449174404144288,0.00880542278289795,0.009133670330047607
9700,,,844.0220432281494,0.21776430610689382,0.014614441394805909,0.008767054080963135,0.009352113008499146
9800,,,846.4650640487671,0.11233335971225157,0.01436668038368225,0.008646341562271119,0.008493944406509399
9900,,,849.0418658256531,0.2932947097871115,0.014577336311340332,0.008721051216125488,0.009076836109161377
10000,0.938,0.9281149323278154,851.698569059372,0.19236347256595032,0.014534422159194947,0.008703906536102295,0.009120380878448487
10100,,,891.2266054153442,0.1831850912302598,0.014645727872848511,0.008699526786804199,0.009388751983642578
10200,,,894.090752363205,0.2054002231168104,0.01446075439453125,0.008697936534881592,0.009734472036361694
10300,,,896.8910942077637,0.19644784701036436,0.014526677131652833,0.008685014247894286,0.009712820053100585
10400,,,900.092702627182,0.28100553119188115,0.014483668804168702,0.008684910535812378,0.011382975578308106
10500,,,903.9140689373016,0.16785617454703736,0.014569493532180787,0.008712890148162842,0.013118695020675659
10600,,,907.1344375610352,0.17650383380718584,0.014514789581298829,0.008695577383041381,0.011192240715026856
10700,,,910.2516705989838,0.30251632017857333,0.014517947435379028,0.008713819980621339,0.010810674428939819
10800,,,913.6089355945587,0.2913004475974258,0.014488186836242676,0.008682224750518799,0.011610847711563111
10900,,,916.7126665115356,0.12370011045875799,0.014471189975738525,0.008607662916183471,0.010641465187072754
11000,0.956,0.9464271886408471,920.0929379463196,0.1419021271183238,0.014567105770111085,0.008856531381607056,0.01149872899055481
11100,,,966.9819145202637,0.17374442766582449,0.014818648099899292,0.00880580186843872,0.010483378171920776
11200,,,970.0819978713989,0.1200989246404549,0.01458429455757141,0.008763240575790405,0.010690329074859619
11300,,,974.1607851982117,0.18829973819297036,0.014303792715072632,0.008632992506027221,0.013443104028701781
11400,,,977.8520166873932,0.16687965385867642,0.014799641370773315,0.0088270902633667,0.011646183729171753
11500,,,981.2312753200531,0.18487353667894474,0.014736846685409546,0.00884234070777893,0.011206055879592896
11600,,,984.6738195419312,0.33658987848107286,0.01451431393623352,0.008597753047943114,0.011446423530578613
11700,,,987.3115496635437,0.14460469829841213,0.014326523542404174,0.008610007762908935,0.009500547647476196
11800,,,990.1468584537506,0.1541284001553895,0.01462927222251892,0.008712164163589477,0.009817758798599243
11900,,,993.7516758441925,0.288387734224746,0.014569344520568848,0.008734192848205567,0.012613675594329833
12000,0.94,0.9307157437756469,997.3024463653564,0.21647838459436886,0.01463722825050354,0.008683850765228271,0.011937600374221802
12100,,,1049.0626785755157,0.13172669137600038,0.014707834720611572,0.008736757040023803,0.01058267116546631
12200,,,1051.985011100769,0.06410558791291049,0.014569921493530274,0.008676190376281739,0.009475173950195313
12300,,,1055.1703968048096,0.42976504379844443,0.014477714300155639,0.008716244697570801,0.010799448490142822
12400,,,1058.5086679458618,0.2458953993239156,0.014550137519836425,0.008805423974990845,0.011296143531799316
12500,,,1061.631588935852,0.14636779204744652,0.014535969495773316,0.008789354562759399,0.01067849040031433
12600,,,1064.6014177799225,0.21203647333208303,0.014467613697052002,0.00873150110244751,0.00996155858039856
12700,,,1068.3323466777802,0.1943280156732844,0.01454649567604065,0.008638381958007812,0.012299779653549194
12800,,,1071.0583317279816,0.082350126385305,0.014662408828735351,0.008819087743759155,0.00925665259361267
12900,,,1073.9054825305939,0.12410991528092748,0.014412622451782226,0.0086815345287323,0.009630913734436036
13000,0.964,0.9641142612277792,1076.8591146469116,0.1449284483411734,0.014347221851348877,0.008668625354766845,0.010025781393051148
13100,,,1123.2617454528809,0.21594038906577795,0.014634876251220704,0.008757119178771972,0.01341103196144104
13200,,,1126.355140209198,0.07501725321662209,0.014488041400909424,0.008745081424713134,0.010550004243850709
13300,,,1129.5651228427887,0.25709617296712783,0.014367014169692993,0.008603272438049316,0.010678482055664063
13400,,,1132.5725955963135,0.19455601587011823,0.014601763486862183,0.008809547424316406,0.010339726209640503
13500,,,1135.4478223323822,0.16394380678272047,0.0143852698802948,0.008732184171676635,0.009868876934051514
13600,,,1138.3828270435333,0.1414566054044667,0.014546823501586915,0.008740602731704713,0.009959514141082764
13700,,,1140.9687039852142,0.14436900225776753,0.014284237623214721,0.008652926683425903,0.009007244110107422
13800,,,1143.5294258594513,0.11399845087585338,0.014454091787338258,0.008623942136764526,0.00914093017578125
13900,,,1146.5156185626984,0.17559216556217502,0.014628127813339234,0.008838708400726319,0.010259069204330444
14000,0.95,0.9522139319545196,1149.6639168262482,0.15980318163248053,0.014344274997711182,0.008667514324188233,0.01063466191291809
14100,,,1195.0345585346222,0.12662775137312884,0.014331271648406982,0.008690996170043945,0.010115535259246826
14200,,,1197.8139264583588,0.13846557906475634,0.01456151008605957,0.008720412254333496,0.009821796417236328
14300,,,1201.2541344165802,0.14729501009713844,0.014466830492019654,0.008649194240570068,0.011058317422866821
14400,,,1204.1383829116821,0.18508526816344945,0.014383885860443115,0.008692275285720825,0.009673287868499756
14500,,,1207.4903399944305,0.19230443289346585,0.014504237174987793,0.008688877820968628,0.010739244222640991
14600,,,1210.6643011569977,0.06357248336919427,0.014752287864685059,0.008763635158538818,0.010955206155776977
14700,,,1213.6224703788757,0.04001792094685285,0.014552634954452515,0.008781603574752807,0.009731473922729493
14800,,,1216.6076776981354,0.03226894842611811,0.014445874691009521,0.00862272024154663,0.009480433464050293
14900,,,1219.2565937042236,0.042301660184576324,0.014606648683547973,0.008627346754074096,0.00881956696510315
15000,0.948,0.9284447226076369,1221.9376232624054,0.3820535313819961,0.014637583494186401,0.008639507293701172,0.009087327718734741
15100,,,1261.8875839710236,0.1290363911091777,0.014436006546020508,0.008590950965881347,0.010861574411392213
15200,,,1264.7800419330597,0.2269061201182194,0.014495078325271606,0.008747156858444214,0.009847474098205567
15300,,,1267.917409658432,0.14475535055477434,0.014346750974655152,0.008566893339157104,0.010529357194900512
15400,,,1270.4966387748718,0.15582942380097664,0.014350590705871582,0.008579057455062867,0.008987221717834473
15500,,,1273.2194299697876,0.1853623078724744,0.014577091932296752,0.008657221794128417,0.009344462156295776
15600,,,1276.2682111263275,0.1064129711246946,0.014443055391311646,0.008702412843704224,0.009801628589630127
15700,,,1279.2365272045135,0.20741558291559317,0.01460728645324707,0.008806395530700683,0.009770286083221436
15800,,,1282.281901359558,0.09168721160819676,0.014329745769500732,0.008584338426589965,0.01009765625
15900,,,1285.7179086208344,0.09536477260825676,0.01448692798614502,0.008835912942886352,0.01099172830581665
16000,0.954,0.9339050496569259,1288.6072664260864,0.18383133946573127,0.014547746181488037,0.008767763376235962,0.009561938047409058
16100,,,1332.1082744598389,0.12209159291050739,0.014591283798217773,0.00868017554283142,0.010054711103439331
16200,,,1334.6751413345337,0.10361328075888247,0.01469523787498474,0.008697354793548584,0.0088548481464386
16300,,,1337.6013379096985,0.10674930953187346,0.014656224250793458,0.008972177505493164,0.00977708339691162
16400,,,1340.4472427368164,0.23184302592108844,0.014539422988891602,0.008756645917892457,0.009396985769271851
16500,,,1343.076105594635,0.22697756847453196,0.014512110948562622,0.008785914182662963,0.008851721286773681
16600,,,1346.2107450962067,0.07197400061095667,0.01479546308517456,0.008839290142059326,0.009947460889816285
16700,,,1348.8526561260223,0.13190312931444648,0.014572676420211792,0.008775851726531982,0.008886700868606568
16800,,,1351.8833315372467,0.23009982851833224,0.014346318244934082,0.008709955215454101,0.010369415283203126
16900,,,1354.9628739356995,0.16928632781597888,0.014340963363647461,0.00864896535873413,0.010323556661605835
17000,0.966,0.9615650156033851,1358.3058619499207,0.3090247392777458,0.014561039209365845,0.008725619316101075,0.010636900663375854
17100,,,1400.975068807602,0.15405133836388138,0.014549096822738647,0.008572373390197754,0.010020051002502441
17200,,,1404.059391260147,0.18203590311566628,0.014396053552627564,0.008652775287628174,0.01047755241394043
17300,,,1407.1364510059357,0.1209151498005427,0.014603716135025025,0.008785457611083984,0.010240874290466308
17400,,,1410.2852058410645,0.21828121420805469,0.0145053231716156,0.008746782541275025,0.010386700630187989
17500,,,1413.2265253067017,0.04470567029727163,0.014497575759887695,0.008786808252334594,0.009564522504806518
17600,,,1416.4626276493073,0.12128330394719936,0.014640319347381591,0.00873705267906189,0.01054937243461609
17700,,,1419.5165812969208,0.07397395986476757,0.01451367735862732,0.00868956208229065,0.00968774914741516
17800,,,1422.7697525024414,0.19410502798651705,0.014406859874725342,0.008713120222091674,0.01048723578453064
17900,,,1425.2600033283234,0.13540562291098848,0.014512529373168945,0.008743976354598998,0.008542218208312989
18000,0.924,0.9062139233763811,1427.7051837444305,0.17423628390495238,0.014677643775939941,0.008790569305419922,0.008441028594970703
18100,,,1466.9463365077972,0.18248441085549894,0.014538654088974,0.008799638748168945,0.010776257514953614
18200,,,1469.9442691802979,0.049514297797386,0.014638254642486572,0.008829061985015868,0.009998018741607667
18300,,,1472.2566809654236,0.13481068027004767,0.014389802217483521,0.00860332727432251,0.00835512638092041
18400,,,1474.774654865265,0.08222226618108681,0.014383571147918701,0.008694992065429688,0.008314241170883179
18500,,,1477.617743730545,0.13643209226441108,0.014346647262573241,0.00858742356300354,0.009277839660644532
18600,,,1480.2315425872803,0.20302976169822315,0.01455318570137024,0.008811955451965331,0.00884800910949707
18700,,,1483.2460267543793,0.17644526696186122,0.014342985153198241,0.008713202476501465,0.009876189231872558
18800,,,1485.761616230011,0.06846810204877929,0.014669212102890015,0.008856117725372314,0.008576756715774536
18900,,,1488.5418181419373,0.08049621811738518,0.014411169290542602,0.008670029640197753,0.009381558895111084
19000,0.94,0.9268592509357392,1491.573834180832,0.15778077307050192,0.01460958480834961,0.00879269003868103,0.009928380250930785
19100,,,1527.9402458667755,0.08625442491953454,0.014447137117385864,0.008724242448806763,0.007638499736785888
19200,,,1530.188169002533,0.12454746472768331,0.014369385242462158,0.008779587745666504,0.007879945039749146
19300,,,1532.6069917678833,0.15450017961841453,0.014530402421951295,0.008738794326782227,0.008385950326919555
19400,,,1534.955232143402,0.24199163839378038,0.014440207481384278,0.008841218948364258,0.008080945014953614
19500,,,1537.2620012760162,0.11497347364964718,0.014626600742340089,0.00879474639892578,0.008309487104415893
19600,,,1539.5431125164032,0.17348717334464162,0.01431917905807495,0.008567042350769043,0.008187512159347534
19700,,,1541.8367958068848,0.09190300644831652,0.014495671987533569,0.008644708395004273,0.008044207096099853
19800,,,1543.8451154232025,0.05320530293798816,0.014593744277954101,0.00869553565979004,0.007172137498855591
19900,,,1545.9939503669739,0.13320363278802966,0.014468328952789307,0.00878750205039978,0.007572824954986572
20000,0.97,0.9670263460572528,1548.05025100708,0.047379318017581794,0.014581311941146851,0.008753262758255005,0.007405772209167481
20100,,,1581.7169020175934,0.1837391495682467,0.014361740350723266,0.008650389909744262,0.007671961784362793
20200,,,1583.80451130867,0.19056862437583993,0.01450700044631958,0.008742399215698242,0.007476671934127808
20300,,,1586.0064969062805,0.06539812993648518,0.014336047172546386,0.008730752468109131,0.007845823764801025
20400,,,1588.211929321289,0.046386020554416346,0.014489279985427856,0.008687336444854737,0.00783608078956604
20500,,,1590.330235004425,0.0974920743103608,0.014821341037750244,0.00885430932044983,0.007462872266769409
20600,,,1592.627426147461,0.07592563814584756,0.014494359493255615,0.008686047792434693,0.007948956489562987
20700,,,1595.0942106246948,0.16241611748136273,0.01460668683052063,0.008689064979553223,0.008621830940246582
20800,,,1597.73996591568,0.11342958054884261,0.014580497741699219,0.008770624399185181,0.008946285247802735
20900,,,1599.9509000778198,0.09477124786346995,0.0142910635471344,0.008695986270904541,0.0078077614307403564
21000,0.968,0.9697915442222541,1601.9327328205109,0.1618235400128434,0.014669477939605713,0.008767081499099732,0.007206873893737793
21100,,,1635.55894613266,0.0800106967020318,0.014537971019744873,0.008608030080795288,0.00797775387763977
21200,,,1637.728178024292,0.14121429988592776,0.014510974884033204,0.00870572566986084,0.0076815557479858396
21300,,,1639.9732921123505,0.12517236971510387,0.014399846792221069,0.008687349557876587,0.007842996120452882
21400,,,1642.2669970989227,0.10857354635615021,0.014522092342376709,0.008671637773513794,0.00784389853477478
21500,,,1644.7869057655334,0.16977137874138168,0.014550155401229859,0.008752095699310302,0.008617076873779297
21600,,,1647.2048695087433,0.09820604515092497,0.01455550193786621,0.008744094371795654,0.00844373345375061
21700,,,1649.9264636039734,0.2549382134882442,0.014425063133239746,0.008701229095458984,0.009416927099227906
21800,,,1652.413761138916,0.12808212641407546,0.014459092617034913,0.008660413026809692,0.008776447772979735
21900,,,1654.6470289230347,0.15362258719262123,0.014538781642913818,0.008757317066192627,0.007765847444534302
22000,0.942,0.9320497105925807,1656.6908900737762,0.05757341222876223,0.014564369916915893,0.00876448631286621,0.0072738778591156005
22100,,,1691.1811866760254,0.105034100522949,0.0144905686378479,0.008647220134735107,0.007917531728744508
22200,,,1693.3535785675049,0.22235417007095382,0.014362788200378418,0.008602774143218994,0.007763800621032715
22300,,,1695.7489957809448,0.08298169954667159,0.014589327573776244,0.00875311017036438,0.008504364490509033
22400,,,1698.083663702011,0.053851704966306924,0.014606832265853882,0.008725756406784057,0.008029532432556153
22500,,,1700.3863892555237,0.14341330527641305,0.014550408124923706,0.008819193840026855,0.008184299468994141
22600,,,1702.6640584468842,0.07284297852816288,0.01484378457069397,0.008926196098327637,0.0077949070930480955
22700,,,1704.9117431640625,0.2214409200291414,0.014322235584259033,0.008709540367126465,0.007911925315856933
22800,,,1707.3415853977203,0.0948527314774277,0.014680602550506593,0.00873564839363098,0.008284552097320557
22900,,,1709.4098188877106,0.12933411671411563,0.014529623985290528,0.008651665449142455,0.007294043302536011
23000,0.96,0.9545732509188614,1711.6422548294067,0.1841777954680227,0.01452348828315735,0.008827674388885497,0.007820955514907836
23100,,,1743.4295666217804,0.16229788258165354,0.014466731548309327,0.00873708724975586,0.0073562729358673095
23200,,,1745.553646326065,0.0951793307114713,0.014368025064468383,0.008749569654464722,0.0077552330493927
23300,,,1747.8226642608643,0.038072039100670675,0.014370388984680176,0.008714568614959717,0.00786999225616455
23400,,,1750.1478815078735,0.08575056729583402,0.014348257780075074,0.00855733871459961,0.007946401834487915
23500,,,1752.6422426700592,0.04559595567580482,0.014426722526550292,0.008754299879074097,0.008418372869491576
23600,,,1755.154507637024,0.023540141661294617,0.014573551416397094,0.008832156658172607,0.00841042160987854
23700,,,1757.3043763637543,0.16165357839579653,0.014308427572250365,0.008656760454177856,0.0075526368618011475
23800,,,1759.4598388671875,0.10208451548825145,0.014404007196426392,0.008631947040557862,0.007508399486541748
23900,,,1761.5536470413208,0.29633147433629675,0.014389357566833495,0.008681117296218873,0.007291300296783447
24000,0.966,0.9711615565246299,1763.7611696720123,0.14646233338750783,0.014900200366973877,0.008839563131332398,0.007585378885269165
24100,,,1800.836842060089,0.04305638728883095,0.014655730724334716,0.008792425394058228,0.008242357969284058
24200,,,1803.2330486774445,0.17092726787108384,0.014553135633468628,0.008729403018951415,0.008242402076721191
24300,,,1805.965187072754,0.09703884931510214,0.014475436210632324,0.008766149282455444,0.0090665864944458
24400,,,1808.276640176773,0.1148187387272538,0.014455513954162598,0.00861122488975525,0.007928215265274048
24500,,,1810.4965116977692,0.12458901352009798,0.014650613069534302,0.008748641014099121,0.007651940584182739
24600,,,1813.0750801563263,0.09664163687533214,0.014449174404144288,0.00880542278289795,0.008520131111145019
24700,,,1815.895635843277,0.18258522365961338,0.014614441394805909,0.008767054080963135,0.009321157932281493
24800,,,1818.4055426120758,0.10177099224101269,0.01436668038368225,0.008646341562271119,0.008363170623779297
24900,,,1820.7356033325195,0.18636424125903517,0.014577336311340332,0.008721051216125488,0.008218997716903686
25000,0.948,0.9385677182406654,1822.812611579895,0.10268120896148591,0.014534422159194947,0.008703906536102295,0.007395510673522949
25100,,,1855.7777650356293,0.1989367531580411,0.014645727872848511,0.008699526786804199,0.007233893871307373
25200,,,1858.3830575942993,0.10206577143652833,0.01446075439453125,0.008697936534881592,0.008459429740905761
25300,,,1861.193753004074,0.22211975037441106,0.014526677131652833,0.008685014247894286,0.009261281490325927
25400,,,1863.7847197055817,0.1430625195061611,0.014483668804168702,0.008684910535812378,0.008944616317749024
25500,,,1866.2299823760986,0.1080769295325631,0.014569493532180787,0.008712890148162842,0.008227148056030274
25600,,,1868.7788031101227,0.14284861058450818,0.014514789581298829,0.008695577383041381,0.008738455772399902
25700,,,1871.3981969356537,0.13290167385523838,0.014517947435379028,0.008713819980621339,0.009119848012924195
25800,,,1873.9618878364563,0.24087346094736337,0.014488186836242676,0.008682224750518799,0.008826621770858765
25900,,,1876.5234882831573,0.20179054485551529,0.014471189975738525,0.008607662916183471,0.008836798667907715
26000,0.954,0.9451897705429916,1878.9160695075989,0.11109623216568913,0.014567105770111085,0.008856531381607056,0.008122596740722656
26100,,,1912.6269900798798,0.09414494166079951,0.014818648099899292,0.00880580186843872,0.008742910623550416
26200,,,1914.9488894939423,0.09177358320957865,0.01458429455757141,0.008763240575790405,0.007861945629119873
26300,,,1917.317137479782,0.145792639880024,0.014303792715072632,0.008632992506027221,0.008007415533065797
26400,,,1919.8571734428406,0.09161945628773821,0.014799641370773315,0.0088270902633667,0.008645676374435425
26500,,,1922.6804873943329,0.17258396031472106,0.014736846685409546,0.00884234070777893,0.009443004131317139
26600,,,1925.5924663543701,0.19464132559042396,0.01451431393623352,0.008597753047943114,0.009589682817459106
26700,,,1928.2680079936981,0.06516984606884216,0.014326523542404174,0.008610007762908935,0.008904681205749512
26800,,,1930.6779141426086,0.06649739260738365,0.01462927222251892,0.008712164163589477,0.007974292039871217
26900,,,1933.4444255828857,0.24143217518654,0.014569344520568848,0.008734192848205567,0.009307836294174194
27000,0.954,0.936063197397837,1935.9302160739899,0.15299693371293316,0.01463722825050354,0.008683850765228271,0.008550578355789184
27100,,,1974.4444556236267,0.11123871251576231,0.014707834720611572,0.008736757040023803,0.008856091499328613
27200,,,1976.9141111373901,0.03257341311561051,0.014569921493530274,0.008676190376281739,0.008252811431884766
27300,,,1979.7501385211945,0.36620644593569635,0.014477714300155639,0.008716244697570801,0.009472702741622924
27400,,,1982.2711873054504,0.17039033217368416,0.014550137519836425,0.008805423974990845,0.008591095209121704
27500,,,1984.8414888381958,0.15700365259173896,0.014535969495773316,0.008789354562759399,0.00871041178703308
27600,,,1987.3088421821594,0.24750841890740422,0.014467613697052002,0.00873150110244751,0.00838376760482788
27700,,,1990.0455088615417,0.09622557122788049,0.01454649567604065,0.008638381958007812,0.009029321670532227
27800,,,1992.2995858192444,0.06996009473464514,0.014662408828735351,0.008819087743759155,0.007881433963775634
27900,,,1994.7554759979248,0.154505428076348,0.014412622451782226,0.0086815345287323,0.008197931051254272
28000,0.956,0.9534282092558362,1996.9371585845947,0.0981336488592877,0.014347221851348877,0.008668625354766845,0.007622957229614258
28100,,,2031.3238127231598,0.10584732781343163,0.014634876251220704,0.008757119178771972,0.00880995512008667
28200,,,2033.6840047836304,0.07365850565179025,0.014488041400909424,0.008745081424713134,0.008174868822097779
28300,,,2036.3799185752869,0.1451937878515911,0.014367014169692993,0.008603272438049316,0.008980417251586914
28400,,,2038.8870675563812,0.11658357358615831,0.014601763486862183,0.008809547424316406,0.008335896730422974
28500,,,2041.1031620502472,0.09250795107317977,0.0143852698802948,0.008732184171676635,0.007814881801605224
28600,,,2043.6156940460205,0.10370446260876771,0.014546823501586915,0.008740602731704713,0.008613888025283813
28700,,,2046.203097820282,0.0818571616840132,0.014284237623214721,0.008652926683425903,0.00869773268699646
28800,,,2048.516021966934,0.02709407096376995,0.014454091787338258,0.008623942136764526,0.008035240173339843
28900,,,2050.8258094787598,0.0667816354105194,0.014628127813339234,0.008838708400726319,0.007827680110931396
29000,0.94,0.9362309489972254,2053.4484877586365,0.13030425462980805,0.014344274997711182,0.008667514324188233,0.008857208490371703
29100,,,2089.073095560074,0.06791212758787786,0.014331271648406982,0.008690996170043945,0.008112136125564575
29200,,,2091.472517967224,0.10037350808899066,0.01456151008605957,0.008720412254333496,0.008104394674301147
29300,,,2094.1325647830963,0.10084769846111584,0.014466830492019654,0.008649194240570068,0.008734233379364013
29400,,,2096.674434185028,0.12195828113084037,0.014383885860443115,0.008692275285720825,0.008494398593902587
29500,,,2099.4234368801117,0.11296287026072767,0.014504237174987793,0.008688877820968628,0.008983199596405029
29600,,,2101.831106901169,0.08781438890093834,0.014752287864685059,0.008763635158538818,0.008184529542922973
29700,,,2104.046552658081,0.030119300388657885,0.014552634954452515,0.008781603574752807,0.007740370035171509
29800,,,2105.949198246002,0.011272631094545264,0.014445874691009521,0.00862272024154663,0.006765143871307373
29900,,,2108.02854514122,0.016780893025522704,0.014606648683547973,0.008627346754074096,0.007350826263427734
30000,0.936,0.9276999953357028,2110.2903780937195,0.29072931754919695,0.014637583494186401,0.008639507293701172,0.007677483558654785